Archive member included because of file (symbol)

./miosix/libmiosix.a(kernel.o)
                              FlashDriver.o (_ZN6miosix17disableInterruptsEv)
./miosix/libmiosix.a(error.o)
                              ./miosix/libmiosix.a(kernel.o) (_ZN6miosix12errorHandlerENS_5ErrorE)
./miosix/libmiosix.a(stage_2_boot.o)
                              miosix/arch/cortexM4_stm32f4/stm32f407vg_stm32f4discovery/core/stage_1_boot.o (_init)
./miosix/libmiosix.a(syscalls.o)
                              FlashDriver.o (__cxa_guard_acquire)
./miosix/libmiosix.a(priority_scheduler.o)
                              ./miosix/libmiosix.a(kernel.o) (_ZN6miosix17PriorityScheduler11PKaddThreadEPNS_6ThreadENS_25PrioritySchedulerPriorityE)
./miosix/libmiosix.a(util.o)  main.o (_ZN6miosix7memDumpEPKci)
./miosix/libmiosix.a(version.o)
                              ./miosix/libmiosix.a(stage_2_boot.o) (_ZN6miosix16getMiosixVersionEv)
./miosix/libmiosix.a(console.o)
                              ./miosix/libmiosix.a(kernel.o) (_ZN6miosix7Console5writeEPKc)
./miosix/libmiosix.a(bsp.o)   ./miosix/libmiosix.a(stage_2_boot.o) (_ZN6miosix10IRQbspInitEv)
./miosix/libmiosix.a(interrupts.o)
                              miosix/arch/cortexM4_stm32f4/stm32f407vg_stm32f4discovery/core/stage_1_boot.o (_Z11NMI_Handlerv)
./miosix/libmiosix.a(portability.o)
                              miosix/arch/cortexM4_stm32f4/stm32f407vg_stm32f4discovery/core/stage_1_boot.o (_Z15SysTick_Handlerv)
./miosix/libmiosix.a(delays.o)
                              ./miosix/libmiosix.a(bsp.o) (_ZN6miosix7delayMsEj)
./miosix/libmiosix.a(gpio_impl.o)
                              ./miosix/libmiosix.a(console.o) (_ZN6miosix8GpioBase8modeImplEjhNS_4Mode5Mode_E)
./miosix/libmiosix.a(system_stm32f4xx.o)
                              miosix/arch/cortexM4_stm32f4/stm32f407vg_stm32f4discovery/core/stage_1_boot.o (SystemInit)
./miosix/libmiosix.a(sync.o)  ./miosix/libmiosix.a(console.o) (_ZN6miosix5MutexC1ENS0_7OptionsE)
/opt/arm-miosix-eabi/lib/gcc/arm-eabi/4.5.2/../../../../arm-eabi/lib/thumb/thumb2/libstdc++.a(functexcept.o)
                              FileSystem.o (_ZSt20__throw_out_of_rangePKc)
/opt/arm-miosix-eabi/lib/gcc/arm-eabi/4.5.2/../../../../arm-eabi/lib/thumb/thumb2/libstdc++.a(ios_failure.o)
                              /opt/arm-miosix-eabi/lib/gcc/arm-eabi/4.5.2/../../../../arm-eabi/lib/thumb/thumb2/libstdc++.a(functexcept.o) (_ZNSt8ios_base7failureD1Ev)
/opt/arm-miosix-eabi/lib/gcc/arm-eabi/4.5.2/../../../../arm-eabi/lib/thumb/thumb2/libstdc++.a(stdexcept.o)
                              /opt/arm-miosix-eabi/lib/gcc/arm-eabi/4.5.2/../../../../arm-eabi/lib/thumb/thumb2/libstdc++.a(functexcept.o) (_ZNKSt11logic_error4whatEv)
/opt/arm-miosix-eabi/lib/gcc/arm-eabi/4.5.2/../../../../arm-eabi/lib/thumb/thumb2/libstdc++.a(system_error.o)
                              /opt/arm-miosix-eabi/lib/gcc/arm-eabi/4.5.2/../../../../arm-eabi/lib/thumb/thumb2/libstdc++.a(functexcept.o) (_ZNSt12system_errorD1Ev)
/opt/arm-miosix-eabi/lib/gcc/arm-eabi/4.5.2/../../../../arm-eabi/lib/thumb/thumb2/libstdc++.a(string-inst.o)
                              /opt/arm-miosix-eabi/lib/gcc/arm-eabi/4.5.2/../../../../arm-eabi/lib/thumb/thumb2/libstdc++.a(functexcept.o) (_ZNSs4_Rep20_S_empty_rep_storageE)
/opt/arm-miosix-eabi/lib/gcc/arm-eabi/4.5.2/../../../../arm-eabi/lib/thumb/thumb2/libstdc++.a(future.o)
                              /opt/arm-miosix-eabi/lib/gcc/arm-eabi/4.5.2/../../../../arm-eabi/lib/thumb/thumb2/libstdc++.a(functexcept.o) (_ZNSt12future_errorD1Ev)
/opt/arm-miosix-eabi/lib/gcc/arm-eabi/4.5.2/../../../../arm-eabi/lib/thumb/thumb2/libstdc++.a(atomicity.o)
                              /opt/arm-miosix-eabi/lib/gcc/arm-eabi/4.5.2/../../../../arm-eabi/lib/thumb/thumb2/libstdc++.a(functexcept.o) (_ZN9__gnu_cxx18__exchange_and_addEPVii)
/opt/arm-miosix-eabi/lib/gcc/arm-eabi/4.5.2/../../../../arm-eabi/lib/thumb/thumb2/libstdc++.a(eh_throw.o)
                              /opt/arm-miosix-eabi/lib/gcc/arm-eabi/4.5.2/../../../../arm-eabi/lib/thumb/thumb2/libstdc++.a(functexcept.o) (__cxa_throw)
/opt/arm-miosix-eabi/lib/gcc/arm-eabi/4.5.2/../../../../arm-eabi/lib/thumb/thumb2/libstdc++.a(eh_terminate.o)
                              /opt/arm-miosix-eabi/lib/gcc/arm-eabi/4.5.2/../../../../arm-eabi/lib/thumb/thumb2/libstdc++.a(eh_throw.o) (_ZN10__cxxabiv111__terminateEPFvvE)
/opt/arm-miosix-eabi/lib/gcc/arm-eabi/4.5.2/../../../../arm-eabi/lib/thumb/thumb2/libstdc++.a(eh_exception.o)
                              /opt/arm-miosix-eabi/lib/gcc/arm-eabi/4.5.2/../../../../arm-eabi/lib/thumb/thumb2/libstdc++.a(functexcept.o) (_ZNSt9exceptionD2Ev)
/opt/arm-miosix-eabi/lib/gcc/arm-eabi/4.5.2/../../../../arm-eabi/lib/thumb/thumb2/libstdc++.a(si_class_type_info.o)
                              /opt/arm-miosix-eabi/lib/gcc/arm-eabi/4.5.2/../../../../arm-eabi/lib/thumb/thumb2/libstdc++.a(functexcept.o) (_ZTVN10__cxxabiv120__si_class_type_infoE)
[...]
Memory Configuration

Name             Origin             Length             Attributes
flash            0x0000000008000000 0x0000000000100000 xr
smallram         0x0000000010000200 0x000000000000fe00 xw
largeram         0x0000000020000000 0x0000000000020000 xw
*default*        0x0000000000000000 0xffffffffffffffff

Linker script and memory map

                0x0000000000000200                _main_stack_size = 0x200
                0x0000000010000200                _main_stack_top = (0x10000000 + _main_stack_size)
                0x0000000000000001                ASSERT (((_main_stack_size % 0x8) == 0x0), MAIN stack size error)
                0x0000000020000000                _end = 0x20000000
                0x0000000020020000                _heap_end = 0x20020000
                0x0000000000000000                . = 0x0

.text           0x0000000008000000     0xcc2c
 *(.isr_vector)
 .isr_vector    0x0000000008000000      0x188 miosix/arch/cortexM4_stm32f4/stm32f407vg_stm32f4discovery/core/stage_1_boot.o
                0x0000000008000000                __Vectors
 *(.text)
 .text          0x0000000008000188        0xc /opt/arm-miosix-eabi/lib/gcc/arm-eabi/4.5.2/../../../../arm-eabi/lib/thumb/thumb2/libstdc++.a(eh_arm.o)
                0x0000000008000188                __cxa_end_cleanup
 .text          0x0000000008000194        0x8 /opt/arm-miosix-eabi/lib/gcc/arm-eabi/4.5.2/../../../../arm-eabi/lib/thumb/thumb2/libc.a(lib_a-abort.o)
                0x0000000008000194                abort
 .text          0x000000000800019c       0x14 /opt/arm-miosix-eabi/lib/gcc/arm-eabi/4.5.2/../../../../arm-eabi/lib/thumb/thumb2/libc.a(lib_a-cxa_atexit.o)
                0x000000000800019c                __cxa_atexit
 .text          0x00000000080001b0       0x68 /opt/arm-miosix-eabi/lib/gcc/arm-eabi/4.5.2/../../../../arm-eabi/lib/thumb/thumb2/libc.a(lib_a-iprintf.o)
                0x00000000080001b0                iprintf
                0x00000000080001e8                _iprintf_r
 .text          0x0000000008000218       0x68 /opt/arm-miosix-eabi/lib/gcc/arm-eabi/4.5.2/../../../../arm-eabi/lib/thumb/thumb2/libc.a(lib_a-iscanf.o)
                0x0000000008000218                iscanf
                0x0000000008000250                _iscanf_r
 .text          0x0000000008000280       0x28 /opt/arm-miosix-eabi/lib/gcc/arm-eabi/4.5.2/../../../../arm-eabi/lib/thumb/thumb2/libc.a(lib_a-malloc.o)
                0x0000000008000280                malloc
                0x0000000008000294                free
 .text          0x00000000080002a8      0x57c /opt/arm-miosix-eabi/lib/gcc/arm-eabi/4.5.2/../../../../arm-eabi/lib/thumb/thumb2/libc.a(lib_a-mallocr.o)
                0x00000000080002a8                _malloc_r
 .text          0x0000000008000824       0x88 /opt/arm-miosix-eabi/lib/gcc/arm-eabi/4.5.2/../../../../arm-eabi/lib/thumb/thumb2/libc.a(lib_a-memchr.o)
                0x0000000008000824                memchr
 .text          0x00000000080008ac       0x90 /opt/arm-miosix-eabi/lib/gcc/arm-eabi/4.5.2/../../../../arm-eabi/lib/thumb/thumb2/libc.a(lib_a-memcpy.o)
                0x00000000080008ac                memcpy
 .text          0x000000000800093c       0xb0 /opt/arm-miosix-eabi/lib/gcc/arm-eabi/4.5.2/../../../../arm-eabi/lib/thumb/thumb2/libc.a(lib_a-memmove.o)
                0x000000000800093c                memmove
 .text          0x00000000080009ec       0x9c /opt/arm-miosix-eabi/lib/gcc/arm-eabi/4.5.2/../../../../arm-eabi/lib/thumb/thumb2/libc.a(lib_a-memset.o)
                0x00000000080009ec                memset
 .text          0x0000000008000a88       0xf0 /opt/arm-miosix-eabi/lib/gcc/arm-eabi/4.5.2/../../../../arm-eabi/lib/thumb/thumb2/libc.a(lib_a-rand.o)
                0x0000000008000a88                srand
                0x0000000008000adc                rand
 .text          0x0000000008000b78      0x1dc /opt/arm-miosix-eabi/lib/gcc/arm-eabi/4.5.2/../../../../arm-eabi/lib/thumb/thumb2/libc.a(lib_a-strcmp.o)
                0x0000000008000b78                strcmp
 .text          0x0000000008000d54      0x384 /opt/arm-miosix-eabi/lib/gcc/arm-eabi/4.5.2/../../../../arm-eabi/lib/thumb/thumb2/libc.a(lib_a-strerror.o)
                0x0000000008000d54                strerror
 .text          0x00000000080010d8       0x60 /opt/arm-miosix-eabi/lib/gcc/arm-eabi/4.5.2/../../../../arm-eabi/lib/thumb/thumb2/libc.a(lib_a-strlen.o)
                0x00000000080010d8                strlen
 .text          0x0000000008001138       0x1c /opt/arm-miosix-eabi/lib/gcc/arm-eabi/4.5.2/../../../../arm-eabi/lib/thumb/thumb2/libc.a(lib_a-syswrite.o)
                0x0000000008001138                write
 .text          0x0000000008001154        0x4 /opt/arm-miosix-eabi/lib/gcc/arm-eabi/4.5.2/../../../../arm-eabi/lib/thumb/thumb2/libc.a(lib_a-u_strerr.o)
                0x0000000008001154                _user_strerror
 .text          0x0000000008001158      0xd8c /opt/arm-miosix-eabi/lib/gcc/arm-eabi/4.5.2/../../../../arm-eabi/lib/thumb/thumb2/libc.a(lib_a-vfiprintf.o)
                0x0000000008001158                __sprint_r
                0x00000000080011d0                _vfiprintf_r
                0x0000000008001ec8                vfiprintf
 .text          0x0000000008001ee4      0xc38 /opt/arm-miosix-eabi/lib/gcc/arm-eabi/4.5.2/../../../../arm-eabi/lib/thumb/thumb2/libc.a(lib_a-vfiscanf.o)
                0x0000000008001ee4                __svfiscanf_r
                0x0000000008002a58                _vfiscanf_r
                0x0000000008002aac                __svfiscanf
                0x0000000008002ac8                vfiscanf
 .text          0x0000000008002b1c       0xf8 /opt/arm-miosix-eabi/lib/gcc/arm-eabi/4.5.2/../../../../arm-eabi/lib/thumb/thumb2/libc.a(lib_a-wsetup.o)
                0x0000000008002b1c                __swsetup_r
 .text          0x0000000008002c14      0x260 /opt/arm-miosix-eabi/lib/gcc/arm-eabi/4.5.2/../../../../arm-eabi/lib/thumb/thumb2/libc.a(lib_a-fflush.o)
                0x0000000008002c14                _fflush_r
                0x0000000008002e4c                fflush
 .text          0x0000000008002e74      0x2ac /opt/arm-miosix-eabi/lib/gcc/arm-eabi/4.5.2/../../../../arm-eabi/lib/thumb/thumb2/libc.a(lib_a-findfp.o)
                0x0000000008002e74                _cleanup_r
                0x0000000008002eac                __sfmoreglue
                0x0000000008002ed8                _cleanup
                0x0000000008002eec                __sfp_lock_acquire
                0x0000000008002efc                __sfp_lock_release
                0x0000000008002f0c                __sinit_lock_acquire
                0x0000000008002f1c                __sinit_lock_release
                0x0000000008002f2c                __sinit
                0x0000000008003044                __sfp
                0x00000000080030e0                __fp_lock_all
                0x0000000008003100                __fp_unlock_all
 .text          0x0000000008003120      0x160 /opt/arm-miosix-eabi/lib/gcc/arm-eabi/4.5.2/../../../../arm-eabi/lib/thumb/thumb2/libc.a(lib_a-fputwc.o)
                0x0000000008003120                _fputwc_r
                0x0000000008003230                fputwc
 .text          0x0000000008003280      0x22c /opt/arm-miosix-eabi/lib/gcc/arm-eabi/4.5.2/../../../../arm-eabi/lib/thumb/thumb2/libc.a(lib_a-fread.o)
                0x0000000008003280                _fread_r
                0x0000000008003480                fread
 .text          0x00000000080034ac      0x254 /opt/arm-miosix-eabi/lib/gcc/arm-eabi/4.5.2/../../../../arm-eabi/lib/thumb/thumb2/libc.a(lib_a-freer.o)
                0x00000000080034ac                _malloc_trim_r
                0x0000000008003548                _free_r
 .text          0x0000000008003700      0x344 /opt/arm-miosix-eabi/lib/gcc/arm-eabi/4.5.2/../../../../arm-eabi/lib/thumb/thumb2/libc.a(lib_a-fvwrite.o)
                0x0000000008003700                __sfvwrite_r
 .text          0x0000000008003a44       0xa8 /opt/arm-miosix-eabi/lib/gcc/arm-eabi/4.5.2/../../../../arm-eabi/lib/thumb/thumb2/libc.a(lib_a-fwalk.o)
                0x0000000008003a44                _fwalk
                0x0000000008003a94                _fwalk_reent
 .text          0x0000000008003aec       0x1c /opt/arm-miosix-eabi/lib/gcc/arm-eabi/4.5.2/../../../../arm-eabi/lib/thumb/thumb2/libc.a(lib_a-iswspace.o)
                0x0000000008003aec                iswspace
 .text          0x0000000008003b08       0x8c /opt/arm-miosix-eabi/lib/gcc/arm-eabi/4.5.2/../../../../arm-eabi/lib/thumb/thumb2/libc.a(lib_a-locale.o)
                0x0000000008003b08                _setlocale_r
                0x0000000008003b48                __locale_charset
                0x0000000008003b54                __locale_mb_cur_max
                0x0000000008003b60                __locale_msgcharset
                0x0000000008003b68                __locale_cjk_lang
                0x0000000008003b6c                _localeconv_r
                0x0000000008003b74                setlocale
                0x0000000008003b8c                localeconv
 .text          0x0000000008003b94       0xe8 /opt/arm-miosix-eabi/lib/gcc/arm-eabi/4.5.2/../../../../arm-eabi/lib/thumb/thumb2/libc.a(lib_a-makebuf.o)
                0x0000000008003b94                __smakebuf_r
 .text          0x0000000008003c7c       0xcc /opt/arm-miosix-eabi/lib/gcc/arm-eabi/4.5.2/../../../../arm-eabi/lib/thumb/thumb2/libc.a(lib_a-mbrtowc.o)
                0x0000000008003c7c                _mbrtowc_r
                0x0000000008003cd8                mbrtowc
 .text          0x0000000008003d48       0x60 /opt/arm-miosix-eabi/lib/gcc/arm-eabi/4.5.2/../../../../arm-eabi/lib/thumb/thumb2/libc.a(lib_a-mbtowc_r.o)
                0x0000000008003d48                __ascii_mbtowc
                0x0000000008003d70                _mbtowc_r
 .text          0x0000000008003da8      0x428 /opt/arm-miosix-eabi/lib/gcc/arm-eabi/4.5.2/../../../../arm-eabi/lib/thumb/thumb2/libc.a(lib_a-reallocr.o)
                0x0000000008003da8                _realloc_r
 .text          0x00000000080041d0      0x154 /opt/arm-miosix-eabi/lib/gcc/arm-eabi/4.5.2/../../../../arm-eabi/lib/thumb/thumb2/libc.a(lib_a-refill.o)
                0x00000000080041e8                __srefill_r
 .text          0x0000000008004324       0x80 /opt/arm-miosix-eabi/lib/gcc/arm-eabi/4.5.2/../../../../arm-eabi/lib/thumb/thumb2/libc.a(lib_a-sccl.o)
                0x0000000008004324                __sccl
 .text          0x00000000080043a4       0x94 /opt/arm-miosix-eabi/lib/gcc/arm-eabi/4.5.2/../../../../arm-eabi/lib/thumb/thumb2/libc.a(lib_a-stdio.o)
                0x00000000080043a4                __sread
                0x00000000080043c8                __seofread
                0x00000000080043cc                __swrite
                0x0000000008004404                __sseek
                0x000000000800442c                __sclose
 .text          0x0000000008004438      0x174 /opt/arm-miosix-eabi/lib/gcc/arm-eabi/4.5.2/../../../../arm-eabi/lib/thumb/thumb2/libc.a(lib_a-strtol.o)
                0x0000000008004438                _strtol_r
                0x0000000008004590                strtol
 .text          0x00000000080045ac      0x1e8 /opt/arm-miosix-eabi/lib/gcc/arm-eabi/4.5.2/../../../../arm-eabi/lib/thumb/thumb2/libc.a(lib_a-strtoll_r.o)
                0x00000000080045ac                _strtoll_r
 .text          0x0000000008004794      0x180 /opt/arm-miosix-eabi/lib/gcc/arm-eabi/4.5.2/../../../../arm-eabi/lib/thumb/thumb2/libc.a(lib_a-strtoul.o)
                0x0000000008004794                _strtoul_r
                0x00000000080048f8                strtoul
 *fill*         0x0000000008004914        0x4 00
 .text          0x0000000008004918      0x208 /opt/arm-miosix-eabi/lib/gcc/arm-eabi/4.5.2/../../../../arm-eabi/lib/thumb/thumb2/libc.a(lib_a-strtoull_r.o)
                0x0000000008004918                _strtoull_r
 .text          0x0000000008004b20      0x1f4 /opt/arm-miosix-eabi/lib/gcc/arm-eabi/4.5.2/../../../../arm-eabi/lib/thumb/thumb2/libc.a(lib_a-ungetc.o)
                0x0000000008004b20                __submore
                0x0000000008004b98                _ungetc_r
                0x0000000008004cfc                ungetc
 .text          0x0000000008004d14      0x100 /opt/arm-miosix-eabi/lib/gcc/arm-eabi/4.5.2/../../../../arm-eabi/lib/thumb/thumb2/libc.a(lib_a-wbuf.o)
                0x0000000008004d14                __swbuf_r
                0x0000000008004dfc                __swbuf
 .text          0x0000000008004e14       0xb8 /opt/arm-miosix-eabi/lib/gcc/arm-eabi/4.5.2/../../../../arm-eabi/lib/thumb/thumb2/libc.a(lib_a-wcrtomb.o)
                0x0000000008004e14                _wcrtomb_r
                0x0000000008004e68                wcrtomb
 .text          0x0000000008004ecc       0x4c /opt/arm-miosix-eabi/lib/gcc/arm-eabi/4.5.2/../../../../arm-eabi/lib/thumb/thumb2/libc.a(lib_a-wctomb_r.o)
                0x0000000008004ecc                __ascii_wctomb
                0x0000000008004ee8                _wctomb_r
 .text          0x0000000008004f18       0xf4 /opt/arm-miosix-eabi/lib/gcc/arm-eabi/4.5.2/../../../../arm-eabi/lib/thumb/thumb2/libc.a(lib_a-fclose.o)
                0x0000000008004f18                _fclose_r
                0x0000000008004ff8                fclose
 .text          0x000000000800500c       0x28 /opt/arm-miosix-eabi/lib/gcc/arm-eabi/4.5.2/../../../../arm-eabi/lib/thumb/thumb2/libc.a(lib_a-isattyr.o)
                0x000000000800500c                _isatty_r
 *fill*         0x0000000008005034        0x4 00
 .text          0x0000000008005038      0x278 /opt/arm-miosix-eabi/lib/gcc/arm-eabi/4.5.2/thumb/thumb2/libgcc.a(_udivsi3.o)
                0x0000000008005038                __udivsi3
                0x0000000008005038                __aeabi_uidiv
                0x0000000008005294                __aeabi_uidivmod
 .text          0x00000000080052b0        0x4 /opt/arm-miosix-eabi/lib/gcc/arm-eabi/4.5.2/thumb/thumb2/libgcc.a(_dvmd_tls.o)
                0x00000000080052b0                __aeabi_ldiv0
                0x00000000080052b0                __aeabi_idiv0
 .text          0x00000000080052b4       0x2c /opt/arm-miosix-eabi/lib/gcc/arm-eabi/4.5.2/thumb/thumb2/libgcc.a(_aeabi_uldivmod.o)
                0x00000000080052b4                __aeabi_uldivmod
 .text          0x00000000080052e0       0x58 /opt/arm-miosix-eabi/lib/gcc/arm-eabi/4.5.2/thumb/thumb2/libgcc.a(bpabi.o)
                0x00000000080052e0                __gnu_ldivmod_helper
                0x000000000800530c                __gnu_uldivmod_helper
 .text          0x0000000008005338      0xa90 /opt/arm-miosix-eabi/lib/gcc/arm-eabi/4.5.2/thumb/thumb2/libgcc.a(unwind-arm.o)
                0x000000000800560c                _Unwind_VRS_Get
                0x000000000800565c                _Unwind_VRS_Set
                0x0000000008005970                __aeabi_unwind_cpp_pr2
                0x000000000800597c                __aeabi_unwind_cpp_pr1
                0x0000000008005988                __aeabi_unwind_cpp_pr0
                0x0000000008005994                _Unwind_VRS_Pop
                0x0000000008005c24                _Unwind_GetCFA
                0x0000000008005c28                __gnu_Unwind_RaiseException
                0x0000000008005c9c                __gnu_Unwind_ForcedUnwind
                0x0000000008005cbc                __gnu_Unwind_Resume
                0x0000000008005cf8                __gnu_Unwind_Resume_or_Rethrow
                0x0000000008005d18                _Unwind_Complete
                0x0000000008005d1c                _Unwind_DeleteException
                0x0000000008005d2c                __gnu_Unwind_Backtrace
 .text          0x0000000008005dc8      0x1ac /opt/arm-miosix-eabi/lib/gcc/arm-eabi/4.5.2/thumb/thumb2/libgcc.a(libunwind.o)
                0x0000000008005dc8                __restore_core_regs
                0x0000000008005dc8                restore_core_regs
                0x0000000008005de0                __gnu_Unwind_Restore_VFP
                0x0000000008005de8                __gnu_Unwind_Save_VFP
                0x0000000008005df0                __gnu_Unwind_Restore_VFP_D
                0x0000000008005df8                __gnu_Unwind_Save_VFP_D
                0x0000000008005e00                __gnu_Unwind_Restore_VFP_D_16_to_31
                0x0000000008005e08                __gnu_Unwind_Save_VFP_D_16_to_31
                0x0000000008005e10                __gnu_Unwind_Restore_WMMXD
                0x0000000008005e54                __gnu_Unwind_Save_WMMXD
                0x0000000008005e98                __gnu_Unwind_Restore_WMMXC
                0x0000000008005eac                __gnu_Unwind_Save_WMMXC
                0x0000000008005ec0                ___Unwind_RaiseException
                0x0000000008005ec0                _Unwind_RaiseException
                0x0000000008005ee4                ___Unwind_Resume
                0x0000000008005ee4                _Unwind_Resume
                0x0000000008005f08                _Unwind_Resume_or_Rethrow
                0x0000000008005f08                ___Unwind_Resume_or_Rethrow
                0x0000000008005f2c                ___Unwind_ForcedUnwind
                0x0000000008005f2c                _Unwind_ForcedUnwind
                0x0000000008005f50                _Unwind_Backtrace
                0x0000000008005f50                ___Unwind_Backtrace
 .text          0x0000000008005f74      0x3dc /opt/arm-miosix-eabi/lib/gcc/arm-eabi/4.5.2/thumb/thumb2/libgcc.a(pr-support.o)
                0x0000000008005fc8                __gnu_unwind_execute
                0x00000000080062f0                __gnu_unwind_frame
                0x0000000008006320                _Unwind_GetRegionStart
                0x000000000800632c                _Unwind_GetLanguageSpecificData
                0x0000000008006340                _Unwind_GetDataRelBase
                0x0000000008006348                _Unwind_GetTextRelBase
 .text          0x0000000008006350      0x354 /opt/arm-miosix-eabi/lib/gcc/arm-eabi/4.5.2/thumb/thumb2/libgcc.a(_divdi3.o)
                0x0000000008006350                __divdi3
 .text          0x00000000080066a4      0x2f4 /opt/arm-miosix-eabi/lib/gcc/arm-eabi/4.5.2/thumb/thumb2/libgcc.a(_udivdi3.o)
                0x00000000080066a4                __udivdi3
 *(.text.*)
 .text.main     0x0000000008006998      0x20c main.o
                0x0000000008006998                main
 .text._ZN11FlashDriver8instanceEv
                0x0000000008006ba4       0x2c FlashDriver.o
                0x0000000008006ba4                _ZN11FlashDriver8instanceEv
 .text._ZN11FlashDriver5eraseEi
                0x0000000008006bd0       0x8c FlashDriver.o
                0x0000000008006bd0                _ZN11FlashDriver5eraseEi
 .text._ZN11FlashDriver15getSectorNumberEj
                0x0000000008006c5c       0xb8 FlashDriver.o
                0x0000000008006c5c                _ZN11FlashDriver15getSectorNumberEj
 .text._ZN11FlashDriver11programByteEjc
                0x0000000008006d14       0x78 FlashDriver.o
                0x0000000008006d14                _ZN11FlashDriver11programByteEjc
 .text._ZN11FlashDriver5writeEjc
                0x0000000008006d8c        0x8 FlashDriver.o
                0x0000000008006d8c                _ZN11FlashDriver5writeEjc
 .text._ZN11FlashDriver5writeEjPcj
                0x0000000008006d94       0x30 FlashDriver.o
                0x0000000008006d94                _ZN11FlashDriver5writeEjPcj
 .text._ZN11FlashDriver15programHalfWordEjs
                0x0000000008006dc4       0x7c FlashDriver.o
                0x0000000008006dc4                _ZN11FlashDriver15programHalfWordEjs
 .text._ZN11FlashDriver5writeEjs
                0x0000000008006e40        0x8 FlashDriver.o
                0x0000000008006e40                _ZN11FlashDriver5writeEjs
 .text._ZN11FlashDriver5writeEjj
                0x0000000008006e48       0x20 FlashDriver.o
                0x0000000008006e48                _ZN11FlashDriver5writeEjj
 .text._ZN4FileC2Ejj
                0x0000000008006e68        0xc File.o
                0x0000000008006e68                _ZN4FileC2Ejj
                0x0000000008006e68                _ZN4FileC1Ejj
 .text._ZN4File5writeEPKvj
                0x0000000008006e74       0x38 File.o
                0x0000000008006e74                _ZN4File5writeEPKvj
 .text._ZN4File4readEPvj
                0x0000000008006eac       0x24 File.o
                0x0000000008006eac                _ZN4File4readEPvj
 .text._GLOBAL__I__ZN4FileC2Ejj
                0x0000000008006ed0       0x14 File.o
 .text._ZN10FileSystem11writeHeaderEj6Header
                0x0000000008006ee4       0x5c FileSystem.o
                0x0000000008006ee4                _ZN10FileSystem11writeHeaderEj6Header
 .text._ZN10FileSystem10readHeaderEj
                0x0000000008006f40       0x3c FileSystem.o
                0x0000000008006f40                _ZN10FileSystem10readHeaderEj
 .text._ZN10FileSystem8instanceEv
                0x0000000008006f7c       0x2c FileSystem.o
                0x0000000008006f7c                _ZN10FileSystem8instanceEv
 .text._ZN10FileSystem10getAddressEPKc
                0x0000000008006fa8       0x60 FileSystem.o
                0x0000000008006fa8                _ZN10FileSystem10getAddressEPKc
 .text._ZN10FileSystem8findFileEPKc
                0x0000000008007008       0x74 FileSystem.o
                0x0000000008007008                _ZN10FileSystem8findFileEPKc
 .text._ZN10FileSystem6unlinkEPKc
                0x000000000800707c       0x4c FileSystem.o
                0x000000000800707c                _ZN10FileSystem6unlinkEPKc
 .text._ZNSt6vectorIjSaIjEE13_M_insert_auxEN9__gnu_cxx17__normal_iteratorIPjS1_EERKj
                0x00000000080070c8       0xe4 FileSystem.o
                0x00000000080070c8                _ZNSt6vectorIjSaIjEE13_M_insert_auxEN9__gnu_cxx17__normal_iteratorIPjS1_EERKj
 .text._ZN10FileSystem4openEPKcii
                0x00000000080071ac      0x3f8 FileSystem.o
                0x00000000080071ac                _ZN10FileSystem4openEPKcii
 .text._GLOBAL__I__ZN10FileSystemC2Ev
                0x00000000080075a4       0x14 FileSystem.o
 .text._ZL17call_constructorsPmS_
                0x00000000080075b8       0x18 miosix/arch/cortexM4_stm32f4/stm32f407vg_stm32f4discovery/core/stage_1_boot.o
 .text._Z15program_startupv
                0x00000000080075d0       0x90 miosix/arch/cortexM4_stm32f4/stm32f407vg_stm32f4discovery/core/stage_1_boot.o
                0x00000000080075d0                _Z15program_startupv
 .text._Z13Reset_Handlerv
                0x0000000008007660       0x24 miosix/arch/cortexM4_stm32f4/stm32f407vg_stm32f4discovery/core/stage_1_boot.o
                0x0000000008007660                _Z13Reset_Handlerv
 .text.Default_Handler
                0x0000000008007684        0x8 miosix/arch/cortexM4_stm32f4/stm32f407vg_stm32f4discovery/core/stage_1_boot.o
                0x0000000008007684                _Z18CAN1_TX_IRQHandlerv
                0x0000000008007684                _Z23DMA2_Stream1_IRQHandlerv
                0x0000000008007684                _Z23DMA2_Stream6_IRQHandlerv
                0x0000000008007684                _Z29TIM8_TRG_COM_TIM14_IRQHandlerv
                0x0000000008007684                _Z23DMA2_Stream5_IRQHandlerv
                0x0000000008007684                _Z16EXTI1_IRQHandlerv
                0x0000000008007684                _Z25OTG_HS_EP1_OUT_IRQHandlerv
                0x0000000008007684                _Z15DCMI_IRQHandlerv
                0x0000000008007684                _Z15WWDG_IRQHandlerv
                0x0000000008007684                _Z14RCC_IRQHandlerv
                0x0000000008007684                _Z15TIM5_IRQHandlerv
                0x0000000008007684                _Z19CAN1_SCE_IRQHandlerv
                0x0000000008007684                _Z23DMA1_Stream3_IRQHandlerv
                0x0000000008007684                _Z19CAN2_RX1_IRQHandlerv
                0x0000000008007684                _Z23DMA1_Stream0_IRQHandlerv
                0x0000000008007684                _Z23DMA1_Stream6_IRQHandlerv
                0x0000000008007684                _Z23DMA1_Stream2_IRQHandlerv
                0x0000000008007684                _Z20EXTI15_10_IRQHandlerv
                0x0000000008007684                _Z16EXTI4_IRQHandlerv
                0x0000000008007684                _Z15SPI1_IRQHandlerv
                0x0000000008007684                _Z23DMA1_Stream7_IRQHandlerv
                0x0000000008007684                _Z21TAMP_STAMP_IRQHandlerv
                0x0000000008007684                _Z15CRYP_IRQHandlerv
                0x0000000008007684                _Z17USART1_IRQHandlerv
                0x0000000008007684                _Z19HASH_RNG_IRQHandlerv
                0x0000000008007684                _Z19CAN1_RX0_IRQHandlerv
                0x0000000008007684                _Z14ADC_IRQHandlerv
                0x0000000008007684                _Z17USART6_IRQHandlerv
                0x0000000008007684                _Z16EXTI2_IRQHandlerv
                0x0000000008007684                _Z15SPI2_IRQHandlerv
                0x0000000008007684                _Z25TIM8_BRK_TIM12_IRQHandlerv
                0x0000000008007684                _Z18I2C1_EV_IRQHandlerv
                0x0000000008007684                _Z20RTC_Alarm_IRQHandlerv
                0x0000000008007684                _Z17OTG_HS_IRQHandlerv
                0x0000000008007684                _Z16UART4_IRQHandlerv
                0x0000000008007684                _Z19RTC_WKUP_IRQHandlerv
                0x0000000008007684                _Z18I2C3_ER_IRQHandlerv
                0x0000000008007684                _Z24TIM1_BRK_TIM9_IRQHandlerv
                0x0000000008007684                _Z18I2C2_ER_IRQHandlerv
                0x0000000008007684                _Z19TIM6_DAC_IRQHandlerv
                0x0000000008007684                _Z29TIM1_TRG_COM_TIM11_IRQHandlerv
                0x0000000008007684                _Z19CAN2_SCE_IRQHandlerv
                0x0000000008007684                _Z18CAN2_TX_IRQHandlerv
                0x0000000008007684                _Z16UART5_IRQHandlerv
                0x0000000008007684                Default_Handler
                0x0000000008007684                _Z18TIM1_CC_IRQHandlerv
                0x0000000008007684                _Z15TIM2_IRQHandlerv
                0x0000000008007684                _Z15SDIO_IRQHandlerv
                0x0000000008007684                _Z18I2C3_EV_IRQHandlerv
                0x0000000008007684                _Z19ETH_WKUP_IRQHandlerv
                0x0000000008007684                _Z23DMA2_Stream7_IRQHandlerv
                0x0000000008007684                _Z18TIM8_CC_IRQHandlerv
                0x0000000008007684                _Z16FLASH_IRQHandlerv
                0x0000000008007684                _Z22OTG_FS_WKUP_IRQHandlerv
                0x0000000008007684                _Z24TIM8_UP_TIM13_IRQHandlerv
                0x0000000008007684                _Z15FSMC_IRQHandlerv
                0x0000000008007684                _Z19CAN1_RX1_IRQHandlerv
                0x0000000008007684                _Z16EXTI3_IRQHandlerv
                0x0000000008007684                _Z22OTG_HS_WKUP_IRQHandlerv
                0x0000000008007684                _Z23DMA1_Stream5_IRQHandlerv
                0x0000000008007684                _Z23DMA1_Stream1_IRQHandlerv
                0x0000000008007684                _Z14FPU_IRQHandlerv
                0x0000000008007684                _Z23DMA2_Stream0_IRQHandlerv
                0x0000000008007684                _Z14PVD_IRQHandlerv
                0x0000000008007684                _Z23DMA2_Stream2_IRQHandlerv
                0x0000000008007684                _Z23DMA1_Stream4_IRQHandlerv
                0x0000000008007684                _Z18I2C1_ER_IRQHandlerv
                0x0000000008007684                _Z17USART3_IRQHandlerv
                0x0000000008007684                _Z15TIM3_IRQHandlerv
                0x0000000008007684                _Z23DMA2_Stream4_IRQHandlerv
                0x0000000008007684                _Z19CAN2_RX0_IRQHandlerv
                0x0000000008007684                _Z24TIM1_UP_TIM10_IRQHandlerv
                0x0000000008007684                _Z17OTG_FS_IRQHandlerv
                0x0000000008007684                _Z18I2C2_EV_IRQHandlerv
                0x0000000008007684                _Z14ETH_IRQHandlerv
                0x0000000008007684                _Z15SPI3_IRQHandlerv
                0x0000000008007684                _Z23DMA2_Stream3_IRQHandlerv
                0x0000000008007684                _Z15TIM4_IRQHandlerv
                0x0000000008007684                _Z24OTG_HS_EP1_IN_IRQHandlerv
                0x0000000008007684                _Z16EXTI0_IRQHandlerv
                0x0000000008007684                _Z18EXTI9_5_IRQHandlerv
                0x0000000008007684                _Z15TIM7_IRQHandlerv
 .text._ZN6miosix17disableInterruptsEv
                0x000000000800768c       0x20 ./miosix/libmiosix.a(kernel.o)
                0x000000000800768c                _ZN6miosix17disableInterruptsEv
 .text._ZN6miosix16enableInterruptsEv
                0x00000000080076ac       0x28 ./miosix/libmiosix.a(kernel.o)
                0x00000000080076ac                _ZN6miosix16enableInterruptsEv
 .text._ZN6miosix11pauseKernelEv
                0x00000000080076d4       0x2c ./miosix/libmiosix.a(kernel.o)
                0x00000000080076d4                _ZN6miosix11pauseKernelEv
 .text._ZN6miosix13restartKernelEv
                0x0000000008007700       0x3c ./miosix/libmiosix.a(kernel.o)
                0x0000000008007700                _ZN6miosix13restartKernelEv
 .text._ZN6miosix10idleThreadEPv
                0x000000000800773c       0x2c ./miosix/libmiosix.a(kernel.o)
                0x000000000800773c                _ZN6miosix10idleThreadEPv
 .text._ZN6miosix20areInterruptsEnabledEv
                0x0000000008007768       0x10 ./miosix/libmiosix.a(kernel.o)
                0x0000000008007768                _ZN6miosix20areInterruptsEnabledEv
 .text._ZN6miosix11startKernelEv
                0x0000000008007778       0x9c ./miosix/libmiosix.a(kernel.o)
                0x0000000008007778                _ZN6miosix11startKernelEv
 .text._ZN6miosix14IRQwakeThreadsEv
                0x0000000008007814       0x68 ./miosix/libmiosix.a(kernel.o)
                0x0000000008007814                _ZN6miosix14IRQwakeThreadsEv
 .text._ZN6miosix6Thread6createEPFPvS1_EjNS_25PrioritySchedulerPriorityES1_t
                0x000000000800787c       0xec ./miosix/libmiosix.a(kernel.o)
                0x000000000800787c                _ZN6miosix6Thread6createEPFPvS1_EjNS_25PrioritySchedulerPriorityES1_t
 .text._ZN6miosix6Thread6createEPFvPvEjNS_25PrioritySchedulerPriorityES1_t
                0x0000000008007968       0x14 ./miosix/libmiosix.a(kernel.o)
                0x0000000008007968                _ZN6miosix6Thread6createEPFvPvEjNS_25PrioritySchedulerPriorityES1_t
 .text._ZN6miosix6Thread5yieldEv
                0x000000000800797c        0x4 ./miosix/libmiosix.a(kernel.o)
                0x000000000800797c                _ZN6miosix6Thread5yieldEv
 .text._ZN6miosix6Thread16getCurrentThreadEv
                0x0000000008007980        0xc ./miosix/libmiosix.a(kernel.o)
                0x0000000008007980                _ZN6miosix6Thread16getCurrentThreadEv
 .text._ZN6miosix6Thread11getPriorityEv
                0x000000000800798c        0x4 ./miosix/libmiosix.a(kernel.o)
                0x000000000800798c                _ZN6miosix6Thread11getPriorityEv
 .text._ZN6miosix6Thread8PKwakeupEv
                0x0000000008007990       0x10 ./miosix/libmiosix.a(kernel.o)
                0x0000000008007990                _ZN6miosix6Thread8PKwakeupEv
 .text._ZN6miosix6Thread19IRQgetCurrentThreadEv
                0x00000000080079a0        0xc ./miosix/libmiosix.a(kernel.o)
                0x00000000080079a0                _ZN6miosix6Thread19IRQgetCurrentThreadEv
 .text._ZN6miosix6Thread14IRQgetPriorityEv
                0x00000000080079ac        0x4 ./miosix/libmiosix.a(kernel.o)
                0x00000000080079ac                _ZN6miosix6Thread14IRQgetPriorityEv
 .text._ZN6miosix6Thread7IRQwaitEv
                0x00000000080079b0       0x14 ./miosix/libmiosix.a(kernel.o)
                0x00000000080079b0                _ZN6miosix6Thread7IRQwaitEv
 .text._ZN6miosix6Thread9IRQwakeupEv
                0x00000000080079c4        0xc ./miosix/libmiosix.a(kernel.o)
                0x00000000080079c4                _ZN6miosix6Thread9IRQwakeupEv
 .text._ZN6miosix6Thread14threadLauncherEPFPvS1_ES1_
                0x00000000080079d0       0x94 ./miosix/libmiosix.a(kernel.o)
                0x00000000080079d0                _ZN6miosix6Thread14threadLauncherEPFPvS1_ES1_
 .text._ZN6miosix12errorHandlerENS_5ErrorE
                0x0000000008007a64      0x10c ./miosix/libmiosix.a(error.o)
                0x0000000008007a64                _ZN6miosix12errorHandlerENS_5ErrorE
 .text._ZN6miosixL10mainLoaderEPv
                0x0000000008007b70       0x84 ./miosix/libmiosix.a(stage_2_boot.o)
 .text._init    0x0000000008007bf4       0x44 ./miosix/libmiosix.a(stage_2_boot.o)
                0x0000000008007bf4                _init
 .text.__cxa_get_globals_fast
                0x0000000008007c38        0xc ./miosix/libmiosix.a(syscalls.o)
                0x0000000008007c38                __cxa_get_globals_fast
 .text.__cxa_get_globals
                0x0000000008007c44        0xc ./miosix/libmiosix.a(syscalls.o)
                0x0000000008007c44                __cxa_get_globals
 .text._ZN9__gnu_cxx27__verbose_terminate_handlerEv
                0x0000000008007c50       0x14 ./miosix/libmiosix.a(syscalls.o)
                0x0000000008007c50                _ZN9__gnu_cxx27__verbose_terminate_handlerEv
 .text.__cxa_guard_acquire
                0x0000000008007c64       0x70 ./miosix/libmiosix.a(syscalls.o)
                0x0000000008007c64                __cxa_guard_acquire
 .text.__cxa_guard_release
                0x0000000008007cd4       0x14 ./miosix/libmiosix.a(syscalls.o)
                0x0000000008007cd4                __cxa_guard_release
 .text.__register_exitproc
                0x0000000008007ce8        0x4 ./miosix/libmiosix.a(syscalls.o)
                0x0000000008007ce8                __register_exitproc
 .text._exit    0x0000000008007cec        0x8 ./miosix/libmiosix.a(syscalls.o)
                0x0000000008007cec                _exit
 .text._sbrk_r  0x0000000008007cf4       0x34 ./miosix/libmiosix.a(syscalls.o)
                0x0000000008007cf4                _sbrk_r
 .text.__malloc_lock
                0x0000000008007d28        0x8 ./miosix/libmiosix.a(syscalls.o)
                0x0000000008007d28                __malloc_lock
 .text.__malloc_unlock
                0x0000000008007d30        0x8 ./miosix/libmiosix.a(syscalls.o)
                0x0000000008007d30                __malloc_unlock
 .text._close_r
                0x0000000008007d38       0x14 ./miosix/libmiosix.a(syscalls.o)
                0x0000000008007d38                _close_r
 .text._write   0x0000000008007d4c       0x74 ./miosix/libmiosix.a(syscalls.o)
                0x0000000008007d4c                _write
 .text._write_r
                0x0000000008007dc0       0x10 ./miosix/libmiosix.a(syscalls.o)
                0x0000000008007dc0                _write_r
 .text._read    0x0000000008007dd0       0xa0 ./miosix/libmiosix.a(syscalls.o)
                0x0000000008007dd0                _read
 .text._read_r  0x0000000008007e70       0x10 ./miosix/libmiosix.a(syscalls.o)
                0x0000000008007e70                _read_r
 .text._lseek_r
                0x0000000008007e80       0x14 ./miosix/libmiosix.a(syscalls.o)
                0x0000000008007e80                _lseek_r
 .text._fstat   0x0000000008007e94       0x2c ./miosix/libmiosix.a(syscalls.o)
                0x0000000008007e94                _fstat
 .text._fstat_r
                0x0000000008007ec0        0xc ./miosix/libmiosix.a(syscalls.o)
                0x0000000008007ec0                _fstat_r
 .text._isatty  0x0000000008007ecc        0xc ./miosix/libmiosix.a(syscalls.o)
                0x0000000008007ecc                _isatty
 .text._ZN6miosix17PriorityScheduler11PKaddThreadEPNS_6ThreadENS_25PrioritySchedulerPriorityE
                0x0000000008007ed8       0x24 ./miosix/libmiosix.a(priority_scheduler.o)
                0x0000000008007ed8                _ZN6miosix17PriorityScheduler11PKaddThreadEPNS_6ThreadENS_25PrioritySchedulerPriorityE
 .text._ZN6miosix17PriorityScheduler19PKremoveDeadThreadsEv
                0x0000000008007efc       0xb4 ./miosix/libmiosix.a(priority_scheduler.o)
                0x0000000008007efc                _ZN6miosix17PriorityScheduler19PKremoveDeadThreadsEv
 .text._ZN6miosix17PriorityScheduler13PKsetPriorityEPNS_6ThreadENS_25PrioritySchedulerPriorityE
                0x0000000008007fb0       0x90 ./miosix/libmiosix.a(priority_scheduler.o)
                0x0000000008007fb0                _ZN6miosix17PriorityScheduler13PKsetPriorityEPNS_6ThreadENS_25PrioritySchedulerPriorityE
 .text._ZN6miosix17PriorityScheduler16IRQsetIdleThreadEPNS_6ThreadE
                0x0000000008008040       0x14 ./miosix/libmiosix.a(priority_scheduler.o)
                0x0000000008008040                _ZN6miosix17PriorityScheduler16IRQsetIdleThreadEPNS_6ThreadE
 .text._ZN6miosix17PriorityScheduler17IRQfindNextThreadEv
                0x0000000008008054       0x64 ./miosix/libmiosix.a(priority_scheduler.o)
                0x0000000008008054                _ZN6miosix17PriorityScheduler17IRQfindNextThreadEv
 .text._ZN6miosixL8memPrintEPKcc
                0x00000000080080b8       0x90 ./miosix/libmiosix.a(util.o)
 .text._ZN6miosix7memDumpEPKci
                0x0000000008008148       0x44 ./miosix/libmiosix.a(util.o)
                0x0000000008008148                _ZN6miosix7memDumpEPKci
 .text._ZN6miosix15MemoryProfiling11getHeapSizeEv
                0x000000000800818c       0x14 ./miosix/libmiosix.a(util.o)
                0x000000000800818c                _ZN6miosix15MemoryProfiling11getHeapSizeEv
 .text._ZN6miosix15MemoryProfiling18getCurrentFreeHeapEv
                0x00000000080081a0       0x18 ./miosix/libmiosix.a(util.o)
                0x00000000080081a0                _ZN6miosix15MemoryProfiling18getCurrentFreeHeapEv
 .text._ZN6miosix16getMiosixVersionEv
                0x00000000080081b8        0xc ./miosix/libmiosix.a(version.o)
                0x00000000080081b8                _ZN6miosix16getMiosixVersionEv
 .text._ZN6miosix5MutexD2Ev
                0x00000000080081c4       0x10 ./miosix/libmiosix.a(console.o)
                0x00000000080081c4                _ZN6miosix5MutexD2Ev
                0x00000000080081c4                _ZN6miosix5MutexD1Ev
 .text._ZN6miosixL15serialWriteImplEPKcj
                0x00000000080081d4       0x5c ./miosix/libmiosix.a(console.o)
 .text._ZN6miosix5Mutex6unlockEv
                0x0000000008008230       0x24 ./miosix/libmiosix.a(console.o)
                0x0000000008008230                _ZN6miosix5Mutex6unlockEv
 .text._Z17USART2_IRQHandlerv
                0x0000000008008254       0x28 ./miosix/libmiosix.a(console.o)
                0x0000000008008254                _Z17USART2_IRQHandlerv
 .text._ZN6miosix13serialIrqImplEv
                0x000000000800827c       0xcc ./miosix/libmiosix.a(console.o)
                0x000000000800827c                _ZN6miosix13serialIrqImplEv
 .text._ZN6miosix24IRQstm32f4serialPortInitEv
                0x0000000008008348       0xa8 ./miosix/libmiosix.a(console.o)
                0x0000000008008348                _ZN6miosix24IRQstm32f4serialPortInitEv
 .text._ZN6miosix7Console5writeEPKc
                0x00000000080083f0       0x14 ./miosix/libmiosix.a(console.o)
                0x00000000080083f0                _ZN6miosix7Console5writeEPKc
 .text._ZN6miosix7Console5writeEPKci
                0x0000000008008404        0x8 ./miosix/libmiosix.a(console.o)
                0x0000000008008404                _ZN6miosix7Console5writeEPKci
 .text._ZN6miosix7Console10txCompleteEv
                0x000000000800840c       0x10 ./miosix/libmiosix.a(console.o)
                0x000000000800840c                _ZN6miosix7Console10txCompleteEv
 .text._ZN6miosix7Console8IRQwriteEPKc
                0x000000000800841c       0x20 ./miosix/libmiosix.a(console.o)
                0x000000000800841c                _ZN6miosix7Console8IRQwriteEPKc
 .text._ZN6miosix7Console13IRQtxCompleteEv
                0x000000000800843c       0x10 ./miosix/libmiosix.a(console.o)
                0x000000000800843c                _ZN6miosix7Console13IRQtxCompleteEv
 .text._ZN6miosix7Console8readCharEv
                0x000000000800844c       0xb4 ./miosix/libmiosix.a(console.o)
                0x000000000800844c                _ZN6miosix7Console8readCharEv
 .text._GLOBAL__I__Z17USART2_IRQHandlerv
                0x0000000008008500       0x50 ./miosix/libmiosix.a(console.o)
 .text._ZN6miosix10IRQbspInitEv
                0x0000000008008550       0x74 ./miosix/libmiosix.a(bsp.o)
                0x0000000008008550                _ZN6miosix10IRQbspInitEv
 .text._ZN6miosix8bspInit2Ev
                0x00000000080085c4        0x4 ./miosix/libmiosix.a(bsp.o)
                0x00000000080085c4                _ZN6miosix8bspInit2Ev
 .text._ZN6miosix8shutdownEv
                0x00000000080085c8        0xc ./miosix/libmiosix.a(bsp.o)
                0x00000000080085c8                _ZN6miosix8shutdownEv
 .text._ZN6miosix6rebootEv
                0x00000000080085d4       0x18 ./miosix/libmiosix.a(bsp.o)
                0x00000000080085d4                _ZN6miosix6rebootEv
 .text._ZL16printUnsignedIntj
                0x00000000080085ec       0x44 ./miosix/libmiosix.a(interrupts.o)
 .text._ZL19printProgramCounterv
                0x0000000008008630       0x14 ./miosix/libmiosix.a(interrupts.o)
 .text._ZL20waitConsoleAndRebootv
                0x0000000008008644       0x10 ./miosix/libmiosix.a(interrupts.o)
 .text._Z11NMI_Handlerv
                0x0000000008008654       0x14 ./miosix/libmiosix.a(interrupts.o)
                0x0000000008008654                _Z11NMI_Handlerv
 .text._Z17HardFault_Handlerv
                0x0000000008008668       0x44 ./miosix/libmiosix.a(interrupts.o)
                0x0000000008008668                _Z17HardFault_Handlerv
 .text._Z17MemManage_Handlerv
                0x00000000080086ac       0x94 ./miosix/libmiosix.a(interrupts.o)
                0x00000000080086ac                _Z17MemManage_Handlerv
 .text._Z16BusFault_Handlerv
                0x0000000008008740       0xac ./miosix/libmiosix.a(interrupts.o)
                0x0000000008008740                _Z16BusFault_Handlerv
 .text._Z18UsageFault_Handlerv
                0x00000000080087ec       0x8c ./miosix/libmiosix.a(interrupts.o)
                0x00000000080087ec                _Z18UsageFault_Handlerv
 .text._Z16DebugMon_Handlerv
                0x0000000008008878       0x18 ./miosix/libmiosix.a(interrupts.o)
                0x0000000008008878                _Z16DebugMon_Handlerv
 .text._Z14PendSV_Handlerv
                0x0000000008008890       0x18 ./miosix/libmiosix.a(interrupts.o)
                0x0000000008008890                _Z14PendSV_Handlerv
 .text._Z19unexpectedInterruptv
                0x00000000080088a8       0x14 ./miosix/libmiosix.a(interrupts.o)
                0x00000000080088a8                _Z19unexpectedInterruptv
 .text._Z15SysTick_Handlerv
                0x00000000080088bc       0x28 ./miosix/libmiosix.a(portability.o)
                0x00000000080088bc                _Z15SysTick_Handlerv
 .text._Z11SVC_Handlerv
                0x00000000080088e4       0x28 ./miosix/libmiosix.a(portability.o)
                0x00000000080088e4                _Z11SVC_Handlerv
 .text._ZN14miosix_private21IRQstackOverflowCheckEv
                0x000000000800890c       0x38 ./miosix/libmiosix.a(portability.o)
                0x000000000800890c                _ZN14miosix_private21IRQstackOverflowCheckEv
 .text._ZN14miosix_private9ISR_yieldEv
                0x0000000008008944        0xc ./miosix/libmiosix.a(portability.o)
                0x0000000008008944                _ZN14miosix_private9ISR_yieldEv
 .text._ZN14miosix_private11ISR_preemptEv
                0x0000000008008950       0x24 ./miosix/libmiosix.a(portability.o)
                0x0000000008008950                _ZN14miosix_private11ISR_preemptEv
 .text._ZN14miosix_private15IRQsystemRebootEv
                0x0000000008008974       0x24 ./miosix/libmiosix.a(portability.o)
                0x0000000008008974                _ZN14miosix_private15IRQsystemRebootEv
 .text._ZN14miosix_private11initCtxsaveEPjPFPvS1_ES0_S1_
                0x0000000008008998       0x64 ./miosix/libmiosix.a(portability.o)
                0x0000000008008998                _ZN14miosix_private11initCtxsaveEPjPFPvS1_ES0_S1_
 .text._ZN14miosix_private22IRQportableStartKernelEv
                0x00000000080089fc       0x7c ./miosix/libmiosix.a(portability.o)
                0x00000000080089fc                _ZN14miosix_private22IRQportableStartKernelEv
 .text._ZN14miosix_private8sleepCpuEv
                0x0000000008008a78        0x4 ./miosix/libmiosix.a(portability.o)
                0x0000000008008a78                _ZN14miosix_private8sleepCpuEv
 .text._ZN6miosix7delayMsEj
                0x0000000008008a7c       0x1c ./miosix/libmiosix.a(delays.o)
                0x0000000008008a7c                _ZN6miosix7delayMsEj
 .text._ZN6miosix8GpioBase8modeImplEjhNS_4Mode5Mode_E
                0x0000000008008a98       0x54 ./miosix/libmiosix.a(gpio_impl.o)
                0x0000000008008a98                _ZN6miosix8GpioBase8modeImplEjhNS_4Mode5Mode_E
 .text._ZN6miosix8GpioBase6afImplEjhh
                0x0000000008008aec       0x3c ./miosix/libmiosix.a(gpio_impl.o)
                0x0000000008008aec                _ZN6miosix8GpioBase6afImplEjhh
 .text.SystemInit
                0x0000000008008b28      0x118 ./miosix/libmiosix.a(system_stm32f4xx.o)
                0x0000000008008b28                SystemInit
 .text._ZN6miosix5MutexC2ENS0_7OptionsE
                0x0000000008008c40       0x1c ./miosix/libmiosix.a(sync.o)
                0x0000000008008c40                _ZN6miosix5MutexC1ENS0_7OptionsE
                0x0000000008008c40                _ZN6miosix5MutexC2ENS0_7OptionsE
 .text._ZNSt6vectorIPN6miosix6ThreadESaIS2_EE13_M_insert_auxEN9__gnu_cxx17__normal_iteratorIPS2_S4_EERKS2_
                0x0000000008008c5c       0xe4 ./miosix/libmiosix.a(sync.o)
                0x0000000008008c5c                _ZNSt6vectorIPN6miosix6ThreadESaIS2_EE13_M_insert_auxEN9__gnu_cxx17__normal_iteratorIPS2_S4_EERKS2_
 .text._ZSt11__push_heapIN9__gnu_cxx17__normal_iteratorIPPN6miosix6ThreadESt6vectorIS4_SaIS4_EEEEiS4_NS2_13LowerPriorityEEvT_T0_SC_T1_T2_
                0x0000000008008d40       0x5c ./miosix/libmiosix.a(sync.o)
                0x0000000008008d40                _ZSt11__push_heapIN9__gnu_cxx17__normal_iteratorIPPN6miosix6ThreadESt6vectorIS4_SaIS4_EEEEiS4_NS2_13LowerPriorityEEvT_T0_SC_T1_T2_
 .text._ZSt13__adjust_heapIN9__gnu_cxx17__normal_iteratorIPPN6miosix6ThreadESt6vectorIS4_SaIS4_EEEEiS4_NS2_13LowerPriorityEEvT_T0_SC_T1_T2_
                0x0000000008008d9c       0xa0 ./miosix/libmiosix.a(sync.o)
                0x0000000008008d9c                _ZSt13__adjust_heapIN9__gnu_cxx17__normal_iteratorIPPN6miosix6ThreadESt6vectorIS4_SaIS4_EEEEiS4_NS2_13LowerPriorityEEvT_T0_SC_T1_T2_
 .text._ZN6miosix5Mutex8PKunlockERNS_15PauseKernelLockE
                0x0000000008008e3c      0x18c ./miosix/libmiosix.a(sync.o)
                0x0000000008008e3c                _ZN6miosix5Mutex8PKunlockERNS_15PauseKernelLockE
 .text._ZN6miosix5Mutex6PKlockERNS_15PauseKernelLockE
                0x0000000008008fc8      0x130 ./miosix/libmiosix.a(sync.o)
                0x0000000008008fc8                _ZN6miosix5Mutex6PKlockERNS_15PauseKernelLockE
 .text._ZNSt12out_of_rangeD2Ev
                0x00000000080090f8       0x14 /opt/arm-miosix-eabi/lib/gcc/arm-eabi/4.5.2/../../../../arm-eabi/lib/thumb/thumb2/libstdc++.a(functexcept.o)
                0x00000000080090f8                _ZNSt12out_of_rangeD2Ev
                0x00000000080090f8                _ZNSt12out_of_rangeD1Ev
 .text._ZNSt12out_of_rangeD0Ev
                0x000000000800910c       0x1c /opt/arm-miosix-eabi/lib/gcc/arm-eabi/4.5.2/../../../../arm-eabi/lib/thumb/thumb2/libstdc++.a(functexcept.o)
                0x000000000800910c                _ZNSt12out_of_rangeD0Ev
 .text._ZNSt12length_errorD2Ev
                0x0000000008009128       0x14 /opt/arm-miosix-eabi/lib/gcc/arm-eabi/4.5.2/../../../../arm-eabi/lib/thumb/thumb2/libstdc++.a(functexcept.o)
                0x0000000008009128                _ZNSt12length_errorD2Ev
                0x0000000008009128                _ZNSt12length_errorD1Ev
 .text._ZNSt12length_errorD0Ev
                0x000000000800913c       0x1c /opt/arm-miosix-eabi/lib/gcc/arm-eabi/4.5.2/../../../../arm-eabi/lib/thumb/thumb2/libstdc++.a(functexcept.o)
                0x000000000800913c                _ZNSt12length_errorD0Ev
 .text._ZSt19__throw_logic_errorPKc
                0x0000000008009158       0x68 /opt/arm-miosix-eabi/lib/gcc/arm-eabi/4.5.2/../../../../arm-eabi/lib/thumb/thumb2/libstdc++.a(functexcept.o)
                0x0000000008009158                _ZSt19__throw_logic_errorPKc
 .text._ZSt20__throw_length_errorPKc
                0x00000000080091c0       0x68 /opt/arm-miosix-eabi/lib/gcc/arm-eabi/4.5.2/../../../../arm-eabi/lib/thumb/thumb2/libstdc++.a(functexcept.o)
                0x00000000080091c0                _ZSt20__throw_length_errorPKc
 .text._ZSt20__throw_out_of_rangePKc
                0x0000000008009228       0x68 /opt/arm-miosix-eabi/lib/gcc/arm-eabi/4.5.2/../../../../arm-eabi/lib/thumb/thumb2/libstdc++.a(functexcept.o)
                0x0000000008009228                _ZSt20__throw_out_of_rangePKc
 .text._ZNKSt11logic_error4whatEv
                0x0000000008009290        0x4 /opt/arm-miosix-eabi/lib/gcc/arm-eabi/4.5.2/../../../../arm-eabi/lib/thumb/thumb2/libstdc++.a(stdexcept.o)
                0x0000000008009290                _ZNKSt11logic_error4whatEv
 .text._ZNSt11logic_errorD2Ev
                0x0000000008009294       0x44 /opt/arm-miosix-eabi/lib/gcc/arm-eabi/4.5.2/../../../../arm-eabi/lib/thumb/thumb2/libstdc++.a(stdexcept.o)
                0x0000000008009294                _ZNSt11logic_errorD2Ev
                0x0000000008009294                _ZNSt11logic_errorD1Ev
 .text._ZNSt11logic_errorD0Ev
                0x00000000080092d8       0x14 /opt/arm-miosix-eabi/lib/gcc/arm-eabi/4.5.2/../../../../arm-eabi/lib/thumb/thumb2/libstdc++.a(stdexcept.o)
                0x00000000080092d8                _ZNSt11logic_errorD0Ev
 .text._ZNSt11logic_errorC2ERKSs
                0x00000000080092ec       0x20 /opt/arm-miosix-eabi/lib/gcc/arm-eabi/4.5.2/../../../../arm-eabi/lib/thumb/thumb2/libstdc++.a(stdexcept.o)
                0x00000000080092ec                _ZNSt11logic_errorC2ERKSs
                0x00000000080092ec                _ZNSt11logic_errorC1ERKSs
 .text._ZNSt12length_errorC2ERKSs
                0x000000000800930c       0x14 /opt/arm-miosix-eabi/lib/gcc/arm-eabi/4.5.2/../../../../arm-eabi/lib/thumb/thumb2/libstdc++.a(stdexcept.o)
                0x000000000800930c                _ZNSt12length_errorC1ERKSs
                0x000000000800930c                _ZNSt12length_errorC2ERKSs
 .text._ZNSt12out_of_rangeC2ERKSs
                0x0000000008009320       0x14 /opt/arm-miosix-eabi/lib/gcc/arm-eabi/4.5.2/../../../../arm-eabi/lib/thumb/thumb2/libstdc++.a(stdexcept.o)
                0x0000000008009320                _ZNSt12out_of_rangeC2ERKSs
                0x0000000008009320                _ZNSt12out_of_rangeC1ERKSs
 .text._ZNSt14error_categoryD2Ev
                0x0000000008009334        0xc /opt/arm-miosix-eabi/lib/gcc/arm-eabi/4.5.2/../../../../arm-eabi/lib/thumb/thumb2/libstdc++.a(system_error.o)
                0x0000000008009334                _ZNSt14error_categoryD1Ev
                0x0000000008009334                _ZNSt14error_categoryD2Ev
 .text._ZNK12_GLOBAL__N_122generic_error_category4nameEv
                0x0000000008009340        0xc /opt/arm-miosix-eabi/lib/gcc/arm-eabi/4.5.2/../../../../arm-eabi/lib/thumb/thumb2/libstdc++.a(system_error.o)
 .text._ZNK12_GLOBAL__N_121system_error_category4nameEv
                0x000000000800934c        0xc /opt/arm-miosix-eabi/lib/gcc/arm-eabi/4.5.2/../../../../arm-eabi/lib/thumb/thumb2/libstdc++.a(system_error.o)
 .text._ZNKSt14error_category23default_error_conditionEi
                0x0000000008009358        0x8 /opt/arm-miosix-eabi/lib/gcc/arm-eabi/4.5.2/../../../../arm-eabi/lib/thumb/thumb2/libstdc++.a(system_error.o)
                0x0000000008009358                _ZNKSt14error_category23default_error_conditionEi
 .text._ZNKSt14error_category10equivalentEiRKSt15error_condition
                0x0000000008009360       0x38 /opt/arm-miosix-eabi/lib/gcc/arm-eabi/4.5.2/../../../../arm-eabi/lib/thumb/thumb2/libstdc++.a(system_error.o)
                0x0000000008009360                _ZNKSt14error_category10equivalentEiRKSt15error_condition
 .text._ZNKSt14error_category10equivalentERKSt10error_codei
                0x0000000008009398       0x18 /opt/arm-miosix-eabi/lib/gcc/arm-eabi/4.5.2/../../../../arm-eabi/lib/thumb/thumb2/libstdc++.a(system_error.o)
                0x0000000008009398                _ZNKSt14error_category10equivalentERKSt10error_codei
 .text._ZN12_GLOBAL__N_121system_error_categoryD2Ev
                0x00000000080093b0        0xc /opt/arm-miosix-eabi/lib/gcc/arm-eabi/4.5.2/../../../../arm-eabi/lib/thumb/thumb2/libstdc++.a(system_error.o)
 .text._ZN12_GLOBAL__N_122generic_error_categoryD2Ev
                0x00000000080093bc        0xc /opt/arm-miosix-eabi/lib/gcc/arm-eabi/4.5.2/../../../../arm-eabi/lib/thumb/thumb2/libstdc++.a(system_error.o)
 .text._ZNSt14error_categoryD0Ev
                0x00000000080093c8       0x14 /opt/arm-miosix-eabi/lib/gcc/arm-eabi/4.5.2/../../../../arm-eabi/lib/thumb/thumb2/libstdc++.a(system_error.o)
                0x00000000080093c8                _ZNSt14error_categoryD0Ev
 .text._ZN12_GLOBAL__N_121system_error_categoryD0Ev
                0x00000000080093dc       0x14 /opt/arm-miosix-eabi/lib/gcc/arm-eabi/4.5.2/../../../../arm-eabi/lib/thumb/thumb2/libstdc++.a(system_error.o)
 .text._ZN12_GLOBAL__N_122generic_error_categoryD0Ev
                0x00000000080093f0       0x14 /opt/arm-miosix-eabi/lib/gcc/arm-eabi/4.5.2/../../../../arm-eabi/lib/thumb/thumb2/libstdc++.a(system_error.o)
 .text._ZNK12_GLOBAL__N_122generic_error_category7messageEi
                0x0000000008009404       0x1c /opt/arm-miosix-eabi/lib/gcc/arm-eabi/4.5.2/../../../../arm-eabi/lib/thumb/thumb2/libstdc++.a(system_error.o)
 .text._ZNK12_GLOBAL__N_121system_error_category7messageEi
                0x0000000008009420       0x1c /opt/arm-miosix-eabi/lib/gcc/arm-eabi/4.5.2/../../../../arm-eabi/lib/thumb/thumb2/libstdc++.a(system_error.o)
 .text._GLOBAL__I__ZSt15system_categoryv
                0x000000000800943c       0x50 /opt/arm-miosix-eabi/lib/gcc/arm-eabi/4.5.2/../../../../arm-eabi/lib/thumb/thumb2/libstdc++.a(system_error.o)
 .text._ZNSs4_Rep9_S_createEjjRKSaIcE
                0x000000000800948c       0x64 /opt/arm-miosix-eabi/lib/gcc/arm-eabi/4.5.2/../../../../arm-eabi/lib/thumb/thumb2/libstdc++.a(string-inst.o)
                0x000000000800948c                _ZNSs4_Rep9_S_createEjjRKSaIcE
 .text._ZNSs4_Rep10_M_destroyERKSaIcE
                0x00000000080094f0        0x8 /opt/arm-miosix-eabi/lib/gcc/arm-eabi/4.5.2/../../../../arm-eabi/lib/thumb/thumb2/libstdc++.a(string-inst.o)
                0x00000000080094f0                _ZNSs4_Rep10_M_destroyERKSaIcE
 .text._ZNSsD2Ev
                0x00000000080094f8       0x34 /opt/arm-miosix-eabi/lib/gcc/arm-eabi/4.5.2/../../../../arm-eabi/lib/thumb/thumb2/libstdc++.a(string-inst.o)
                0x00000000080094f8                _ZNSsD2Ev
                0x00000000080094f8                _ZNSsD1Ev
 .text._ZNSs9_M_mutateEjjj
                0x000000000800952c      0x120 /opt/arm-miosix-eabi/lib/gcc/arm-eabi/4.5.2/../../../../arm-eabi/lib/thumb/thumb2/libstdc++.a(string-inst.o)
                0x000000000800952c                _ZNSs9_M_mutateEjjj
 .text._ZNSs15_M_replace_safeEjjPKcj
                0x000000000800964c       0x30 /opt/arm-miosix-eabi/lib/gcc/arm-eabi/4.5.2/../../../../arm-eabi/lib/thumb/thumb2/libstdc++.a(string-inst.o)
                0x000000000800964c                _ZNSs15_M_replace_safeEjjPKcj
 .text._ZNSs6assignEPKcj
                0x000000000800967c       0xa0 /opt/arm-miosix-eabi/lib/gcc/arm-eabi/4.5.2/../../../../arm-eabi/lib/thumb/thumb2/libstdc++.a(string-inst.o)
                0x000000000800967c                _ZNSs6assignEPKcj
 .text._ZNSs4_Rep8_M_cloneERKSaIcEj
                0x000000000800971c       0x54 /opt/arm-miosix-eabi/lib/gcc/arm-eabi/4.5.2/../../../../arm-eabi/lib/thumb/thumb2/libstdc++.a(string-inst.o)
                0x000000000800971c                _ZNSs4_Rep8_M_cloneERKSaIcEj
 .text._ZNSsC2ERKSs
                0x0000000008009770       0x40 /opt/arm-miosix-eabi/lib/gcc/arm-eabi/4.5.2/../../../../arm-eabi/lib/thumb/thumb2/libstdc++.a(string-inst.o)
                0x0000000008009770                _ZNSsC1ERKSs
                0x0000000008009770                _ZNSsC2ERKSs
 .text._ZNSs12_S_constructIPKcEEPcT_S3_RKSaIcESt20forward_iterator_tag
                0x00000000080097b0       0x6c /opt/arm-miosix-eabi/lib/gcc/arm-eabi/4.5.2/../../../../arm-eabi/lib/thumb/thumb2/libstdc++.a(string-inst.o)
                0x00000000080097b0                _ZNSs12_S_constructIPKcEEPcT_S3_RKSaIcESt20forward_iterator_tag
 .text._ZNSsC2EPKcRKSaIcE
                0x000000000800981c       0x24 /opt/arm-miosix-eabi/lib/gcc/arm-eabi/4.5.2/../../../../arm-eabi/lib/thumb/thumb2/libstdc++.a(string-inst.o)
                0x000000000800981c                _ZNSsC1EPKcRKSaIcE
                0x000000000800981c                _ZNSsC2EPKcRKSaIcE
 .text._ZNK12_GLOBAL__N_121future_error_category4nameEv
                0x0000000008009840        0xc /opt/arm-miosix-eabi/lib/gcc/arm-eabi/4.5.2/../../../../arm-eabi/lib/thumb/thumb2/libstdc++.a(future.o)
 .text._ZN12_GLOBAL__N_121future_error_categoryD2Ev
                0x000000000800984c        0xc /opt/arm-miosix-eabi/lib/gcc/arm-eabi/4.5.2/../../../../arm-eabi/lib/thumb/thumb2/libstdc++.a(future.o)
 .text._ZN12_GLOBAL__N_121future_error_categoryD0Ev
                0x0000000008009858       0x14 /opt/arm-miosix-eabi/lib/gcc/arm-eabi/4.5.2/../../../../arm-eabi/lib/thumb/thumb2/libstdc++.a(future.o)
 .text._ZNK12_GLOBAL__N_121future_error_category7messageEi
                0x000000000800986c       0x5c /opt/arm-miosix-eabi/lib/gcc/arm-eabi/4.5.2/../../../../arm-eabi/lib/thumb/thumb2/libstdc++.a(future.o)
 .text._GLOBAL__I__ZSt15future_category
                0x00000000080098c8       0x50 /opt/arm-miosix-eabi/lib/gcc/arm-eabi/4.5.2/../../../../arm-eabi/lib/thumb/thumb2/libstdc++.a(future.o)
 .text._ZN9__gnu_cxx18__exchange_and_addEPVii
                0x0000000008009918       0x28 /opt/arm-miosix-eabi/lib/gcc/arm-eabi/4.5.2/../../../../arm-eabi/lib/thumb/thumb2/libstdc++.a(atomicity.o)
                0x0000000008009918                _ZN9__gnu_cxx18__exchange_and_addEPVii
 .text._ZN9__gnu_cxx12__atomic_addEPVii
                0x0000000008009940       0x24 /opt/arm-miosix-eabi/lib/gcc/arm-eabi/4.5.2/../../../../arm-eabi/lib/thumb/thumb2/libstdc++.a(atomicity.o)
                0x0000000008009940                _ZN9__gnu_cxx12__atomic_addEPVii
 .text._ZL23__gxx_exception_cleanup19_Unwind_Reason_CodeP21_Unwind_Control_Block
                0x0000000008009964       0x2c /opt/arm-miosix-eabi/lib/gcc/arm-eabi/4.5.2/../../../../arm-eabi/lib/thumb/thumb2/libstdc++.a(eh_throw.o)
 .text.__cxa_throw
                0x0000000008009990       0x80 /opt/arm-miosix-eabi/lib/gcc/arm-eabi/4.5.2/../../../../arm-eabi/lib/thumb/thumb2/libstdc++.a(eh_throw.o)
                0x0000000008009990                __cxa_throw
 .text.__cxa_rethrow
                0x0000000008009a10       0x70 /opt/arm-miosix-eabi/lib/gcc/arm-eabi/4.5.2/../../../../arm-eabi/lib/thumb/thumb2/libstdc++.a(eh_throw.o)
                0x0000000008009a10                __cxa_rethrow
 .text._ZN10__cxxabiv111__terminateEPFvvE
                0x0000000008009a80       0x2c /opt/arm-miosix-eabi/lib/gcc/arm-eabi/4.5.2/../../../../arm-eabi/lib/thumb/thumb2/libstdc++.a(eh_terminate.o)
                0x0000000008009a80                _ZN10__cxxabiv111__terminateEPFvvE
 .text._ZSt9terminatev
                0x0000000008009aac       0x10 /opt/arm-miosix-eabi/lib/gcc/arm-eabi/4.5.2/../../../../arm-eabi/lib/thumb/thumb2/libstdc++.a(eh_terminate.o)
                0x0000000008009aac                _ZSt9terminatev
 .text._ZN10__cxxabiv112__unexpectedEPFvvE
                0x0000000008009abc        0x8 /opt/arm-miosix-eabi/lib/gcc/arm-eabi/4.5.2/../../../../arm-eabi/lib/thumb/thumb2/libstdc++.a(eh_terminate.o)
                0x0000000008009abc                _ZN10__cxxabiv112__unexpectedEPFvvE
 .text._ZSt10unexpectedv
                0x0000000008009ac4       0x14 /opt/arm-miosix-eabi/lib/gcc/arm-eabi/4.5.2/../../../../arm-eabi/lib/thumb/thumb2/libstdc++.a(eh_terminate.o)
                0x0000000008009ac4                _ZSt10unexpectedv
 .text._ZNSt9exceptionD2Ev
                0x0000000008009ad8        0xc /opt/arm-miosix-eabi/lib/gcc/arm-eabi/4.5.2/../../../../arm-eabi/lib/thumb/thumb2/libstdc++.a(eh_exception.o)
                0x0000000008009ad8                _ZNSt9exceptionD2Ev
                0x0000000008009ad8                _ZNSt9exceptionD1Ev
 .text._ZNSt13bad_exceptionD2Ev
                0x0000000008009ae4        0xc /opt/arm-miosix-eabi/lib/gcc/arm-eabi/4.5.2/../../../../arm-eabi/lib/thumb/thumb2/libstdc++.a(eh_exception.o)
                0x0000000008009ae4                _ZNSt13bad_exceptionD2Ev
                0x0000000008009ae4                _ZNSt13bad_exceptionD1Ev
 .text._ZNKSt9exception4whatEv
                0x0000000008009af0        0xc /opt/arm-miosix-eabi/lib/gcc/arm-eabi/4.5.2/../../../../arm-eabi/lib/thumb/thumb2/libstdc++.a(eh_exception.o)
                0x0000000008009af0                _ZNKSt9exception4whatEv
 .text._ZNKSt13bad_exception4whatEv
                0x0000000008009afc        0xc /opt/arm-miosix-eabi/lib/gcc/arm-eabi/4.5.2/../../../../arm-eabi/lib/thumb/thumb2/libstdc++.a(eh_exception.o)
                0x0000000008009afc                _ZNKSt13bad_exception4whatEv
 .text._ZNSt13bad_exceptionD0Ev
                0x0000000008009b08       0x14 /opt/arm-miosix-eabi/lib/gcc/arm-eabi/4.5.2/../../../../arm-eabi/lib/thumb/thumb2/libstdc++.a(eh_exception.o)
                0x0000000008009b08                _ZNSt13bad_exceptionD0Ev
 .text._ZNSt9exceptionD0Ev
                0x0000000008009b1c       0x14 /opt/arm-miosix-eabi/lib/gcc/arm-eabi/4.5.2/../../../../arm-eabi/lib/thumb/thumb2/libstdc++.a(eh_exception.o)
                0x0000000008009b1c                _ZNSt9exceptionD0Ev
 .text._ZNK10__cxxabiv120__si_class_type_info11__do_upcastEPKNS_17__class_type_infoEPKvRNS1_15__upcast_resultE
                0x0000000008009b30       0x2c /opt/arm-miosix-eabi/lib/gcc/arm-eabi/4.5.2/../../../../arm-eabi/lib/thumb/thumb2/libstdc++.a(si_class_type_info.o)
                0x0000000008009b30                _ZNK10__cxxabiv120__si_class_type_info11__do_upcastEPKNS_17__class_type_infoEPKvRNS1_15__upcast_resultE
 .text._ZNK10__cxxabiv120__si_class_type_info12__do_dyncastEiNS_17__class_type_info10__sub_kindEPKS1_PKvS4_S6_RNS1_16__dyncast_resultE
                0x0000000008009b5c       0x94 /opt/arm-miosix-eabi/lib/gcc/arm-eabi/4.5.2/../../../../arm-eabi/lib/thumb/thumb2/libstdc++.a(si_class_type_info.o)
                0x0000000008009b5c                _ZNK10__cxxabiv120__si_class_type_info12__do_dyncastEiNS_17__class_type_info10__sub_kindEPKS1_PKvS4_S6_RNS1_16__dyncast_resultE
 .text._ZNK10__cxxabiv120__si_class_type_info20__do_find_public_srcEiPKvPKNS_17__class_type_infoES2_
                0x0000000008009bf0       0x3c /opt/arm-miosix-eabi/lib/gcc/arm-eabi/4.5.2/../../../../arm-eabi/lib/thumb/thumb2/libstdc++.a(si_class_type_info.o)
                0x0000000008009bf0                _ZNK10__cxxabiv120__si_class_type_info20__do_find_public_srcEiPKvPKNS_17__class_type_infoES2_
 .text._ZN10__cxxabiv120__si_class_type_infoD2Ev
                0x0000000008009c2c       0x14 /opt/arm-miosix-eabi/lib/gcc/arm-eabi/4.5.2/../../../../arm-eabi/lib/thumb/thumb2/libstdc++.a(si_class_type_info.o)
                0x0000000008009c2c                _ZN10__cxxabiv120__si_class_type_infoD2Ev
                0x0000000008009c2c                _ZN10__cxxabiv120__si_class_type_infoD1Ev
 .text._ZN10__cxxabiv120__si_class_type_infoD0Ev
                0x0000000008009c40       0x1c /opt/arm-miosix-eabi/lib/gcc/arm-eabi/4.5.2/../../../../arm-eabi/lib/thumb/thumb2/libstdc++.a(si_class_type_info.o)
                0x0000000008009c40                _ZN10__cxxabiv120__si_class_type_infoD0Ev
 .text._ZNSt9type_infoD2Ev
                0x0000000008009c5c        0xc /opt/arm-miosix-eabi/lib/gcc/arm-eabi/4.5.2/../../../../arm-eabi/lib/thumb/thumb2/libstdc++.a(tinfo.o)
                0x0000000008009c5c                _ZNSt9type_infoD1Ev
                0x0000000008009c5c                _ZNSt9type_infoD2Ev
 .text._ZNKSt9type_info14__is_pointer_pEv
                0x0000000008009c68        0x4 /opt/arm-miosix-eabi/lib/gcc/arm-eabi/4.5.2/../../../../arm-eabi/lib/thumb/thumb2/libstdc++.a(tinfo.o)
                0x0000000008009c68                _ZNKSt9type_info14__is_pointer_pEv
 .text._ZNKSt9type_info15__is_function_pEv
                0x0000000008009c6c        0x4 /opt/arm-miosix-eabi/lib/gcc/arm-eabi/4.5.2/../../../../arm-eabi/lib/thumb/thumb2/libstdc++.a(tinfo.o)
                0x0000000008009c6c                _ZNKSt9type_info15__is_function_pEv
 .text._ZNKSt9type_info11__do_upcastEPKN10__cxxabiv117__class_type_infoEPPv
                0x0000000008009c70        0x4 /opt/arm-miosix-eabi/lib/gcc/arm-eabi/4.5.2/../../../../arm-eabi/lib/thumb/thumb2/libstdc++.a(tinfo.o)
                0x0000000008009c70                _ZNKSt9type_info11__do_upcastEPKN10__cxxabiv117__class_type_infoEPPv
 .text._ZNSt9type_infoD0Ev
                0x0000000008009c74       0x14 /opt/arm-miosix-eabi/lib/gcc/arm-eabi/4.5.2/../../../../arm-eabi/lib/thumb/thumb2/libstdc++.a(tinfo.o)
                0x0000000008009c74                _ZNSt9type_infoD0Ev
 .text._ZNKSt9type_infoeqERKS_
                0x0000000008009c88       0x38 /opt/arm-miosix-eabi/lib/gcc/arm-eabi/4.5.2/../../../../arm-eabi/lib/thumb/thumb2/libstdc++.a(tinfo.o)
                0x0000000008009c88                _ZNKSt9type_infoeqERKS_
 .text._ZNKSt9type_info10__do_catchEPKS_PPvj
                0x0000000008009cc0        0x8 /opt/arm-miosix-eabi/lib/gcc/arm-eabi/4.5.2/../../../../arm-eabi/lib/thumb/thumb2/libstdc++.a(tinfo.o)
                0x0000000008009cc0                _ZNKSt9type_info10__do_catchEPKS_PPvj
 .text.__aeabi_atexit
                0x0000000008009cc8       0x10 /opt/arm-miosix-eabi/lib/gcc/arm-eabi/4.5.2/../../../../arm-eabi/lib/thumb/thumb2/libstdc++.a(atexit_arm.o)
                0x0000000008009cc8                __aeabi_atexit
 .text._ZNK10__cxxabiv117__class_type_info11__do_upcastEPKS0_PPv
                0x0000000008009cd8       0x3c /opt/arm-miosix-eabi/lib/gcc/arm-eabi/4.5.2/../../../../arm-eabi/lib/thumb/thumb2/libstdc++.a(class_type_info.o)
                0x0000000008009cd8                _ZNK10__cxxabiv117__class_type_info11__do_upcastEPKS0_PPv
 .text._ZNK10__cxxabiv117__class_type_info20__do_find_public_srcEiPKvPKS0_S2_
                0x0000000008009d14        0xc /opt/arm-miosix-eabi/lib/gcc/arm-eabi/4.5.2/../../../../arm-eabi/lib/thumb/thumb2/libstdc++.a(class_type_info.o)
                0x0000000008009d14                _ZNK10__cxxabiv117__class_type_info20__do_find_public_srcEiPKvPKS0_S2_
 .text._ZNK10__cxxabiv117__class_type_info11__do_upcastEPKS0_PKvRNS0_15__upcast_resultE
                0x0000000008009d20       0x1c /opt/arm-miosix-eabi/lib/gcc/arm-eabi/4.5.2/../../../../arm-eabi/lib/thumb/thumb2/libstdc++.a(class_type_info.o)
                0x0000000008009d20                _ZNK10__cxxabiv117__class_type_info11__do_upcastEPKS0_PKvRNS0_15__upcast_resultE
 .text._ZNK10__cxxabiv117__class_type_info12__do_dyncastEiNS0_10__sub_kindEPKS0_PKvS3_S5_RNS0_16__dyncast_resultE
                0x0000000008009d3c       0x3c /opt/arm-miosix-eabi/lib/gcc/arm-eabi/4.5.2/../../../../arm-eabi/lib/thumb/thumb2/libstdc++.a(class_type_info.o)
                0x0000000008009d3c                _ZNK10__cxxabiv117__class_type_info12__do_dyncastEiNS0_10__sub_kindEPKS0_PKvS3_S5_RNS0_16__dyncast_resultE
 .text._ZNK10__cxxabiv117__class_type_info10__do_catchEPKSt9type_infoPPvj
                0x0000000008009d78       0x28 /opt/arm-miosix-eabi/lib/gcc/arm-eabi/4.5.2/../../../../arm-eabi/lib/thumb/thumb2/libstdc++.a(class_type_info.o)
                0x0000000008009d78                _ZNK10__cxxabiv117__class_type_info10__do_catchEPKSt9type_infoPPvj
 .text._ZN10__cxxabiv117__class_type_infoD2Ev
                0x0000000008009da0       0x14 /opt/arm-miosix-eabi/lib/gcc/arm-eabi/4.5.2/../../../../arm-eabi/lib/thumb/thumb2/libstdc++.a(class_type_info.o)
                0x0000000008009da0                _ZN10__cxxabiv117__class_type_infoD1Ev
                0x0000000008009da0                _ZN10__cxxabiv117__class_type_infoD2Ev
 .text._ZN10__cxxabiv117__class_type_infoD0Ev
                0x0000000008009db4       0x1c /opt/arm-miosix-eabi/lib/gcc/arm-eabi/4.5.2/../../../../arm-eabi/lib/thumb/thumb2/libstdc++.a(class_type_info.o)
                0x0000000008009db4                _ZN10__cxxabiv117__class_type_infoD0Ev
 .text.__cxa_pure_virtual
                0x0000000008009dd0       0x18 /opt/arm-miosix-eabi/lib/gcc/arm-eabi/4.5.2/../../../../arm-eabi/lib/thumb/thumb2/libstdc++.a(pure.o)
                0x0000000008009dd0                __cxa_pure_virtual
 .text._ZNK9__gnu_cxx24__concurrence_lock_error4whatEv
                0x0000000008009de8        0xc /opt/arm-miosix-eabi/lib/gcc/arm-eabi/4.5.2/../../../../arm-eabi/lib/thumb/thumb2/libstdc++.a(eh_alloc.o)
                0x0000000008009de8                _ZNK9__gnu_cxx24__concurrence_lock_error4whatEv
 .text._ZNK9__gnu_cxx26__concurrence_unlock_error4whatEv
                0x0000000008009df4        0xc /opt/arm-miosix-eabi/lib/gcc/arm-eabi/4.5.2/../../../../arm-eabi/lib/thumb/thumb2/libstdc++.a(eh_alloc.o)
                0x0000000008009df4                _ZNK9__gnu_cxx26__concurrence_unlock_error4whatEv
 .text._ZN9__gnu_cxx24__concurrence_lock_errorD2Ev
                0x0000000008009e00       0x14 /opt/arm-miosix-eabi/lib/gcc/arm-eabi/4.5.2/../../../../arm-eabi/lib/thumb/thumb2/libstdc++.a(eh_alloc.o)
                0x0000000008009e00                _ZN9__gnu_cxx24__concurrence_lock_errorD2Ev
                0x0000000008009e00                _ZN9__gnu_cxx24__concurrence_lock_errorD1Ev
 .text._ZN9__gnu_cxx24__concurrence_lock_errorD0Ev
                0x0000000008009e14       0x1c /opt/arm-miosix-eabi/lib/gcc/arm-eabi/4.5.2/../../../../arm-eabi/lib/thumb/thumb2/libstdc++.a(eh_alloc.o)
                0x0000000008009e14                _ZN9__gnu_cxx24__concurrence_lock_errorD0Ev
 .text._ZN9__gnu_cxx26__concurrence_unlock_errorD2Ev
                0x0000000008009e30       0x14 /opt/arm-miosix-eabi/lib/gcc/arm-eabi/4.5.2/../../../../arm-eabi/lib/thumb/thumb2/libstdc++.a(eh_alloc.o)
                0x0000000008009e30                _ZN9__gnu_cxx26__concurrence_unlock_errorD1Ev
                0x0000000008009e30                _ZN9__gnu_cxx26__concurrence_unlock_errorD2Ev
 .text._ZN9__gnu_cxx26__concurrence_unlock_errorD0Ev
                0x0000000008009e44       0x1c /opt/arm-miosix-eabi/lib/gcc/arm-eabi/4.5.2/../../../../arm-eabi/lib/thumb/thumb2/libstdc++.a(eh_alloc.o)
                0x0000000008009e44                _ZN9__gnu_cxx26__concurrence_unlock_errorD0Ev
 .text.__cxa_allocate_exception
                0x0000000008009e60       0xd4 /opt/arm-miosix-eabi/lib/gcc/arm-eabi/4.5.2/../../../../arm-eabi/lib/thumb/thumb2/libstdc++.a(eh_alloc.o)
                0x0000000008009e60                __cxa_allocate_exception
 .text.__cxa_free_exception
                0x0000000008009f34       0xa8 /opt/arm-miosix-eabi/lib/gcc/arm-eabi/4.5.2/../../../../arm-eabi/lib/thumb/thumb2/libstdc++.a(eh_alloc.o)
                0x0000000008009f34                __cxa_free_exception
 .text._GLOBAL__I___cxa_allocate_exception
                0x0000000008009fdc       0x18 /opt/arm-miosix-eabi/lib/gcc/arm-eabi/4.5.2/../../../../arm-eabi/lib/thumb/thumb2/libstdc++.a(eh_alloc.o)
 .text._Znwj    0x0000000008009ff4       0x5c /opt/arm-miosix-eabi/lib/gcc/arm-eabi/4.5.2/../../../../arm-eabi/lib/thumb/thumb2/libstdc++.a(new_op.o)
                0x0000000008009ff4                _Znwj
 .text.__cxa_type_match
                0x000000000800a050       0xe8 /opt/arm-miosix-eabi/lib/gcc/arm-eabi/4.5.2/../../../../arm-eabi/lib/thumb/thumb2/libstdc++.a(eh_arm.o)
                0x000000000800a050                __cxa_type_match
 .text.__cxa_begin_cleanup
                0x000000000800a138       0x70 /opt/arm-miosix-eabi/lib/gcc/arm-eabi/4.5.2/../../../../arm-eabi/lib/thumb/thumb2/libstdc++.a(eh_arm.o)
                0x000000000800a138                __cxa_begin_cleanup
 .text.__gnu_end_cleanup
                0x000000000800a1a8       0x70 /opt/arm-miosix-eabi/lib/gcc/arm-eabi/4.5.2/../../../../arm-eabi/lib/thumb/thumb2/libstdc++.a(eh_arm.o)
                0x000000000800a1a8                __gnu_end_cleanup
 .text._ZNKSt10bad_typeid4whatEv
                0x000000000800a218        0xc /opt/arm-miosix-eabi/lib/gcc/arm-eabi/4.5.2/../../../../arm-eabi/lib/thumb/thumb2/libstdc++.a(bad_typeid.o)
                0x000000000800a218                _ZNKSt10bad_typeid4whatEv
 .text._ZNSt10bad_typeidD2Ev
                0x000000000800a224       0x14 /opt/arm-miosix-eabi/lib/gcc/arm-eabi/4.5.2/../../../../arm-eabi/lib/thumb/thumb2/libstdc++.a(bad_typeid.o)
                0x000000000800a224                _ZNSt10bad_typeidD1Ev
                0x000000000800a224                _ZNSt10bad_typeidD2Ev
 .text._ZNSt10bad_typeidD0Ev
                0x000000000800a238       0x1c /opt/arm-miosix-eabi/lib/gcc/arm-eabi/4.5.2/../../../../arm-eabi/lib/thumb/thumb2/libstdc++.a(bad_typeid.o)
                0x000000000800a238                _ZNSt10bad_typeidD0Ev
 .text.__cxa_call_terminate
                0x000000000800a254       0x48 /opt/arm-miosix-eabi/lib/gcc/arm-eabi/4.5.2/../../../../arm-eabi/lib/thumb/thumb2/libstdc++.a(eh_call.o)
                0x000000000800a254                __cxa_call_terminate
 .text.__cxa_call_unexpected
                0x000000000800a29c      0x120 /opt/arm-miosix-eabi/lib/gcc/arm-eabi/4.5.2/../../../../arm-eabi/lib/thumb/thumb2/libstdc++.a(eh_call.o)
                0x000000000800a29c                __cxa_call_unexpected
 .text.__cxa_begin_catch
                0x000000000800a3bc       0x94 /opt/arm-miosix-eabi/lib/gcc/arm-eabi/4.5.2/../../../../arm-eabi/lib/thumb/thumb2/libstdc++.a(eh_catch.o)
                0x000000000800a3bc                __cxa_begin_catch
 .text.__cxa_end_catch
                0x000000000800a450       0x90 /opt/arm-miosix-eabi/lib/gcc/arm-eabi/4.5.2/../../../../arm-eabi/lib/thumb/thumb2/libstdc++.a(eh_catch.o)
                0x000000000800a450                __cxa_end_catch
 .text._ZL12read_sleb128PKhPl
                0x000000000800a4e0       0x38 /opt/arm-miosix-eabi/lib/gcc/arm-eabi/4.5.2/../../../../arm-eabi/lib/thumb/thumb2/libstdc++.a(eh_personality.o)
 .text._ZL28read_encoded_value_with_basehjPKhPj
                0x000000000800a518       0xd0 /opt/arm-miosix-eabi/lib/gcc/arm-eabi/4.5.2/../../../../arm-eabi/lib/thumb/thumb2/libstdc++.a(eh_personality.o)
 .text._ZL21base_of_encoded_valuehP15_Unwind_Context
                0x000000000800a5e8       0x48 /opt/arm-miosix-eabi/lib/gcc/arm-eabi/4.5.2/../../../../arm-eabi/lib/thumb/thumb2/libstdc++.a(eh_personality.o)
 .text._ZL17parse_lsda_headerP15_Unwind_ContextPKhP16lsda_header_info
                0x000000000800a630       0x8c /opt/arm-miosix-eabi/lib/gcc/arm-eabi/4.5.2/../../../../arm-eabi/lib/thumb/thumb2/libstdc++.a(eh_personality.o)
 .text.__gxx_personality_v0
                0x000000000800a6bc      0x3c4 /opt/arm-miosix-eabi/lib/gcc/arm-eabi/4.5.2/../../../../arm-eabi/lib/thumb/thumb2/libstdc++.a(eh_personality.o)
                0x000000000800a6bc                __gxx_personality_v0
 .text._ZdlPv   0x000000000800aa80        0xc /opt/arm-miosix-eabi/lib/gcc/arm-eabi/4.5.2/../../../../arm-eabi/lib/thumb/thumb2/libstdc++.a(del_op.o)
                0x000000000800aa80                _ZdlPv
 .text._ZNKSt9bad_alloc4whatEv
                0x000000000800aa8c        0xc /opt/arm-miosix-eabi/lib/gcc/arm-eabi/4.5.2/../../../../arm-eabi/lib/thumb/thumb2/libstdc++.a(new_handler.o)
                0x000000000800aa8c                _ZNKSt9bad_alloc4whatEv
 .text._ZNSt9bad_allocD2Ev
                0x000000000800aa98       0x14 /opt/arm-miosix-eabi/lib/gcc/arm-eabi/4.5.2/../../../../arm-eabi/lib/thumb/thumb2/libstdc++.a(new_handler.o)
                0x000000000800aa98                _ZNSt9bad_allocD2Ev
                0x000000000800aa98                _ZNSt9bad_allocD1Ev
 .text._ZNSt9bad_allocD0Ev
                0x000000000800aaac       0x1c /opt/arm-miosix-eabi/lib/gcc/arm-eabi/4.5.2/../../../../arm-eabi/lib/thumb/thumb2/libstdc++.a(new_handler.o)
                0x000000000800aaac                _ZNSt9bad_allocD0Ev
 .text.__cxa_bad_typeid
                0x000000000800aac8       0x24 /opt/arm-miosix-eabi/lib/gcc/arm-eabi/4.5.2/../../../../arm-eabi/lib/thumb/thumb2/libstdc++.a(eh_aux_runtime.o)
                0x000000000800aac8                __cxa_bad_typeid
 .text._ZN10__cxxabiv123__fundamental_type_infoD2Ev
                0x000000000800aaec       0x14 /opt/arm-miosix-eabi/lib/gcc/arm-eabi/4.5.2/../../../../arm-eabi/lib/thumb/thumb2/libstdc++.a(fundamental_type_info.o)
                0x000000000800aaec                _ZN10__cxxabiv123__fundamental_type_infoD1Ev
                0x000000000800aaec                _ZN10__cxxabiv123__fundamental_type_infoD2Ev
 .text._ZN10__cxxabiv123__fundamental_type_infoD0Ev
                0x000000000800ab00       0x1c /opt/arm-miosix-eabi/lib/gcc/arm-eabi/4.5.2/../../../../arm-eabi/lib/thumb/thumb2/libstdc++.a(fundamental_type_info.o)
                0x000000000800ab00                _ZN10__cxxabiv123__fundamental_type_infoD0Ev
 .text._ZNK10__cxxabiv119__pointer_type_info14__is_pointer_pEv
                0x000000000800ab1c        0x4 /opt/arm-miosix-eabi/lib/gcc/arm-eabi/4.5.2/../../../../arm-eabi/lib/thumb/thumb2/libstdc++.a(pointer_type_info.o)
                0x000000000800ab1c                _ZNK10__cxxabiv119__pointer_type_info14__is_pointer_pEv
 .text._ZNK10__cxxabiv119__pointer_type_info15__pointer_catchEPKNS_17__pbase_type_infoEPPvj
                0x000000000800ab20       0x50 /opt/arm-miosix-eabi/lib/gcc/arm-eabi/4.5.2/../../../../arm-eabi/lib/thumb/thumb2/libstdc++.a(pointer_type_info.o)
                0x000000000800ab20                _ZNK10__cxxabiv119__pointer_type_info15__pointer_catchEPKNS_17__pbase_type_infoEPPvj
 .text._ZN10__cxxabiv119__pointer_type_infoD2Ev
                0x000000000800ab70       0x14 /opt/arm-miosix-eabi/lib/gcc/arm-eabi/4.5.2/../../../../arm-eabi/lib/thumb/thumb2/libstdc++.a(pointer_type_info.o)
                0x000000000800ab70                _ZN10__cxxabiv119__pointer_type_infoD1Ev
                0x000000000800ab70                _ZN10__cxxabiv119__pointer_type_infoD2Ev
 .text._ZN10__cxxabiv119__pointer_type_infoD0Ev
                0x000000000800ab84       0x1c /opt/arm-miosix-eabi/lib/gcc/arm-eabi/4.5.2/../../../../arm-eabi/lib/thumb/thumb2/libstdc++.a(pointer_type_info.o)
                0x000000000800ab84                _ZN10__cxxabiv119__pointer_type_infoD0Ev
 .text._ZNK10__cxxabiv117__pbase_type_info15__pointer_catchEPKS0_PPvj
                0x000000000800aba0       0x18 /opt/arm-miosix-eabi/lib/gcc/arm-eabi/4.5.2/../../../../arm-eabi/lib/thumb/thumb2/libstdc++.a(pbase_type_info.o)
                0x000000000800aba0                _ZNK10__cxxabiv117__pbase_type_info15__pointer_catchEPKS0_PPvj
 .text._ZNK10__cxxabiv117__pbase_type_info10__do_catchEPKSt9type_infoPPvj
                0x000000000800abb8       0x68 /opt/arm-miosix-eabi/lib/gcc/arm-eabi/4.5.2/../../../../arm-eabi/lib/thumb/thumb2/libstdc++.a(pbase_type_info.o)
                0x000000000800abb8                _ZNK10__cxxabiv117__pbase_type_info10__do_catchEPKSt9type_infoPPvj
 .text._ZN10__cxxabiv117__pbase_type_infoD2Ev
                0x000000000800ac20       0x14 /opt/arm-miosix-eabi/lib/gcc/arm-eabi/4.5.2/../../../../arm-eabi/lib/thumb/thumb2/libstdc++.a(pbase_type_info.o)
                0x000000000800ac20                _ZN10__cxxabiv117__pbase_type_infoD1Ev
                0x000000000800ac20                _ZN10__cxxabiv117__pbase_type_infoD2Ev
 .text._ZN10__cxxabiv117__pbase_type_infoD0Ev
                0x000000000800ac34       0x1c /opt/arm-miosix-eabi/lib/gcc/arm-eabi/4.5.2/../../../../arm-eabi/lib/thumb/thumb2/libstdc++.a(pbase_type_info.o)
                0x000000000800ac34                _ZN10__cxxabiv117__pbase_type_infoD0Ev
 .text.pthread_mutex_destroy
                0x000000000800ac50        0xc ./miosix/libmiosix.a(pthread.o)
                0x000000000800ac50                pthread_mutex_destroy
 .text.pthread_mutex_lock
                0x000000000800ac5c       0x78 ./miosix/libmiosix.a(pthread.o)
                0x000000000800ac5c                pthread_mutex_lock
 .text.pthread_mutex_unlock
                0x000000000800acd4       0x48 ./miosix/libmiosix.a(pthread.o)
                0x000000000800acd4                pthread_mutex_unlock
 *(.gnu.linkonce.t.*)
 *(.glue_7)
 .glue_7        0x0000000000000000        0x0 linker stubs
 *(.glue_7t)
 .glue_7t       0x0000000000000000        0x0 linker stubs
 *(.gcc_except_table)
 *(.gcc_except_table.*)
 *(.ARM.extab*)
 .ARM.extab.text._ZN11FlashDriver5writeEjc
                0x000000000800ad1c        0xc FlashDriver.o
 .ARM.extab.text._ZN11FlashDriver5writeEjs
                0x000000000800ad28        0xc FlashDriver.o
 .ARM.extab.text._ZNSt6vectorIjSaIjEE13_M_insert_auxEN9__gnu_cxx17__normal_iteratorIPjS1_EERKj
                0x000000000800ad34        0x0 FileSystem.o
 .ARM.extab.text._ZN10FileSystem4openEPKcii
                0x000000000800ad34       0x34 FileSystem.o
 .ARM.extab.text._Z15program_startupv
                0x000000000800ad68        0xc miosix/arch/cortexM4_stm32f4/stm32f407vg_stm32f4discovery/core/stage_1_boot.o
 .ARM.extab.text._Z13Reset_Handlerv
                0x000000000800ad74        0xc miosix/arch/cortexM4_stm32f4/stm32f407vg_stm32f4discovery/core/stage_1_boot.o
 .ARM.extab.text.Default_Handler
                0x000000000800ad80        0xc miosix/arch/cortexM4_stm32f4/stm32f407vg_stm32f4discovery/core/stage_1_boot.o
 .ARM.extab.text._ZN6miosix10idleThreadEPv
                0x000000000800ad8c       0x1c ./miosix/libmiosix.a(kernel.o)
 .ARM.extab.text._ZN6miosix6Thread6createEPFPvS1_EjNS_25PrioritySchedulerPriorityES1_t
                0x000000000800ada8       0x24 ./miosix/libmiosix.a(kernel.o)
 .ARM.extab.text._ZN6miosix6Thread14threadLauncherEPFPvS1_ES1_
                0x000000000800adcc       0x34 ./miosix/libmiosix.a(kernel.o)
 .ARM.extab.text._ZN6miosixL10mainLoaderEPv
                0x000000000800ae00       0x38 ./miosix/libmiosix.a(stage_2_boot.o)
 .ARM.extab.text.__cxa_get_globals_fast
                0x000000000800ae38        0xc ./miosix/libmiosix.a(syscalls.o)
 .ARM.extab.text.__cxa_get_globals
                0x000000000800ae44        0xc ./miosix/libmiosix.a(syscalls.o)
 .ARM.extab.text._ZN9__gnu_cxx27__verbose_terminate_handlerEv
                0x000000000800ae50        0xc ./miosix/libmiosix.a(syscalls.o)
 .ARM.extab.text.__cxa_guard_acquire
                0x000000000800ae5c       0x2c ./miosix/libmiosix.a(syscalls.o)
 .ARM.extab.text._exit
                0x000000000800ae88        0xc ./miosix/libmiosix.a(syscalls.o)
 .ARM.extab.text.__malloc_lock
                0x000000000800ae94        0xc ./miosix/libmiosix.a(syscalls.o)
 .ARM.extab.text.__malloc_unlock
                0x000000000800aea0        0xc ./miosix/libmiosix.a(syscalls.o)
 .ARM.extab.text._close_r
                0x000000000800aeac        0xc ./miosix/libmiosix.a(syscalls.o)
 .ARM.extab.text._write_r
                0x000000000800aeb8        0xc ./miosix/libmiosix.a(syscalls.o)
 .ARM.extab.text._read_r
                0x000000000800aec4        0xc ./miosix/libmiosix.a(syscalls.o)
 .ARM.extab.text._lseek_r
                0x000000000800aed0        0xc ./miosix/libmiosix.a(syscalls.o)
 .ARM.extab.text._ZN6miosix17PriorityScheduler19PKremoveDeadThreadsEv
                0x000000000800aedc        0xc ./miosix/libmiosix.a(priority_scheduler.o)
 .ARM.extab.text._ZN6miosix15MemoryProfiling18getCurrentFreeHeapEv
                0x000000000800aee8        0xc ./miosix/libmiosix.a(util.o)
 .ARM.extab.text._ZN6miosix5MutexD2Ev
                0x000000000800aef4        0x0 ./miosix/libmiosix.a(console.o)
 .ARM.extab.text._ZN6miosixL15serialWriteImplEPKcj
                0x000000000800aef4       0x24 ./miosix/libmiosix.a(console.o)
 .ARM.extab.text._ZN6miosix5Mutex6unlockEv
                0x000000000800af18       0x1c ./miosix/libmiosix.a(console.o)
 .ARM.extab.text._ZN6miosix7Console5writeEPKci
                0x000000000800af34        0xc ./miosix/libmiosix.a(console.o)
 .ARM.extab.text._ZN6miosix7Console8readCharEv
                0x000000000800af40       0x48 ./miosix/libmiosix.a(console.o)
 .ARM.extab.text._ZN6miosix8shutdownEv
                0x000000000800af88        0xc ./miosix/libmiosix.a(bsp.o)
 .ARM.extab.text._ZN6miosix6rebootEv
                0x000000000800af94        0xc ./miosix/libmiosix.a(bsp.o)
 .ARM.extab.text._ZL19printProgramCounterv
                0x000000000800afa0        0xc ./miosix/libmiosix.a(interrupts.o)
 .ARM.extab.text._ZL20waitConsoleAndRebootv
                0x000000000800afac        0xc ./miosix/libmiosix.a(interrupts.o)
 .ARM.extab.text._Z11NMI_Handlerv
                0x000000000800afb8        0xc ./miosix/libmiosix.a(interrupts.o)
 .ARM.extab.text._Z16DebugMon_Handlerv
                0x000000000800afc4        0xc ./miosix/libmiosix.a(interrupts.o)
 .ARM.extab.text._Z14PendSV_Handlerv
                0x000000000800afd0        0xc ./miosix/libmiosix.a(interrupts.o)
 .ARM.extab.text._Z19unexpectedInterruptv
                0x000000000800afdc        0xc ./miosix/libmiosix.a(interrupts.o)
 .ARM.extab.text._ZN14miosix_private9ISR_yieldEv
                0x000000000800afe8        0xc ./miosix/libmiosix.a(portability.o)
 .ARM.extab.text._ZN14miosix_private11ISR_preemptEv
                0x000000000800aff4        0xc ./miosix/libmiosix.a(portability.o)
 .ARM.extab.text._ZNSt6vectorIPN6miosix6ThreadESaIS2_EE13_M_insert_auxEN9__gnu_cxx17__normal_iteratorIPS2_S4_EERKS2_
                0x000000000800b000        0x0 ./miosix/libmiosix.a(sync.o)
 .ARM.extab.text._ZSt11__push_heapIN9__gnu_cxx17__normal_iteratorIPPN6miosix6ThreadESt6vectorIS4_SaIS4_EEEEiS4_NS2_13LowerPriorityEEvT_T0_SC_T1_T2_
                0x000000000800b000        0x0 ./miosix/libmiosix.a(sync.o)
 .ARM.extab.text._ZSt13__adjust_heapIN9__gnu_cxx17__normal_iteratorIPPN6miosix6ThreadESt6vectorIS4_SaIS4_EEEEiS4_NS2_13LowerPriorityEEvT_T0_SC_T1_T2_
                0x000000000800b000        0x0 ./miosix/libmiosix.a(sync.o)
 .ARM.extab.text._ZN6miosix5Mutex6PKlockERNS_15PauseKernelLockE
                0x000000000800b000       0x2c ./miosix/libmiosix.a(sync.o)
 .ARM.extab.text._ZNSt12out_of_rangeD2Ev
                0x000000000800b02c        0x0 /opt/arm-miosix-eabi/lib/gcc/arm-eabi/4.5.2/../../../../arm-eabi/lib/thumb/thumb2/libstdc++.a(functexcept.o)
 .ARM.extab.text._ZNSt12out_of_rangeD0Ev
                0x000000000800b02c        0x0 /opt/arm-miosix-eabi/lib/gcc/arm-eabi/4.5.2/../../../../arm-eabi/lib/thumb/thumb2/libstdc++.a(functexcept.o)
 .ARM.extab.text._ZNSt12length_errorD2Ev
                0x000000000800b02c        0x0 /opt/arm-miosix-eabi/lib/gcc/arm-eabi/4.5.2/../../../../arm-eabi/lib/thumb/thumb2/libstdc++.a(functexcept.o)
 .ARM.extab.text._ZNSt12length_errorD0Ev
                0x000000000800b02c        0x0 /opt/arm-miosix-eabi/lib/gcc/arm-eabi/4.5.2/../../../../arm-eabi/lib/thumb/thumb2/libstdc++.a(functexcept.o)
 .ARM.extab.text._ZSt19__throw_logic_errorPKc
                0x000000000800b02c       0x18 /opt/arm-miosix-eabi/lib/gcc/arm-eabi/4.5.2/../../../../arm-eabi/lib/thumb/thumb2/libstdc++.a(functexcept.o)
 .ARM.extab.text._ZSt20__throw_length_errorPKc
                0x000000000800b044       0x18 /opt/arm-miosix-eabi/lib/gcc/arm-eabi/4.5.2/../../../../arm-eabi/lib/thumb/thumb2/libstdc++.a(functexcept.o)
 .ARM.extab.text._ZSt20__throw_out_of_rangePKc
                0x000000000800b05c       0x18 /opt/arm-miosix-eabi/lib/gcc/arm-eabi/4.5.2/../../../../arm-eabi/lib/thumb/thumb2/libstdc++.a(functexcept.o)
 .ARM.extab.text._ZNSt11logic_errorC2ERKSs
                0x000000000800b074       0x14 /opt/arm-miosix-eabi/lib/gcc/arm-eabi/4.5.2/../../../../arm-eabi/lib/thumb/thumb2/libstdc++.a(stdexcept.o)
 .ARM.extab.text._ZNSt14error_categoryD2Ev
                0x000000000800b088        0x0 /opt/arm-miosix-eabi/lib/gcc/arm-eabi/4.5.2/../../../../arm-eabi/lib/thumb/thumb2/libstdc++.a(system_error.o)
 .ARM.extab.text._ZNSt14error_categoryD0Ev
                0x000000000800b088        0x0 /opt/arm-miosix-eabi/lib/gcc/arm-eabi/4.5.2/../../../../arm-eabi/lib/thumb/thumb2/libstdc++.a(system_error.o)
 .ARM.extab.text._ZNSs4_Rep9_S_createEjjRKSaIcE
                0x000000000800b088        0x0 /opt/arm-miosix-eabi/lib/gcc/arm-eabi/4.5.2/../../../../arm-eabi/lib/thumb/thumb2/libstdc++.a(string-inst.o)
 .ARM.extab.text._ZNSs4_Rep10_M_destroyERKSaIcE
                0x000000000800b088        0x0 /opt/arm-miosix-eabi/lib/gcc/arm-eabi/4.5.2/../../../../arm-eabi/lib/thumb/thumb2/libstdc++.a(string-inst.o)
 .ARM.extab.text._ZNSsD2Ev
                0x000000000800b088        0x0 /opt/arm-miosix-eabi/lib/gcc/arm-eabi/4.5.2/../../../../arm-eabi/lib/thumb/thumb2/libstdc++.a(string-inst.o)
 .ARM.extab.text._ZNSs9_M_mutateEjjj
                0x000000000800b088        0x0 /opt/arm-miosix-eabi/lib/gcc/arm-eabi/4.5.2/../../../../arm-eabi/lib/thumb/thumb2/libstdc++.a(string-inst.o)
 .ARM.extab.text._ZNSs15_M_replace_safeEjjPKcj
                0x000000000800b088        0x0 /opt/arm-miosix-eabi/lib/gcc/arm-eabi/4.5.2/../../../../arm-eabi/lib/thumb/thumb2/libstdc++.a(string-inst.o)
 .ARM.extab.text._ZNSs6assignEPKcj
                0x000000000800b088        0x0 /opt/arm-miosix-eabi/lib/gcc/arm-eabi/4.5.2/../../../../arm-eabi/lib/thumb/thumb2/libstdc++.a(string-inst.o)
 .ARM.extab.text._ZNSs4_Rep8_M_cloneERKSaIcEj
                0x000000000800b088        0x0 /opt/arm-miosix-eabi/lib/gcc/arm-eabi/4.5.2/../../../../arm-eabi/lib/thumb/thumb2/libstdc++.a(string-inst.o)
 .ARM.extab.text._ZNSsC2ERKSs
                0x000000000800b088        0x0 /opt/arm-miosix-eabi/lib/gcc/arm-eabi/4.5.2/../../../../arm-eabi/lib/thumb/thumb2/libstdc++.a(string-inst.o)
 .ARM.extab.text._ZNSs12_S_constructIPKcEEPcT_S3_RKSaIcESt20forward_iterator_tag
                0x000000000800b088        0x0 /opt/arm-miosix-eabi/lib/gcc/arm-eabi/4.5.2/../../../../arm-eabi/lib/thumb/thumb2/libstdc++.a(string-inst.o)
 .ARM.extab.text._ZNSsC2EPKcRKSaIcE
                0x000000000800b088        0x0 /opt/arm-miosix-eabi/lib/gcc/arm-eabi/4.5.2/../../../../arm-eabi/lib/thumb/thumb2/libstdc++.a(string-inst.o)
 .ARM.extab.text._ZNK12_GLOBAL__N_121future_error_category7messageEi
                0x000000000800b088       0x14 /opt/arm-miosix-eabi/lib/gcc/arm-eabi/4.5.2/../../../../arm-eabi/lib/thumb/thumb2/libstdc++.a(future.o)
 .ARM.extab.text._ZN9__gnu_cxx18__exchange_and_addEPVii
                0x000000000800b09c       0x1c /opt/arm-miosix-eabi/lib/gcc/arm-eabi/4.5.2/../../../../arm-eabi/lib/thumb/thumb2/libstdc++.a(atomicity.o)
 .ARM.extab.text._ZN9__gnu_cxx12__atomic_addEPVii
                0x000000000800b0b8       0x1c /opt/arm-miosix-eabi/lib/gcc/arm-eabi/4.5.2/../../../../arm-eabi/lib/thumb/thumb2/libstdc++.a(atomicity.o)
 .ARM.extab.text._ZN10__cxxabiv111__terminateEPFvvE
                0x000000000800b0d4       0x28 /opt/arm-miosix-eabi/lib/gcc/arm-eabi/4.5.2/../../../../arm-eabi/lib/thumb/thumb2/libstdc++.a(eh_terminate.o)
 .ARM.extab.text._ZN10__cxxabiv112__unexpectedEPFvvE
                0x000000000800b0fc        0xc /opt/arm-miosix-eabi/lib/gcc/arm-eabi/4.5.2/../../../../arm-eabi/lib/thumb/thumb2/libstdc++.a(eh_terminate.o)
 .ARM.extab.text._ZSt10unexpectedv
                0x000000000800b108        0xc /opt/arm-miosix-eabi/lib/gcc/arm-eabi/4.5.2/../../../../arm-eabi/lib/thumb/thumb2/libstdc++.a(eh_terminate.o)
 .ARM.extab.text.__cxa_pure_virtual
                0x000000000800b114        0xc /opt/arm-miosix-eabi/lib/gcc/arm-eabi/4.5.2/../../../../arm-eabi/lib/thumb/thumb2/libstdc++.a(pure.o)
 .ARM.extab.text._ZNK9__gnu_cxx24__concurrence_lock_error4whatEv
                0x000000000800b120        0x0 /opt/arm-miosix-eabi/lib/gcc/arm-eabi/4.5.2/../../../../arm-eabi/lib/thumb/thumb2/libstdc++.a(eh_alloc.o)
 .ARM.extab.text._ZNK9__gnu_cxx26__concurrence_unlock_error4whatEv
                0x000000000800b120        0x0 /opt/arm-miosix-eabi/lib/gcc/arm-eabi/4.5.2/../../../../arm-eabi/lib/thumb/thumb2/libstdc++.a(eh_alloc.o)
 .ARM.extab.text._ZN9__gnu_cxx24__concurrence_lock_errorD2Ev
                0x000000000800b120        0x0 /opt/arm-miosix-eabi/lib/gcc/arm-eabi/4.5.2/../../../../arm-eabi/lib/thumb/thumb2/libstdc++.a(eh_alloc.o)
 .ARM.extab.text._ZN9__gnu_cxx24__concurrence_lock_errorD0Ev
                0x000000000800b120        0x0 /opt/arm-miosix-eabi/lib/gcc/arm-eabi/4.5.2/../../../../arm-eabi/lib/thumb/thumb2/libstdc++.a(eh_alloc.o)
 .ARM.extab.text._ZN9__gnu_cxx26__concurrence_unlock_errorD2Ev
                0x000000000800b120        0x0 /opt/arm-miosix-eabi/lib/gcc/arm-eabi/4.5.2/../../../../arm-eabi/lib/thumb/thumb2/libstdc++.a(eh_alloc.o)
 .ARM.extab.text._ZN9__gnu_cxx26__concurrence_unlock_errorD0Ev