Archive member included because of file (symbol)

./miosix/libmiosix.a(kernel.o)
                              FlashDriver.o (_ZN6miosix17disableInterruptsEv)
./miosix/libmiosix.a(error.o)
                              ./miosix/libmiosix.a(kernel.o) (_ZN6miosix12errorHandlerENS_5ErrorE)
./miosix/libmiosix.a(stage_2_boot.o)
                              miosix/arch/cortexM4_stm32f4/stm32f407vg_stm32f4discovery/core/stage_1_boot.o (_init)
./miosix/libmiosix.a(syscalls.o)
                              FlashDriver.o (__cxa_guard_acquire)
./miosix/libmiosix.a(priority_scheduler.o)
                              ./miosix/libmiosix.a(kernel.o) (_ZN6miosix17PriorityScheduler11PKaddThreadEPNS_6ThreadENS_25PrioritySchedulerPriorityE)
./miosix/libmiosix.a(util.o)  main.o (_ZN6miosix7memDumpEPKci)
./miosix/libmiosix.a(version.o)
                              ./miosix/libmiosix.a(stage_2_boot.o) (_ZN6miosix16getMiosixVersionEv)
./miosix/libmiosix.a(console.o)
                              ./miosix/libmiosix.a(kernel.o) (_ZN6miosix7Console5writeEPKc)
./miosix/libmiosix.a(bsp.o)   ./miosix/libmiosix.a(stage_2_boot.o) (_ZN6miosix10IRQbspInitEv)
./miosix/libmiosix.a(interrupts.o)
                              miosix/arch/cortexM4_stm32f4/stm32f407vg_stm32f4discovery/core/stage_1_boot.o (_Z11NMI_Handlerv)
./miosix/libmiosix.a(portability.o)
                              miosix/arch/cortexM4_stm32f4/stm32f407vg_stm32f4discovery/core/stage_1_boot.o (_Z15SysTick_Handlerv)
./miosix/libmiosix.a(delays.o)
                              ./miosix/libmiosix.a(bsp.o) (_ZN6miosix7delayMsEj)
./miosix/libmiosix.a(gpio_impl.o)
                              ./miosix/libmiosix.a(console.o) (_ZN6miosix8GpioBase8modeImplEjhNS_4Mode5Mode_E)
./miosix/libmiosix.a(system_stm32f4xx.o)
                              miosix/arch/cortexM4_stm32f4/stm32f407vg_stm32f4discovery/core/stage_1_boot.o (SystemInit)
./miosix/libmiosix.a(sync.o)  ./miosix/libmiosix.a(console.o) (_ZN6miosix5MutexC1ENS0_7OptionsE)
/opt/arm-miosix-eabi/lib/gcc/arm-eabi/4.5.2/../../../../arm-eabi/lib/thumb/thumb2/libstdc++.a(eh_exception.o)
                              ./miosix/libmiosix.a(kernel.o) (_ZTISt9exception)
/opt/arm-miosix-eabi/lib/gcc/arm-eabi/4.5.2/../../../../arm-eabi/lib/thumb/thumb2/libstdc++.a(si_class_type_info.o)
                              /opt/arm-miosix-eabi/lib/gcc/arm-eabi/4.5.2/../../../../arm-eabi/lib/thumb/thumb2/libstdc++.a(eh_exception.o) (_ZTVN10__cxxabiv120__si_class_type_infoE)
/opt/arm-miosix-eabi/lib/gcc/arm-eabi/4.5.2/../../../../arm-eabi/lib/thumb/thumb2/libstdc++.a(tinfo.o)
                              /opt/arm-miosix-eabi/lib/gcc/arm-eabi/4.5.2/../../../../arm-eabi/lib/thumb/thumb2/libstdc++.a(si_class_type_info.o) (_ZNKSt9type_info14__is_pointer_pEv)
/opt/arm-miosix-eabi/lib/gcc/arm-eabi/4.5.2/../../../../arm-eabi/lib/thumb/thumb2/libstdc++.a(atexit_arm.o)
                              ./miosix/libmiosix.a(console.o) (__aeabi_atexit)
/opt/arm-miosix-eabi/lib/gcc/arm-eabi/4.5.2/../../../../arm-eabi/lib/thumb/thumb2/libstdc++.a(class_type_info.o)
                              /opt/arm-miosix-eabi/lib/gcc/arm-eabi/4.5.2/../../../../arm-eabi/lib/thumb/thumb2/libstdc++.a(si_class_type_info.o) (_ZNK10__cxxabiv117__class_type_info11__do_upcastEPKS0_PPv)
/opt/arm-miosix-eabi/lib/gcc/arm-eabi/4.5.2/../../../../arm-eabi/lib/thumb/thumb2/libstdc++.a(pure.o)
                              /opt/arm-miosix-eabi/lib/gcc/arm-eabi/4.5.2/../../../../arm-eabi/lib/thumb/thumb2/libstdc++.a(eh_exception.o) (__cxa_pure_virtual)
/opt/arm-miosix-eabi/lib/gcc/arm-eabi/4.5.2/../../../../arm-eabi/lib/thumb/thumb2/libstdc++.a(new_op.o)
                              ./miosix/libmiosix.a(sync.o) (_Znwj)
/opt/arm-miosix-eabi/lib/gcc/arm-eabi/4.5.2/../../../../arm-eabi/lib/thumb/thumb2/libstdc++.a(eh_arm.o)
                              ./miosix/libmiosix.a(kernel.o) (__cxa_end_cleanup)
/opt/arm-miosix-eabi/lib/gcc/arm-eabi/4.5.2/../../../../arm-eabi/lib/thumb/thumb2/libstdc++.a(eh_call.o)
                              /opt/arm-miosix-eabi/lib/gcc/arm-eabi/4.5.2/../../../../arm-eabi/lib/thumb/thumb2/libstdc++.a(new_op.o) (__cxa_call_unexpected)
/opt/arm-miosix-eabi/lib/gcc/arm-eabi/4.5.2/../../../../arm-eabi/lib/thumb/thumb2/libstdc++.a(eh_catch.o)
                              ./miosix/libmiosix.a(kernel.o) (__cxa_begin_catch)
/opt/arm-miosix-eabi/lib/gcc/arm-eabi/4.5.2/../../../../arm-eabi/lib/thumb/thumb2/libstdc++.a(eh_personality.o)
                              ./miosix/libmiosix.a(kernel.o) (__gxx_personality_v0)
/opt/arm-miosix-eabi/lib/gcc/arm-eabi/4.5.2/../../../../arm-eabi/lib/thumb/thumb2/libstdc++.a(del_op.o)
                              ./miosix/libmiosix.a(console.o) (_ZdlPv)
/opt/arm-miosix-eabi/lib/gcc/arm-eabi/4.5.2/../../../../arm-eabi/lib/thumb/thumb2/libstdc++.a(new_handler.o)
                              /opt/arm-miosix-eabi/lib/gcc/arm-eabi/4.5.2/../../../../arm-eabi/lib/thumb/thumb2/libstdc++.a(new_op.o) (_ZNSt9bad_allocD1Ev)
[...]
Memory Configuration

Name             Origin             Length             Attributes
flash            0x0000000008000000 0x0000000000100000 xr
smallram         0x0000000010000200 0x000000000000fe00 xw
largeram         0x0000000020000000 0x0000000000020000 xw
*default*        0x0000000000000000 0xffffffffffffffff

Linker script and memory map

                0x0000000000000200                _main_stack_size = 0x200
                0x0000000010000200                _main_stack_top = (0x10000000 + _main_stack_size)
                0x0000000000000001                ASSERT (((_main_stack_size % 0x8) == 0x0), MAIN stack size error)
                0x0000000020000000                _end = 0x20000000
                0x0000000020020000                _heap_end = 0x20020000
                0x0000000000000000                . = 0x0

.text           0x0000000008000000     0xaf14
 *(.isr_vector)
 .isr_vector    0x0000000008000000      0x188 miosix/arch/cortexM4_stm32f4/stm32f407vg_stm32f4discovery/core/stage_1_boot.o
                0x0000000008000000                __Vectors
 *(.text)
 .text          0x0000000008000188        0xc /opt/arm-miosix-eabi/lib/gcc/arm-eabi/4.5.2/../../../../arm-eabi/lib/thumb/thumb2/libstdc++.a(eh_arm.o)
                0x0000000008000188                __cxa_end_cleanup
 .text          0x0000000008000194        0x8 /opt/arm-miosix-eabi/lib/gcc/arm-eabi/4.5.2/../../../../arm-eabi/lib/thumb/thumb2/libc.a(lib_a-abort.o)
                0x0000000008000194                abort
 .text          0x000000000800019c       0x14 /opt/arm-miosix-eabi/lib/gcc/arm-eabi/4.5.2/../../../../arm-eabi/lib/thumb/thumb2/libc.a(lib_a-cxa_atexit.o)
                0x000000000800019c                __cxa_atexit
 .text          0x00000000080001b0        0xc /opt/arm-miosix-eabi/lib/gcc/arm-eabi/4.5.2/../../../../arm-eabi/lib/thumb/thumb2/libc.a(lib_a-errno.o)
                0x00000000080001b0                __errno
 .text          0x00000000080001bc       0x68 /opt/arm-miosix-eabi/lib/gcc/arm-eabi/4.5.2/../../../../arm-eabi/lib/thumb/thumb2/libc.a(lib_a-iprintf.o)
                0x00000000080001bc                iprintf
                0x00000000080001f4                _iprintf_r
 .text          0x0000000008000224       0x68 /opt/arm-miosix-eabi/lib/gcc/arm-eabi/4.5.2/../../../../arm-eabi/lib/thumb/thumb2/libc.a(lib_a-iscanf.o)
                0x0000000008000224                iscanf
                0x000000000800025c                _iscanf_r
 .text          0x000000000800028c       0x28 /opt/arm-miosix-eabi/lib/gcc/arm-eabi/4.5.2/../../../../arm-eabi/lib/thumb/thumb2/libc.a(lib_a-malloc.o)
                0x000000000800028c                malloc
                0x00000000080002a0                free
 .text          0x00000000080002b4      0x57c /opt/arm-miosix-eabi/lib/gcc/arm-eabi/4.5.2/../../../../arm-eabi/lib/thumb/thumb2/libc.a(lib_a-mallocr.o)
                0x00000000080002b4                _malloc_r
 .text          0x0000000008000830       0x90 /opt/arm-miosix-eabi/lib/gcc/arm-eabi/4.5.2/../../../../arm-eabi/lib/thumb/thumb2/libc.a(lib_a-memcpy.o)
                0x0000000008000830                memcpy
 .text          0x00000000080008c0       0xb0 /opt/arm-miosix-eabi/lib/gcc/arm-eabi/4.5.2/../../../../arm-eabi/lib/thumb/thumb2/libc.a(lib_a-memmove.o)
                0x00000000080008c0                memmove
 .text          0x0000000008000970       0x9c /opt/arm-miosix-eabi/lib/gcc/arm-eabi/4.5.2/../../../../arm-eabi/lib/thumb/thumb2/libc.a(lib_a-memset.o)
                0x0000000008000970                memset
 .text          0x0000000008000a0c      0x1dc /opt/arm-miosix-eabi/lib/gcc/arm-eabi/4.5.2/../../../../arm-eabi/lib/thumb/thumb2/libc.a(lib_a-strcmp.o)
                0x0000000008000a0c                strcmp
 .text          0x0000000008000be8       0x60 /opt/arm-miosix-eabi/lib/gcc/arm-eabi/4.5.2/../../../../arm-eabi/lib/thumb/thumb2/libc.a(lib_a-strlen.o)
                0x0000000008000be8                strlen
 .text          0x0000000008000c48      0xd8c /opt/arm-miosix-eabi/lib/gcc/arm-eabi/4.5.2/../../../../arm-eabi/lib/thumb/thumb2/libc.a(lib_a-vfiprintf.o)
                0x0000000008000c48                __sprint_r
                0x0000000008000cc0                _vfiprintf_r
                0x00000000080019b8                vfiprintf
 .text          0x00000000080019d4      0xc38 /opt/arm-miosix-eabi/lib/gcc/arm-eabi/4.5.2/../../../../arm-eabi/lib/thumb/thumb2/libc.a(lib_a-vfiscanf.o)
                0x00000000080019d4                __svfiscanf_r
                0x0000000008002548                _vfiscanf_r
                0x000000000800259c                __svfiscanf
                0x00000000080025b8                vfiscanf
 .text          0x000000000800260c       0xf8 /opt/arm-miosix-eabi/lib/gcc/arm-eabi/4.5.2/../../../../arm-eabi/lib/thumb/thumb2/libc.a(lib_a-wsetup.o)
                0x000000000800260c                __swsetup_r
 .text          0x0000000008002704      0x260 /opt/arm-miosix-eabi/lib/gcc/arm-eabi/4.5.2/../../../../arm-eabi/lib/thumb/thumb2/libc.a(lib_a-fflush.o)
                0x0000000008002704                _fflush_r
                0x000000000800293c                fflush
 .text          0x0000000008002964      0x2ac /opt/arm-miosix-eabi/lib/gcc/arm-eabi/4.5.2/../../../../arm-eabi/lib/thumb/thumb2/libc.a(lib_a-findfp.o)
                0x0000000008002964                _cleanup_r
                0x000000000800299c                __sfmoreglue
                0x00000000080029c8                _cleanup
                0x00000000080029dc                __sfp_lock_acquire
                0x00000000080029ec                __sfp_lock_release
                0x00000000080029fc                __sinit_lock_acquire
                0x0000000008002a0c                __sinit_lock_release
                0x0000000008002a1c                __sinit
                0x0000000008002b34                __sfp
                0x0000000008002bd0                __fp_lock_all
                0x0000000008002bf0                __fp_unlock_all
 .text          0x0000000008002c10      0x160 /opt/arm-miosix-eabi/lib/gcc/arm-eabi/4.5.2/../../../../arm-eabi/lib/thumb/thumb2/libc.a(lib_a-fputwc.o)
                0x0000000008002c10                _fputwc_r
                0x0000000008002d20                fputwc
 .text          0x0000000008002d70      0x22c /opt/arm-miosix-eabi/lib/gcc/arm-eabi/4.5.2/../../../../arm-eabi/lib/thumb/thumb2/libc.a(lib_a-fread.o)
                0x0000000008002d70                _fread_r
                0x0000000008002f70                fread
 .text          0x0000000008002f9c      0x254 /opt/arm-miosix-eabi/lib/gcc/arm-eabi/4.5.2/../../../../arm-eabi/lib/thumb/thumb2/libc.a(lib_a-freer.o)
                0x0000000008002f9c                _malloc_trim_r
                0x0000000008003038                _free_r
 .text          0x00000000080031f0      0x344 /opt/arm-miosix-eabi/lib/gcc/arm-eabi/4.5.2/../../../../arm-eabi/lib/thumb/thumb2/libc.a(lib_a-fvwrite.o)
                0x00000000080031f0                __sfvwrite_r
 .text          0x0000000008003534       0xa8 /opt/arm-miosix-eabi/lib/gcc/arm-eabi/4.5.2/../../../../arm-eabi/lib/thumb/thumb2/libc.a(lib_a-fwalk.o)
                0x0000000008003534                _fwalk
                0x0000000008003584                _fwalk_reent
 .text          0x00000000080035dc       0x1c /opt/arm-miosix-eabi/lib/gcc/arm-eabi/4.5.2/../../../../arm-eabi/lib/thumb/thumb2/libc.a(lib_a-iswspace.o)
                0x00000000080035dc                iswspace
 .text          0x00000000080035f8       0x8c /opt/arm-miosix-eabi/lib/gcc/arm-eabi/4.5.2/../../../../arm-eabi/lib/thumb/thumb2/libc.a(lib_a-locale.o)
                0x00000000080035f8                _setlocale_r
                0x0000000008003638                __locale_charset
                0x0000000008003644                __locale_mb_cur_max
                0x0000000008003650                __locale_msgcharset
                0x0000000008003658                __locale_cjk_lang
                0x000000000800365c                _localeconv_r
                0x0000000008003664                setlocale
                0x000000000800367c                localeconv
 .text          0x0000000008003684       0xe8 /opt/arm-miosix-eabi/lib/gcc/arm-eabi/4.5.2/../../../../arm-eabi/lib/thumb/thumb2/libc.a(lib_a-makebuf.o)
                0x0000000008003684                __smakebuf_r
 .text          0x000000000800376c       0xcc /opt/arm-miosix-eabi/lib/gcc/arm-eabi/4.5.2/../../../../arm-eabi/lib/thumb/thumb2/libc.a(lib_a-mbrtowc.o)
                0x000000000800376c                _mbrtowc_r
                0x00000000080037c8                mbrtowc
 .text          0x0000000008003838       0x60 /opt/arm-miosix-eabi/lib/gcc/arm-eabi/4.5.2/../../../../arm-eabi/lib/thumb/thumb2/libc.a(lib_a-mbtowc_r.o)
                0x0000000008003838                __ascii_mbtowc
                0x0000000008003860                _mbtowc_r
 .text          0x0000000008003898       0x88 /opt/arm-miosix-eabi/lib/gcc/arm-eabi/4.5.2/../../../../arm-eabi/lib/thumb/thumb2/libc.a(lib_a-memchr.o)
                0x0000000008003898                memchr
 .text          0x0000000008003920      0x428 /opt/arm-miosix-eabi/lib/gcc/arm-eabi/4.5.2/../../../../arm-eabi/lib/thumb/thumb2/libc.a(lib_a-reallocr.o)
                0x0000000008003920                _realloc_r
 .text          0x0000000008003d48      0x154 /opt/arm-miosix-eabi/lib/gcc/arm-eabi/4.5.2/../../../../arm-eabi/lib/thumb/thumb2/libc.a(lib_a-refill.o)
                0x0000000008003d60                __srefill_r
 .text          0x0000000008003e9c       0x80 /opt/arm-miosix-eabi/lib/gcc/arm-eabi/4.5.2/../../../../arm-eabi/lib/thumb/thumb2/libc.a(lib_a-sccl.o)
                0x0000000008003e9c                __sccl
 .text          0x0000000008003f1c       0x94 /opt/arm-miosix-eabi/lib/gcc/arm-eabi/4.5.2/../../../../arm-eabi/lib/thumb/thumb2/libc.a(lib_a-stdio.o)
                0x0000000008003f1c                __sread
                0x0000000008003f40                __seofread
                0x0000000008003f44                __swrite
                0x0000000008003f7c                __sseek
                0x0000000008003fa4                __sclose
 .text          0x0000000008003fb0      0x174 /opt/arm-miosix-eabi/lib/gcc/arm-eabi/4.5.2/../../../../arm-eabi/lib/thumb/thumb2/libc.a(lib_a-strtol.o)
                0x0000000008003fb0                _strtol_r
                0x0000000008004108                strtol
 .text          0x0000000008004124      0x1e8 /opt/arm-miosix-eabi/lib/gcc/arm-eabi/4.5.2/../../../../arm-eabi/lib/thumb/thumb2/libc.a(lib_a-strtoll_r.o)
                0x0000000008004124                _strtoll_r
 .text          0x000000000800430c      0x180 /opt/arm-miosix-eabi/lib/gcc/arm-eabi/4.5.2/../../../../arm-eabi/lib/thumb/thumb2/libc.a(lib_a-strtoul.o)
                0x000000000800430c                _strtoul_r
                0x0000000008004470                strtoul
 *fill*         0x000000000800448c        0x4 00
 .text          0x0000000008004490      0x208 /opt/arm-miosix-eabi/lib/gcc/arm-eabi/4.5.2/../../../../arm-eabi/lib/thumb/thumb2/libc.a(lib_a-strtoull_r.o)
                0x0000000008004490                _strtoull_r
 .text          0x0000000008004698      0x1f4 /opt/arm-miosix-eabi/lib/gcc/arm-eabi/4.5.2/../../../../arm-eabi/lib/thumb/thumb2/libc.a(lib_a-ungetc.o)
                0x0000000008004698                __submore
                0x0000000008004710                _ungetc_r
                0x0000000008004874                ungetc
 .text          0x000000000800488c      0x100 /opt/arm-miosix-eabi/lib/gcc/arm-eabi/4.5.2/../../../../arm-eabi/lib/thumb/thumb2/libc.a(lib_a-wbuf.o)
                0x000000000800488c                __swbuf_r
                0x0000000008004974                __swbuf
 .text          0x000000000800498c       0xb8 /opt/arm-miosix-eabi/lib/gcc/arm-eabi/4.5.2/../../../../arm-eabi/lib/thumb/thumb2/libc.a(lib_a-wcrtomb.o)
                0x000000000800498c                _wcrtomb_r
                0x00000000080049e0                wcrtomb
 .text          0x0000000008004a44       0x4c /opt/arm-miosix-eabi/lib/gcc/arm-eabi/4.5.2/../../../../arm-eabi/lib/thumb/thumb2/libc.a(lib_a-wctomb_r.o)
                0x0000000008004a44                __ascii_wctomb
                0x0000000008004a60                _wctomb_r
 .text          0x0000000008004a90       0xf4 /opt/arm-miosix-eabi/lib/gcc/arm-eabi/4.5.2/../../../../arm-eabi/lib/thumb/thumb2/libc.a(lib_a-fclose.o)
                0x0000000008004a90                _fclose_r
                0x0000000008004b70                fclose
 .text          0x0000000008004b84       0x28 /opt/arm-miosix-eabi/lib/gcc/arm-eabi/4.5.2/../../../../arm-eabi/lib/thumb/thumb2/libc.a(lib_a-isattyr.o)
                0x0000000008004b84                _isatty_r
 *fill*         0x0000000008004bac        0x4 00
 .text          0x0000000008004bb0      0x278 /opt/arm-miosix-eabi/lib/gcc/arm-eabi/4.5.2/thumb/thumb2/libgcc.a(_udivsi3.o)
                0x0000000008004bb0                __udivsi3
                0x0000000008004bb0                __aeabi_uidiv
                0x0000000008004e0c                __aeabi_uidivmod
 .text          0x0000000008004e28        0x4 /opt/arm-miosix-eabi/lib/gcc/arm-eabi/4.5.2/thumb/thumb2/libgcc.a(_dvmd_tls.o)
                0x0000000008004e28                __aeabi_ldiv0
                0x0000000008004e28                __aeabi_idiv0
 .text          0x0000000008004e2c       0x2c /opt/arm-miosix-eabi/lib/gcc/arm-eabi/4.5.2/thumb/thumb2/libgcc.a(_aeabi_uldivmod.o)
                0x0000000008004e2c                __aeabi_uldivmod
 .text          0x0000000008004e58       0x58 /opt/arm-miosix-eabi/lib/gcc/arm-eabi/4.5.2/thumb/thumb2/libgcc.a(bpabi.o)
                0x0000000008004e58                __gnu_ldivmod_helper
                0x0000000008004e84                __gnu_uldivmod_helper
 .text          0x0000000008004eb0      0xa90 /opt/arm-miosix-eabi/lib/gcc/arm-eabi/4.5.2/thumb/thumb2/libgcc.a(unwind-arm.o)
                0x0000000008005184                _Unwind_VRS_Get
                0x00000000080051d4                _Unwind_VRS_Set
                0x00000000080054e8                __aeabi_unwind_cpp_pr2
                0x00000000080054f4                __aeabi_unwind_cpp_pr1
                0x0000000008005500                __aeabi_unwind_cpp_pr0
                0x000000000800550c                _Unwind_VRS_Pop
                0x000000000800579c                _Unwind_GetCFA
                0x00000000080057a0                __gnu_Unwind_RaiseException
                0x0000000008005814                __gnu_Unwind_ForcedUnwind
                0x0000000008005834                __gnu_Unwind_Resume
                0x0000000008005870                __gnu_Unwind_Resume_or_Rethrow
                0x0000000008005890                _Unwind_Complete
                0x0000000008005894                _Unwind_DeleteException
                0x00000000080058a4                __gnu_Unwind_Backtrace
 .text          0x0000000008005940      0x1ac /opt/arm-miosix-eabi/lib/gcc/arm-eabi/4.5.2/thumb/thumb2/libgcc.a(libunwind.o)
                0x0000000008005940                __restore_core_regs
                0x0000000008005940                restore_core_regs
                0x0000000008005958                __gnu_Unwind_Restore_VFP
                0x0000000008005960                __gnu_Unwind_Save_VFP
                0x0000000008005968                __gnu_Unwind_Restore_VFP_D
                0x0000000008005970                __gnu_Unwind_Save_VFP_D
                0x0000000008005978                __gnu_Unwind_Restore_VFP_D_16_to_31
                0x0000000008005980                __gnu_Unwind_Save_VFP_D_16_to_31
                0x0000000008005988                __gnu_Unwind_Restore_WMMXD
                0x00000000080059cc                __gnu_Unwind_Save_WMMXD
                0x0000000008005a10                __gnu_Unwind_Restore_WMMXC
                0x0000000008005a24                __gnu_Unwind_Save_WMMXC
                0x0000000008005a38                ___Unwind_RaiseException
                0x0000000008005a38                _Unwind_RaiseException
                0x0000000008005a5c                ___Unwind_Resume
                0x0000000008005a5c                _Unwind_Resume
                0x0000000008005a80                _Unwind_Resume_or_Rethrow
                0x0000000008005a80                ___Unwind_Resume_or_Rethrow
                0x0000000008005aa4                ___Unwind_ForcedUnwind
                0x0000000008005aa4                _Unwind_ForcedUnwind
                0x0000000008005ac8                _Unwind_Backtrace
                0x0000000008005ac8                ___Unwind_Backtrace
 .text          0x0000000008005aec      0x3dc /opt/arm-miosix-eabi/lib/gcc/arm-eabi/4.5.2/thumb/thumb2/libgcc.a(pr-support.o)
                0x0000000008005b40                __gnu_unwind_execute
                0x0000000008005e68                __gnu_unwind_frame
                0x0000000008005e98                _Unwind_GetRegionStart
                0x0000000008005ea4                _Unwind_GetLanguageSpecificData
                0x0000000008005eb8                _Unwind_GetDataRelBase
                0x0000000008005ec0                _Unwind_GetTextRelBase
 .text          0x0000000008005ec8      0x354 /opt/arm-miosix-eabi/lib/gcc/arm-eabi/4.5.2/thumb/thumb2/libgcc.a(_divdi3.o)
                0x0000000008005ec8                __divdi3
 .text          0x000000000800621c      0x2f4 /opt/arm-miosix-eabi/lib/gcc/arm-eabi/4.5.2/thumb/thumb2/libgcc.a(_udivdi3.o)
                0x000000000800621c                __udivdi3
 *(.text.*)
 .text.main     0x0000000008006510       0x78 main.o
                0x0000000008006510                main
 .text._ZN11FlashDriver8instanceEv
                0x0000000008006588       0x2c FlashDriver.o
                0x0000000008006588                _ZN11FlashDriver8instanceEv
 .text._ZN11FlashDriver11programByteEjc
                0x00000000080065b4       0x78 FlashDriver.o
                0x00000000080065b4                _ZN11FlashDriver11programByteEjc
 .text._ZN11FlashDriver5writeEjPcj
                0x000000000800662c       0x34 FlashDriver.o
                0x000000000800662c                _ZN11FlashDriver5writeEjPcj
 .text._ZN11FlashDriver15programHalfWordEjs
                0x0000000008006660       0x7c FlashDriver.o
                0x0000000008006660                _ZN11FlashDriver15programHalfWordEjs
 .text._ZN11FlashDriver5writeEjs
                0x00000000080066dc        0x8 FlashDriver.o
                0x00000000080066dc                _ZN11FlashDriver5writeEjs
 .text._ZN11FlashDriver5writeEjj
                0x00000000080066e4       0x20 FlashDriver.o
                0x00000000080066e4                _ZN11FlashDriver5writeEjj
 .text._ZN10FileSystem11writeHeaderEj6Header
                0x0000000008006704       0x74 FileSystem.o
                0x0000000008006704                _ZN10FileSystem11writeHeaderEj6Header
 .text._ZN10FileSystem10readHeaderEj
                0x0000000008006778       0x3c FileSystem.o
                0x0000000008006778                _ZN10FileSystem10readHeaderEj
 .text._ZN10FileSystem8instanceEv
                0x00000000080067b4       0x2c FileSystem.o
                0x00000000080067b4                _ZN10FileSystem8instanceEv
 .text._ZN10FileSystem10getAddressEPKc
                0x00000000080067e0       0x6c FileSystem.o
                0x00000000080067e0                _ZN10FileSystem10getAddressEPKc
 .text._ZN10FileSystem8findFileEPKc
                0x000000000800684c       0x5c FileSystem.o
                0x000000000800684c                _ZN10FileSystem8findFileEPKc
 .text._ZN10FileSystem4openEPKcii
                0x00000000080068a8      0x144 FileSystem.o
                0x00000000080068a8                _ZN10FileSystem4openEPKcii
 .text._GLOBAL__I__ZN10FileSystemC2Ev
                0x00000000080069ec       0x14 FileSystem.o
 .text._ZN4File8instanceEv
                0x0000000008006a00       0x2c File.o
                0x0000000008006a00                _ZN4File8instanceEv
 .text._ZN4File5writeEiPKvj
                0x0000000008006a2c       0x14 File.o
                0x0000000008006a2c                _ZN4File5writeEiPKvj
 .text._GLOBAL__I__ZN4FileC2Ev
                0x0000000008006a40       0x18 File.o
 .text._ZL17call_constructorsPmS_
                0x0000000008006a58       0x18 miosix/arch/cortexM4_stm32f4/stm32f407vg_stm32f4discovery/core/stage_1_boot.o
 .text._Z15program_startupv
                0x0000000008006a70       0x90 miosix/arch/cortexM4_stm32f4/stm32f407vg_stm32f4discovery/core/stage_1_boot.o
                0x0000000008006a70                _Z15program_startupv
 .text._Z13Reset_Handlerv
                0x0000000008006b00       0x24 miosix/arch/cortexM4_stm32f4/stm32f407vg_stm32f4discovery/core/stage_1_boot.o
                0x0000000008006b00                _Z13Reset_Handlerv
 .text.Default_Handler
                0x0000000008006b24        0x8 miosix/arch/cortexM4_stm32f4/stm32f407vg_stm32f4discovery/core/stage_1_boot.o
                0x0000000008006b24                _Z18CAN1_TX_IRQHandlerv
                0x0000000008006b24                _Z23DMA2_Stream1_IRQHandlerv
                0x0000000008006b24                _Z23DMA2_Stream6_IRQHandlerv
                0x0000000008006b24                _Z29TIM8_TRG_COM_TIM14_IRQHandlerv
                0x0000000008006b24                _Z23DMA2_Stream5_IRQHandlerv
                0x0000000008006b24                _Z16EXTI1_IRQHandlerv
                0x0000000008006b24                _Z25OTG_HS_EP1_OUT_IRQHandlerv
                0x0000000008006b24                _Z15DCMI_IRQHandlerv
                0x0000000008006b24                _Z15WWDG_IRQHandlerv
                0x0000000008006b24                _Z14RCC_IRQHandlerv
                0x0000000008006b24                _Z15TIM5_IRQHandlerv
                0x0000000008006b24                _Z19CAN1_SCE_IRQHandlerv
                0x0000000008006b24                _Z23DMA1_Stream3_IRQHandlerv
                0x0000000008006b24                _Z19CAN2_RX1_IRQHandlerv
                0x0000000008006b24                _Z23DMA1_Stream0_IRQHandlerv
                0x0000000008006b24                _Z23DMA1_Stream6_IRQHandlerv
                0x0000000008006b24                _Z23DMA1_Stream2_IRQHandlerv
                0x0000000008006b24                _Z20EXTI15_10_IRQHandlerv
                0x0000000008006b24                _Z16EXTI4_IRQHandlerv
                0x0000000008006b24                _Z15SPI1_IRQHandlerv
                0x0000000008006b24                _Z23DMA1_Stream7_IRQHandlerv
                0x0000000008006b24                _Z21TAMP_STAMP_IRQHandlerv
                0x0000000008006b24                _Z15CRYP_IRQHandlerv
                0x0000000008006b24                _Z17USART1_IRQHandlerv
                0x0000000008006b24                _Z19HASH_RNG_IRQHandlerv
                0x0000000008006b24                _Z19CAN1_RX0_IRQHandlerv
                0x0000000008006b24                _Z14ADC_IRQHandlerv
                0x0000000008006b24                _Z17USART6_IRQHandlerv
                0x0000000008006b24                _Z16EXTI2_IRQHandlerv
                0x0000000008006b24                _Z15SPI2_IRQHandlerv
                0x0000000008006b24                _Z25TIM8_BRK_TIM12_IRQHandlerv
                0x0000000008006b24                _Z18I2C1_EV_IRQHandlerv
                0x0000000008006b24                _Z20RTC_Alarm_IRQHandlerv
                0x0000000008006b24                _Z17OTG_HS_IRQHandlerv
                0x0000000008006b24                _Z16UART4_IRQHandlerv
                0x0000000008006b24                _Z19RTC_WKUP_IRQHandlerv
                0x0000000008006b24                _Z18I2C3_ER_IRQHandlerv
                0x0000000008006b24                _Z24TIM1_BRK_TIM9_IRQHandlerv
                0x0000000008006b24                _Z18I2C2_ER_IRQHandlerv
                0x0000000008006b24                _Z19TIM6_DAC_IRQHandlerv
                0x0000000008006b24                _Z29TIM1_TRG_COM_TIM11_IRQHandlerv
                0x0000000008006b24                _Z19CAN2_SCE_IRQHandlerv
                0x0000000008006b24                _Z18CAN2_TX_IRQHandlerv
                0x0000000008006b24                _Z16UART5_IRQHandlerv
                0x0000000008006b24                Default_Handler
                0x0000000008006b24                _Z18TIM1_CC_IRQHandlerv
                0x0000000008006b24                _Z15TIM2_IRQHandlerv
                0x0000000008006b24                _Z15SDIO_IRQHandlerv
                0x0000000008006b24                _Z18I2C3_EV_IRQHandlerv
                0x0000000008006b24                _Z19ETH_WKUP_IRQHandlerv
                0x0000000008006b24                _Z23DMA2_Stream7_IRQHandlerv
                0x0000000008006b24                _Z18TIM8_CC_IRQHandlerv
                0x0000000008006b24                _Z16FLASH_IRQHandlerv
                0x0000000008006b24                _Z22OTG_FS_WKUP_IRQHandlerv
                0x0000000008006b24                _Z24TIM8_UP_TIM13_IRQHandlerv
                0x0000000008006b24                _Z15FSMC_IRQHandlerv
                0x0000000008006b24                _Z19CAN1_RX1_IRQHandlerv
                0x0000000008006b24                _Z16EXTI3_IRQHandlerv
                0x0000000008006b24                _Z22OTG_HS_WKUP_IRQHandlerv
                0x0000000008006b24                _Z23DMA1_Stream5_IRQHandlerv
                0x0000000008006b24                _Z23DMA1_Stream1_IRQHandlerv
                0x0000000008006b24                _Z14FPU_IRQHandlerv
                0x0000000008006b24                _Z23DMA2_Stream0_IRQHandlerv
                0x0000000008006b24                _Z14PVD_IRQHandlerv
                0x0000000008006b24                _Z23DMA2_Stream2_IRQHandlerv
                0x0000000008006b24                _Z23DMA1_Stream4_IRQHandlerv
                0x0000000008006b24                _Z18I2C1_ER_IRQHandlerv
                0x0000000008006b24                _Z17USART3_IRQHandlerv
                0x0000000008006b24                _Z15TIM3_IRQHandlerv
                0x0000000008006b24                _Z23DMA2_Stream4_IRQHandlerv
                0x0000000008006b24                _Z19CAN2_RX0_IRQHandlerv
                0x0000000008006b24                _Z24TIM1_UP_TIM10_IRQHandlerv
                0x0000000008006b24                _Z17OTG_FS_IRQHandlerv
                0x0000000008006b24                _Z18I2C2_EV_IRQHandlerv
                0x0000000008006b24                _Z14ETH_IRQHandlerv
                0x0000000008006b24                _Z15SPI3_IRQHandlerv
                0x0000000008006b24                _Z23DMA2_Stream3_IRQHandlerv
                0x0000000008006b24                _Z15TIM4_IRQHandlerv
                0x0000000008006b24                _Z24OTG_HS_EP1_IN_IRQHandlerv
                0x0000000008006b24                _Z16EXTI0_IRQHandlerv
                0x0000000008006b24                _Z18EXTI9_5_IRQHandlerv
                0x0000000008006b24                _Z15TIM7_IRQHandlerv
 .text._ZN6miosix17disableInterruptsEv
                0x0000000008006b2c       0x20 ./miosix/libmiosix.a(kernel.o)
                0x0000000008006b2c                _ZN6miosix17disableInterruptsEv
 .text._ZN6miosix16enableInterruptsEv
                0x0000000008006b4c       0x28 ./miosix/libmiosix.a(kernel.o)
                0x0000000008006b4c                _ZN6miosix16enableInterruptsEv
 .text._ZN6miosix11pauseKernelEv
                0x0000000008006b74       0x2c ./miosix/libmiosix.a(kernel.o)
                0x0000000008006b74                _ZN6miosix11pauseKernelEv
 .text._ZN6miosix13restartKernelEv
                0x0000000008006ba0       0x3c ./miosix/libmiosix.a(kernel.o)
                0x0000000008006ba0                _ZN6miosix13restartKernelEv
 .text._ZN6miosix10idleThreadEPv
                0x0000000008006bdc       0x2c ./miosix/libmiosix.a(kernel.o)
                0x0000000008006bdc                _ZN6miosix10idleThreadEPv
 .text._ZN6miosix20areInterruptsEnabledEv
                0x0000000008006c08       0x10 ./miosix/libmiosix.a(kernel.o)
                0x0000000008006c08                _ZN6miosix20areInterruptsEnabledEv
 .text._ZN6miosix11startKernelEv
                0x0000000008006c18       0x9c ./miosix/libmiosix.a(kernel.o)
                0x0000000008006c18                _ZN6miosix11startKernelEv
 .text._ZN6miosix14IRQwakeThreadsEv
                0x0000000008006cb4       0x68 ./miosix/libmiosix.a(kernel.o)
                0x0000000008006cb4                _ZN6miosix14IRQwakeThreadsEv
 .text._ZN6miosix6Thread6createEPFPvS1_EjNS_25PrioritySchedulerPriorityES1_t
                0x0000000008006d1c       0xec ./miosix/libmiosix.a(kernel.o)
                0x0000000008006d1c                _ZN6miosix6Thread6createEPFPvS1_EjNS_25PrioritySchedulerPriorityES1_t
 .text._ZN6miosix6Thread6createEPFvPvEjNS_25PrioritySchedulerPriorityES1_t
                0x0000000008006e08       0x14 ./miosix/libmiosix.a(kernel.o)
                0x0000000008006e08                _ZN6miosix6Thread6createEPFvPvEjNS_25PrioritySchedulerPriorityES1_t
 .text._ZN6miosix6Thread5yieldEv
                0x0000000008006e1c        0x4 ./miosix/libmiosix.a(kernel.o)
                0x0000000008006e1c                _ZN6miosix6Thread5yieldEv
 .text._ZN6miosix6Thread16getCurrentThreadEv
                0x0000000008006e20        0xc ./miosix/libmiosix.a(kernel.o)
                0x0000000008006e20                _ZN6miosix6Thread16getCurrentThreadEv
 .text._ZN6miosix6Thread11getPriorityEv
                0x0000000008006e2c        0x4 ./miosix/libmiosix.a(kernel.o)
                0x0000000008006e2c                _ZN6miosix6Thread11getPriorityEv
 .text._ZN6miosix6Thread8PKwakeupEv
                0x0000000008006e30       0x10 ./miosix/libmiosix.a(kernel.o)
                0x0000000008006e30                _ZN6miosix6Thread8PKwakeupEv
 .text._ZN6miosix6Thread19IRQgetCurrentThreadEv
                0x0000000008006e40        0xc ./miosix/libmiosix.a(kernel.o)
                0x0000000008006e40                _ZN6miosix6Thread19IRQgetCurrentThreadEv
 .text._ZN6miosix6Thread14IRQgetPriorityEv
                0x0000000008006e4c        0x4 ./miosix/libmiosix.a(kernel.o)
                0x0000000008006e4c                _ZN6miosix6Thread14IRQgetPriorityEv
 .text._ZN6miosix6Thread7IRQwaitEv
                0x0000000008006e50       0x14 ./miosix/libmiosix.a(kernel.o)
                0x0000000008006e50                _ZN6miosix6Thread7IRQwaitEv
 .text._ZN6miosix6Thread9IRQwakeupEv
                0x0000000008006e64        0xc ./miosix/libmiosix.a(kernel.o)
                0x0000000008006e64                _ZN6miosix6Thread9IRQwakeupEv
 .text._ZN6miosix6Thread14threadLauncherEPFPvS1_ES1_
                0x0000000008006e70       0x94 ./miosix/libmiosix.a(kernel.o)
                0x0000000008006e70                _ZN6miosix6Thread14threadLauncherEPFPvS1_ES1_
 .text._ZN6miosix12errorHandlerENS_5ErrorE
                0x0000000008006f04      0x10c ./miosix/libmiosix.a(error.o)
                0x0000000008006f04                _ZN6miosix12errorHandlerENS_5ErrorE
 .text._ZN6miosixL10mainLoaderEPv
                0x0000000008007010       0x84 ./miosix/libmiosix.a(stage_2_boot.o)
 .text._init    0x0000000008007094       0x44 ./miosix/libmiosix.a(stage_2_boot.o)
                0x0000000008007094                _init
 .text.__cxa_get_globals_fast
                0x00000000080070d8        0xc ./miosix/libmiosix.a(syscalls.o)
                0x00000000080070d8                __cxa_get_globals_fast
 .text.__cxa_get_globals
                0x00000000080070e4        0xc ./miosix/libmiosix.a(syscalls.o)
                0x00000000080070e4                __cxa_get_globals
 .text._ZN9__gnu_cxx27__verbose_terminate_handlerEv
                0x00000000080070f0       0x14 ./miosix/libmiosix.a(syscalls.o)
                0x00000000080070f0                _ZN9__gnu_cxx27__verbose_terminate_handlerEv
 .text.__cxa_guard_acquire
                0x0000000008007104       0x70 ./miosix/libmiosix.a(syscalls.o)
                0x0000000008007104                __cxa_guard_acquire
 .text.__cxa_guard_release
                0x0000000008007174       0x14 ./miosix/libmiosix.a(syscalls.o)
                0x0000000008007174                __cxa_guard_release
 .text.__register_exitproc
                0x0000000008007188        0x4 ./miosix/libmiosix.a(syscalls.o)
                0x0000000008007188                __register_exitproc
 .text._exit    0x000000000800718c        0x8 ./miosix/libmiosix.a(syscalls.o)
                0x000000000800718c                _exit
 .text._sbrk_r  0x0000000008007194       0x34 ./miosix/libmiosix.a(syscalls.o)
                0x0000000008007194                _sbrk_r
 .text.__malloc_lock
                0x00000000080071c8        0x8 ./miosix/libmiosix.a(syscalls.o)
                0x00000000080071c8                __malloc_lock
 .text.__malloc_unlock
                0x00000000080071d0        0x8 ./miosix/libmiosix.a(syscalls.o)
                0x00000000080071d0                __malloc_unlock
 .text._close_r
                0x00000000080071d8       0x14 ./miosix/libmiosix.a(syscalls.o)
                0x00000000080071d8                _close_r
 .text._write   0x00000000080071ec       0x74 ./miosix/libmiosix.a(syscalls.o)
                0x00000000080071ec                _write
 .text._write_r
                0x0000000008007260       0x10 ./miosix/libmiosix.a(syscalls.o)
                0x0000000008007260                _write_r
 .text._read    0x0000000008007270       0xa0 ./miosix/libmiosix.a(syscalls.o)
                0x0000000008007270                _read
 .text._read_r  0x0000000008007310       0x10 ./miosix/libmiosix.a(syscalls.o)
                0x0000000008007310                _read_r
 .text._lseek_r
                0x0000000008007320       0x14 ./miosix/libmiosix.a(syscalls.o)
                0x0000000008007320                _lseek_r
 .text._fstat   0x0000000008007334       0x2c ./miosix/libmiosix.a(syscalls.o)
                0x0000000008007334                _fstat
 .text._fstat_r
                0x0000000008007360        0xc ./miosix/libmiosix.a(syscalls.o)
                0x0000000008007360                _fstat_r
 .text._isatty  0x000000000800736c        0xc ./miosix/libmiosix.a(syscalls.o)
                0x000000000800736c                _isatty
 .text._ZN6miosix17PriorityScheduler11PKaddThreadEPNS_6ThreadENS_25PrioritySchedulerPriorityE
                0x0000000008007378       0x24 ./miosix/libmiosix.a(priority_scheduler.o)
                0x0000000008007378                _ZN6miosix17PriorityScheduler11PKaddThreadEPNS_6ThreadENS_25PrioritySchedulerPriorityE
 .text._ZN6miosix17PriorityScheduler19PKremoveDeadThreadsEv
                0x000000000800739c       0xb4 ./miosix/libmiosix.a(priority_scheduler.o)
                0x000000000800739c                _ZN6miosix17PriorityScheduler19PKremoveDeadThreadsEv
 .text._ZN6miosix17PriorityScheduler13PKsetPriorityEPNS_6ThreadENS_25PrioritySchedulerPriorityE
                0x0000000008007450       0x90 ./miosix/libmiosix.a(priority_scheduler.o)
                0x0000000008007450                _ZN6miosix17PriorityScheduler13PKsetPriorityEPNS_6ThreadENS_25PrioritySchedulerPriorityE
 .text._ZN6miosix17PriorityScheduler16IRQsetIdleThreadEPNS_6ThreadE
                0x00000000080074e0       0x14 ./miosix/libmiosix.a(priority_scheduler.o)
                0x00000000080074e0                _ZN6miosix17PriorityScheduler16IRQsetIdleThreadEPNS_6ThreadE
 .text._ZN6miosix17PriorityScheduler17IRQfindNextThreadEv
                0x00000000080074f4       0x64 ./miosix/libmiosix.a(priority_scheduler.o)
                0x00000000080074f4                _ZN6miosix17PriorityScheduler17IRQfindNextThreadEv
 .text._ZN6miosixL8memPrintEPKcc
                0x0000000008007558       0x90 ./miosix/libmiosix.a(util.o)
 .text._ZN6miosix7memDumpEPKci
                0x00000000080075e8       0x44 ./miosix/libmiosix.a(util.o)
                0x00000000080075e8                _ZN6miosix7memDumpEPKci
 .text._ZN6miosix15MemoryProfiling11getHeapSizeEv
                0x000000000800762c       0x14 ./miosix/libmiosix.a(util.o)
                0x000000000800762c                _ZN6miosix15MemoryProfiling11getHeapSizeEv
 .text._ZN6miosix15MemoryProfiling18getCurrentFreeHeapEv
                0x0000000008007640       0x18 ./miosix/libmiosix.a(util.o)
                0x0000000008007640                _ZN6miosix15MemoryProfiling18getCurrentFreeHeapEv
 .text._ZN6miosix16getMiosixVersionEv
                0x0000000008007658        0xc ./miosix/libmiosix.a(version.o)
                0x0000000008007658                _ZN6miosix16getMiosixVersionEv
 .text._ZN6miosix5MutexD2Ev
                0x0000000008007664       0x10 ./miosix/libmiosix.a(console.o)
                0x0000000008007664                _ZN6miosix5MutexD2Ev
                0x0000000008007664                _ZN6miosix5MutexD1Ev
 .text._ZN6miosixL15serialWriteImplEPKcj
                0x0000000008007674       0x5c ./miosix/libmiosix.a(console.o)
 .text._ZN6miosix5Mutex6unlockEv
                0x00000000080076d0       0x24 ./miosix/libmiosix.a(console.o)
                0x00000000080076d0                _ZN6miosix5Mutex6unlockEv
 .text._Z17USART2_IRQHandlerv
                0x00000000080076f4       0x28 ./miosix/libmiosix.a(console.o)
                0x00000000080076f4                _Z17USART2_IRQHandlerv
 .text._ZN6miosix13serialIrqImplEv
                0x000000000800771c       0xcc ./miosix/libmiosix.a(console.o)
                0x000000000800771c                _ZN6miosix13serialIrqImplEv
 .text._ZN6miosix24IRQstm32f4serialPortInitEv
                0x00000000080077e8       0xa8 ./miosix/libmiosix.a(console.o)
                0x00000000080077e8                _ZN6miosix24IRQstm32f4serialPortInitEv
 .text._ZN6miosix7Console5writeEPKc
                0x0000000008007890       0x14 ./miosix/libmiosix.a(console.o)
                0x0000000008007890                _ZN6miosix7Console5writeEPKc
 .text._ZN6miosix7Console5writeEPKci
                0x00000000080078a4        0x8 ./miosix/libmiosix.a(console.o)
                0x00000000080078a4                _ZN6miosix7Console5writeEPKci
 .text._ZN6miosix7Console10txCompleteEv
                0x00000000080078ac       0x10 ./miosix/libmiosix.a(console.o)
                0x00000000080078ac                _ZN6miosix7Console10txCompleteEv
 .text._ZN6miosix7Console8IRQwriteEPKc
                0x00000000080078bc       0x20 ./miosix/libmiosix.a(console.o)
                0x00000000080078bc                _ZN6miosix7Console8IRQwriteEPKc
 .text._ZN6miosix7Console13IRQtxCompleteEv
                0x00000000080078dc       0x10 ./miosix/libmiosix.a(console.o)
                0x00000000080078dc                _ZN6miosix7Console13IRQtxCompleteEv
 .text._ZN6miosix7Console8readCharEv
                0x00000000080078ec       0xb4 ./miosix/libmiosix.a(console.o)
                0x00000000080078ec                _ZN6miosix7Console8readCharEv
 .text._GLOBAL__I__Z17USART2_IRQHandlerv
                0x00000000080079a0       0x50 ./miosix/libmiosix.a(console.o)
 .text._ZN6miosix10IRQbspInitEv
                0x00000000080079f0       0x74 ./miosix/libmiosix.a(bsp.o)
                0x00000000080079f0                _ZN6miosix10IRQbspInitEv
 .text._ZN6miosix8bspInit2Ev
                0x0000000008007a64        0x4 ./miosix/libmiosix.a(bsp.o)
                0x0000000008007a64                _ZN6miosix8bspInit2Ev
 .text._ZN6miosix8shutdownEv
                0x0000000008007a68        0xc ./miosix/libmiosix.a(bsp.o)
                0x0000000008007a68                _ZN6miosix8shutdownEv
 .text._ZN6miosix6rebootEv
                0x0000000008007a74       0x18 ./miosix/libmiosix.a(bsp.o)
                0x0000000008007a74                _ZN6miosix6rebootEv
 .text._ZL16printUnsignedIntj
                0x0000000008007a8c       0x44 ./miosix/libmiosix.a(interrupts.o)
 .text._ZL19printProgramCounterv
                0x0000000008007ad0       0x14 ./miosix/libmiosix.a(interrupts.o)
 .text._ZL20waitConsoleAndRebootv
                0x0000000008007ae4       0x10 ./miosix/libmiosix.a(interrupts.o)
 .text._Z11NMI_Handlerv
                0x0000000008007af4       0x14 ./miosix/libmiosix.a(interrupts.o)
                0x0000000008007af4                _Z11NMI_Handlerv
 .text._Z17HardFault_Handlerv
                0x0000000008007b08       0x44 ./miosix/libmiosix.a(interrupts.o)
                0x0000000008007b08                _Z17HardFault_Handlerv
 .text._Z17MemManage_Handlerv
                0x0000000008007b4c       0x94 ./miosix/libmiosix.a(interrupts.o)
                0x0000000008007b4c                _Z17MemManage_Handlerv
 .text._Z16BusFault_Handlerv
                0x0000000008007be0       0xac ./miosix/libmiosix.a(interrupts.o)
                0x0000000008007be0                _Z16BusFault_Handlerv
 .text._Z18UsageFault_Handlerv
                0x0000000008007c8c       0x8c ./miosix/libmiosix.a(interrupts.o)
                0x0000000008007c8c                _Z18UsageFault_Handlerv
 .text._Z16DebugMon_Handlerv
                0x0000000008007d18       0x18 ./miosix/libmiosix.a(interrupts.o)
                0x0000000008007d18                _Z16DebugMon_Handlerv
 .text._Z14PendSV_Handlerv
                0x0000000008007d30       0x18 ./miosix/libmiosix.a(interrupts.o)
                0x0000000008007d30                _Z14PendSV_Handlerv
 .text._Z19unexpectedInterruptv
                0x0000000008007d48       0x14 ./miosix/libmiosix.a(interrupts.o)
                0x0000000008007d48                _Z19unexpectedInterruptv
 .text._Z15SysTick_Handlerv
                0x0000000008007d5c       0x28 ./miosix/libmiosix.a(portability.o)
                0x0000000008007d5c                _Z15SysTick_Handlerv
 .text._Z11SVC_Handlerv
                0x0000000008007d84       0x28 ./miosix/libmiosix.a(portability.o)
                0x0000000008007d84                _Z11SVC_Handlerv
 .text._ZN14miosix_private21IRQstackOverflowCheckEv
                0x0000000008007dac       0x38 ./miosix/libmiosix.a(portability.o)
                0x0000000008007dac                _ZN14miosix_private21IRQstackOverflowCheckEv
 .text._ZN14miosix_private9ISR_yieldEv
                0x0000000008007de4        0xc ./miosix/libmiosix.a(portability.o)
                0x0000000008007de4                _ZN14miosix_private9ISR_yieldEv
 .text._ZN14miosix_private11ISR_preemptEv
                0x0000000008007df0       0x24 ./miosix/libmiosix.a(portability.o)
                0x0000000008007df0                _ZN14miosix_private11ISR_preemptEv
 .text._ZN14miosix_private15IRQsystemRebootEv
                0x0000000008007e14       0x24 ./miosix/libmiosix.a(portability.o)
                0x0000000008007e14                _ZN14miosix_private15IRQsystemRebootEv
 .text._ZN14miosix_private11initCtxsaveEPjPFPvS1_ES0_S1_
                0x0000000008007e38       0x64 ./miosix/libmiosix.a(portability.o)
                0x0000000008007e38                _ZN14miosix_private11initCtxsaveEPjPFPvS1_ES0_S1_
 .text._ZN14miosix_private22IRQportableStartKernelEv
                0x0000000008007e9c       0x7c ./miosix/libmiosix.a(portability.o)
                0x0000000008007e9c                _ZN14miosix_private22IRQportableStartKernelEv
 .text._ZN14miosix_private8sleepCpuEv
                0x0000000008007f18        0x4 ./miosix/libmiosix.a(portability.o)
                0x0000000008007f18                _ZN14miosix_private8sleepCpuEv
 .text._ZN6miosix7delayMsEj
                0x0000000008007f1c       0x1c ./miosix/libmiosix.a(delays.o)
                0x0000000008007f1c                _ZN6miosix7delayMsEj
 .text._ZN6miosix8GpioBase8modeImplEjhNS_4Mode5Mode_E
                0x0000000008007f38       0x54 ./miosix/libmiosix.a(gpio_impl.o)
                0x0000000008007f38                _ZN6miosix8GpioBase8modeImplEjhNS_4Mode5Mode_E
 .text._ZN6miosix8GpioBase6afImplEjhh
                0x0000000008007f8c       0x3c ./miosix/libmiosix.a(gpio_impl.o)
                0x0000000008007f8c                _ZN6miosix8GpioBase6afImplEjhh
 .text.SystemInit
                0x0000000008007fc8      0x118 ./miosix/libmiosix.a(system_stm32f4xx.o)
                0x0000000008007fc8                SystemInit
 .text._ZN6miosix5MutexC2ENS0_7OptionsE
                0x00000000080080e0       0x1c ./miosix/libmiosix.a(sync.o)
                0x00000000080080e0                _ZN6miosix5MutexC1ENS0_7OptionsE
                0x00000000080080e0                _ZN6miosix5MutexC2ENS0_7OptionsE
 .text._ZNSt6vectorIPN6miosix6ThreadESaIS2_EE13_M_insert_auxEN9__gnu_cxx17__normal_iteratorIPS2_S4_EERKS2_
                0x00000000080080fc       0xe4 ./miosix/libmiosix.a(sync.o)
                0x00000000080080fc                _ZNSt6vectorIPN6miosix6ThreadESaIS2_EE13_M_insert_auxEN9__gnu_cxx17__normal_iteratorIPS2_S4_EERKS2_
 .text._ZSt11__push_heapIN9__gnu_cxx17__normal_iteratorIPPN6miosix6ThreadESt6vectorIS4_SaIS4_EEEEiS4_NS2_13LowerPriorityEEvT_T0_SC_T1_T2_
                0x00000000080081e0       0x5c ./miosix/libmiosix.a(sync.o)
                0x00000000080081e0                _ZSt11__push_heapIN9__gnu_cxx17__normal_iteratorIPPN6miosix6ThreadESt6vectorIS4_SaIS4_EEEEiS4_NS2_13LowerPriorityEEvT_T0_SC_T1_T2_
 .text._ZSt13__adjust_heapIN9__gnu_cxx17__normal_iteratorIPPN6miosix6ThreadESt6vectorIS4_SaIS4_EEEEiS4_NS2_13LowerPriorityEEvT_T0_SC_T1_T2_
                0x000000000800823c       0xa0 ./miosix/libmiosix.a(sync.o)
                0x000000000800823c                _ZSt13__adjust_heapIN9__gnu_cxx17__normal_iteratorIPPN6miosix6ThreadESt6vectorIS4_SaIS4_EEEEiS4_NS2_13LowerPriorityEEvT_T0_SC_T1_T2_
 .text._ZN6miosix5Mutex8PKunlockERNS_15PauseKernelLockE
                0x00000000080082dc      0x18c ./miosix/libmiosix.a(sync.o)
                0x00000000080082dc                _ZN6miosix5Mutex8PKunlockERNS_15PauseKernelLockE
 .text._ZN6miosix5Mutex6PKlockERNS_15PauseKernelLockE
                0x0000000008008468      0x130 ./miosix/libmiosix.a(sync.o)
                0x0000000008008468                _ZN6miosix5Mutex6PKlockERNS_15PauseKernelLockE
 .text._ZNSt9exceptionD2Ev
                0x0000000008008598        0xc /opt/arm-miosix-eabi/lib/gcc/arm-eabi/4.5.2/../../../../arm-eabi/lib/thumb/thumb2/libstdc++.a(eh_exception.o)
                0x0000000008008598                _ZNSt9exceptionD2Ev
                0x0000000008008598                _ZNSt9exceptionD1Ev
 .text._ZNSt13bad_exceptionD2Ev
                0x00000000080085a4        0xc /opt/arm-miosix-eabi/lib/gcc/arm-eabi/4.5.2/../../../../arm-eabi/lib/thumb/thumb2/libstdc++.a(eh_exception.o)
                0x00000000080085a4                _ZNSt13bad_exceptionD2Ev
                0x00000000080085a4                _ZNSt13bad_exceptionD1Ev
 .text._ZNKSt9exception4whatEv
                0x00000000080085b0        0xc /opt/arm-miosix-eabi/lib/gcc/arm-eabi/4.5.2/../../../../arm-eabi/lib/thumb/thumb2/libstdc++.a(eh_exception.o)
                0x00000000080085b0                _ZNKSt9exception4whatEv
 .text._ZNKSt13bad_exception4whatEv
                0x00000000080085bc        0xc /opt/arm-miosix-eabi/lib/gcc/arm-eabi/4.5.2/../../../../arm-eabi/lib/thumb/thumb2/libstdc++.a(eh_exception.o)
                0x00000000080085bc                _ZNKSt13bad_exception4whatEv
 .text._ZNSt13bad_exceptionD0Ev
                0x00000000080085c8       0x14 /opt/arm-miosix-eabi/lib/gcc/arm-eabi/4.5.2/../../../../arm-eabi/lib/thumb/thumb2/libstdc++.a(eh_exception.o)
                0x00000000080085c8                _ZNSt13bad_exceptionD0Ev
 .text._ZNSt9exceptionD0Ev
                0x00000000080085dc       0x14 /opt/arm-miosix-eabi/lib/gcc/arm-eabi/4.5.2/../../../../arm-eabi/lib/thumb/thumb2/libstdc++.a(eh_exception.o)
                0x00000000080085dc                _ZNSt9exceptionD0Ev
 .text._ZNK10__cxxabiv120__si_class_type_info11__do_upcastEPKNS_17__class_type_infoEPKvRNS1_15__upcast_resultE
                0x00000000080085f0       0x2c /opt/arm-miosix-eabi/lib/gcc/arm-eabi/4.5.2/../../../../arm-eabi/lib/thumb/thumb2/libstdc++.a(si_class_type_info.o)
                0x00000000080085f0                _ZNK10__cxxabiv120__si_class_type_info11__do_upcastEPKNS_17__class_type_infoEPKvRNS1_15__upcast_resultE
 .text._ZNK10__cxxabiv120__si_class_type_info12__do_dyncastEiNS_17__class_type_info10__sub_kindEPKS1_PKvS4_S6_RNS1_16__dyncast_resultE
                0x000000000800861c       0x94 /opt/arm-miosix-eabi/lib/gcc/arm-eabi/4.5.2/../../../../arm-eabi/lib/thumb/thumb2/libstdc++.a(si_class_type_info.o)
                0x000000000800861c                _ZNK10__cxxabiv120__si_class_type_info12__do_dyncastEiNS_17__class_type_info10__sub_kindEPKS1_PKvS4_S6_RNS1_16__dyncast_resultE
 .text._ZNK10__cxxabiv120__si_class_type_info20__do_find_public_srcEiPKvPKNS_17__class_type_infoES2_
                0x00000000080086b0       0x3c /opt/arm-miosix-eabi/lib/gcc/arm-eabi/4.5.2/../../../../arm-eabi/lib/thumb/thumb2/libstdc++.a(si_class_type_info.o)
                0x00000000080086b0                _ZNK10__cxxabiv120__si_class_type_info20__do_find_public_srcEiPKvPKNS_17__class_type_infoES2_
 .text._ZN10__cxxabiv120__si_class_type_infoD2Ev
                0x00000000080086ec       0x14 /opt/arm-miosix-eabi/lib/gcc/arm-eabi/4.5.2/../../../../arm-eabi/lib/thumb/thumb2/libstdc++.a(si_class_type_info.o)
                0x00000000080086ec                _ZN10__cxxabiv120__si_class_type_infoD2Ev
                0x00000000080086ec                _ZN10__cxxabiv120__si_class_type_infoD1Ev
 .text._ZN10__cxxabiv120__si_class_type_infoD0Ev
                0x0000000008008700       0x1c /opt/arm-miosix-eabi/lib/gcc/arm-eabi/4.5.2/../../../../arm-eabi/lib/thumb/thumb2/libstdc++.a(si_class_type_info.o)
                0x0000000008008700                _ZN10__cxxabiv120__si_class_type_infoD0Ev
 .text._ZNSt9type_infoD2Ev
                0x000000000800871c        0xc /opt/arm-miosix-eabi/lib/gcc/arm-eabi/4.5.2/../../../../arm-eabi/lib/thumb/thumb2/libstdc++.a(tinfo.o)
                0x000000000800871c                _ZNSt9type_infoD1Ev
                0x000000000800871c                _ZNSt9type_infoD2Ev
 .text._ZNKSt9type_info14__is_pointer_pEv
                0x0000000008008728        0x4 /opt/arm-miosix-eabi/lib/gcc/arm-eabi/4.5.2/../../../../arm-eabi/lib/thumb/thumb2/libstdc++.a(tinfo.o)
                0x0000000008008728                _ZNKSt9type_info14__is_pointer_pEv
 .text._ZNKSt9type_info15__is_function_pEv
                0x000000000800872c        0x4 /opt/arm-miosix-eabi/lib/gcc/arm-eabi/4.5.2/../../../../arm-eabi/lib/thumb/thumb2/libstdc++.a(tinfo.o)
                0x000000000800872c                _ZNKSt9type_info15__is_function_pEv
 .text._ZNKSt9type_info11__do_upcastEPKN10__cxxabiv117__class_type_infoEPPv
                0x0000000008008730        0x4 /opt/arm-miosix-eabi/lib/gcc/arm-eabi/4.5.2/../../../../arm-eabi/lib/thumb/thumb2/libstdc++.a(tinfo.o)
                0x0000000008008730                _ZNKSt9type_info11__do_upcastEPKN10__cxxabiv117__class_type_infoEPPv
 .text._ZNSt9type_infoD0Ev
                0x0000000008008734       0x14 /opt/arm-miosix-eabi/lib/gcc/arm-eabi/4.5.2/../../../../arm-eabi/lib/thumb/thumb2/libstdc++.a(tinfo.o)
                0x0000000008008734                _ZNSt9type_infoD0Ev
 .text._ZNKSt9type_infoeqERKS_
                0x0000000008008748       0x38 /opt/arm-miosix-eabi/lib/gcc/arm-eabi/4.5.2/../../../../arm-eabi/lib/thumb/thumb2/libstdc++.a(tinfo.o)
                0x0000000008008748                _ZNKSt9type_infoeqERKS_
 .text._ZNKSt9type_info10__do_catchEPKS_PPvj
                0x0000000008008780        0x8 /opt/arm-miosix-eabi/lib/gcc/arm-eabi/4.5.2/../../../../arm-eabi/lib/thumb/thumb2/libstdc++.a(tinfo.o)
                0x0000000008008780                _ZNKSt9type_info10__do_catchEPKS_PPvj
 .text.__aeabi_atexit
                0x0000000008008788       0x10 /opt/arm-miosix-eabi/lib/gcc/arm-eabi/4.5.2/../../../../arm-eabi/lib/thumb/thumb2/libstdc++.a(atexit_arm.o)
                0x0000000008008788                __aeabi_atexit
 .text._ZNK10__cxxabiv117__class_type_info11__do_upcastEPKS0_PPv
                0x0000000008008798       0x3c /opt/arm-miosix-eabi/lib/gcc/arm-eabi/4.5.2/../../../../arm-eabi/lib/thumb/thumb2/libstdc++.a(class_type_info.o)
                0x0000000008008798                _ZNK10__cxxabiv117__class_type_info11__do_upcastEPKS0_PPv
 .text._ZNK10__cxxabiv117__class_type_info20__do_find_public_srcEiPKvPKS0_S2_
                0x00000000080087d4        0xc /opt/arm-miosix-eabi/lib/gcc/arm-eabi/4.5.2/../../../../arm-eabi/lib/thumb/thumb2/libstdc++.a(class_type_info.o)
                0x00000000080087d4                _ZNK10__cxxabiv117__class_type_info20__do_find_public_srcEiPKvPKS0_S2_
 .text._ZNK10__cxxabiv117__class_type_info11__do_upcastEPKS0_PKvRNS0_15__upcast_resultE
                0x00000000080087e0       0x1c /opt/arm-miosix-eabi/lib/gcc/arm-eabi/4.5.2/../../../../arm-eabi/lib/thumb/thumb2/libstdc++.a(class_type_info.o)
                0x00000000080087e0                _ZNK10__cxxabiv117__class_type_info11__do_upcastEPKS0_PKvRNS0_15__upcast_resultE
 .text._ZNK10__cxxabiv117__class_type_info12__do_dyncastEiNS0_10__sub_kindEPKS0_PKvS3_S5_RNS0_16__dyncast_resultE
                0x00000000080087fc       0x3c /opt/arm-miosix-eabi/lib/gcc/arm-eabi/4.5.2/../../../../arm-eabi/lib/thumb/thumb2/libstdc++.a(class_type_info.o)
                0x00000000080087fc                _ZNK10__cxxabiv117__class_type_info12__do_dyncastEiNS0_10__sub_kindEPKS0_PKvS3_S5_RNS0_16__dyncast_resultE
 .text._ZNK10__cxxabiv117__class_type_info10__do_catchEPKSt9type_infoPPvj
                0x0000000008008838       0x28 /opt/arm-miosix-eabi/lib/gcc/arm-eabi/4.5.2/../../../../arm-eabi/lib/thumb/thumb2/libstdc++.a(class_type_info.o)
                0x0000000008008838                _ZNK10__cxxabiv117__class_type_info10__do_catchEPKSt9type_infoPPvj
 .text._ZN10__cxxabiv117__class_type_infoD2Ev
                0x0000000008008860       0x14 /opt/arm-miosix-eabi/lib/gcc/arm-eabi/4.5.2/../../../../arm-eabi/lib/thumb/thumb2/libstdc++.a(class_type_info.o)
                0x0000000008008860                _ZN10__cxxabiv117__class_type_infoD1Ev
                0x0000000008008860                _ZN10__cxxabiv117__class_type_infoD2Ev
 .text._ZN10__cxxabiv117__class_type_infoD0Ev
                0x0000000008008874       0x1c /opt/arm-miosix-eabi/lib/gcc/arm-eabi/4.5.2/../../../../arm-eabi/lib/thumb/thumb2/libstdc++.a(class_type_info.o)
                0x0000000008008874                _ZN10__cxxabiv117__class_type_infoD0Ev
 .text._Znwj    0x0000000008008890       0x5c /opt/arm-miosix-eabi/lib/gcc/arm-eabi/4.5.2/../../../../arm-eabi/lib/thumb/thumb2/libstdc++.a(new_op.o)
                0x0000000008008890                _Znwj
 .text.__cxa_type_match
                0x00000000080088ec       0xe8 /opt/arm-miosix-eabi/lib/gcc/arm-eabi/4.5.2/../../../../arm-eabi/lib/thumb/thumb2/libstdc++.a(eh_arm.o)
                0x00000000080088ec                __cxa_type_match
 .text.__cxa_begin_cleanup
                0x00000000080089d4       0x70 /opt/arm-miosix-eabi/lib/gcc/arm-eabi/4.5.2/../../../../arm-eabi/lib/thumb/thumb2/libstdc++.a(eh_arm.o)
                0x00000000080089d4                __cxa_begin_cleanup
 .text.__gnu_end_cleanup
                0x0000000008008a44       0x70 /opt/arm-miosix-eabi/lib/gcc/arm-eabi/4.5.2/../../../../arm-eabi/lib/thumb/thumb2/libstdc++.a(eh_arm.o)
                0x0000000008008a44                __gnu_end_cleanup
 .text.__cxa_call_terminate
                0x0000000008008ab4       0x48 /opt/arm-miosix-eabi/lib/gcc/arm-eabi/4.5.2/../../../../arm-eabi/lib/thumb/thumb2/libstdc++.a(eh_call.o)
                0x0000000008008ab4                __cxa_call_terminate
 .text.__cxa_call_unexpected
                0x0000000008008afc      0x120 /opt/arm-miosix-eabi/lib/gcc/arm-eabi/4.5.2/../../../../arm-eabi/lib/thumb/thumb2/libstdc++.a(eh_call.o)
                0x0000000008008afc                __cxa_call_unexpected
 .text.__cxa_begin_catch
                0x0000000008008c1c       0x94 /opt/arm-miosix-eabi/lib/gcc/arm-eabi/4.5.2/../../../../arm-eabi/lib/thumb/thumb2/libstdc++.a(eh_catch.o)
                0x0000000008008c1c                __cxa_begin_catch
 .text.__cxa_end_catch
                0x0000000008008cb0       0x90 /opt/arm-miosix-eabi/lib/gcc/arm-eabi/4.5.2/../../../../arm-eabi/lib/thumb/thumb2/libstdc++.a(eh_catch.o)
                0x0000000008008cb0                __cxa_end_catch
 .text._ZL12read_sleb128PKhPl
                0x0000000008008d40       0x38 /opt/arm-miosix-eabi/lib/gcc/arm-eabi/4.5.2/../../../../arm-eabi/lib/thumb/thumb2/libstdc++.a(eh_personality.o)
 .text._ZL28read_encoded_value_with_basehjPKhPj
                0x0000000008008d78       0xd0 /opt/arm-miosix-eabi/lib/gcc/arm-eabi/4.5.2/../../../../arm-eabi/lib/thumb/thumb2/libstdc++.a(eh_personality.o)
 .text._ZL21base_of_encoded_valuehP15_Unwind_Context
                0x0000000008008e48       0x48 /opt/arm-miosix-eabi/lib/gcc/arm-eabi/4.5.2/../../../../arm-eabi/lib/thumb/thumb2/libstdc++.a(eh_personality.o)
 .text._ZL17parse_lsda_headerP15_Unwind_ContextPKhP16lsda_header_info
                0x0000000008008e90       0x8c /opt/arm-miosix-eabi/lib/gcc/arm-eabi/4.5.2/../../../../arm-eabi/lib/thumb/thumb2/libstdc++.a(eh_personality.o)
 .text.__gxx_personality_v0
                0x0000000008008f1c      0x3c4 /opt/arm-miosix-eabi/lib/gcc/arm-eabi/4.5.2/../../../../arm-eabi/lib/thumb/thumb2/libstdc++.a(eh_personality.o)
                0x0000000008008f1c                __gxx_personality_v0
 .text._ZdlPv   0x00000000080092e0        0xc /opt/arm-miosix-eabi/lib/gcc/arm-eabi/4.5.2/../../../../arm-eabi/lib/thumb/thumb2/libstdc++.a(del_op.o)
                0x00000000080092e0                _ZdlPv
 .text._ZNKSt9bad_alloc4whatEv
                0x00000000080092ec        0xc /opt/arm-miosix-eabi/lib/gcc/arm-eabi/4.5.2/../../../../arm-eabi/lib/thumb/thumb2/libstdc++.a(new_handler.o)
                0x00000000080092ec                _ZNKSt9bad_alloc4whatEv
 .text._ZNSt9bad_allocD2Ev
                0x00000000080092f8       0x14 /opt/arm-miosix-eabi/lib/gcc/arm-eabi/4.5.2/../../../../arm-eabi/lib/thumb/thumb2/libstdc++.a(new_handler.o)
                0x00000000080092f8                _ZNSt9bad_allocD2Ev
                0x00000000080092f8                _ZNSt9bad_allocD1Ev
 .text._ZNSt9bad_allocD0Ev
                0x000000000800930c       0x1c /opt/arm-miosix-eabi/lib/gcc/arm-eabi/4.5.2/../../../../arm-eabi/lib/thumb/thumb2/libstdc++.a(new_handler.o)
                0x000000000800930c                _ZNSt9bad_allocD0Ev
 .text._ZL23__gxx_exception_cleanup19_Unwind_Reason_CodeP21_Unwind_Control_Block
                0x0000000008009328       0x2c /opt/arm-miosix-eabi/lib/gcc/arm-eabi/4.5.2/../../../../arm-eabi/lib/thumb/thumb2/libstdc++.a(eh_throw.o)
 .text.__cxa_throw
                0x0000000008009354       0x80 /opt/arm-miosix-eabi/lib/gcc/arm-eabi/4.5.2/../../../../arm-eabi/lib/thumb/thumb2/libstdc++.a(eh_throw.o)
                0x0000000008009354                __cxa_throw
 .text.__cxa_rethrow
                0x00000000080093d4       0x70 /opt/arm-miosix-eabi/lib/gcc/arm-eabi/4.5.2/../../../../arm-eabi/lib/thumb/thumb2/libstdc++.a(eh_throw.o)
                0x00000000080093d4                __cxa_rethrow
 .text.__cxa_bad_typeid
                0x0000000008009444       0x24 /opt/arm-miosix-eabi/lib/gcc/arm-eabi/4.5.2/../../../../arm-eabi/lib/thumb/thumb2/libstdc++.a(eh_aux_runtime.o)
                0x0000000008009444                __cxa_bad_typeid
 .text._ZN10__cxxabiv123__fundamental_type_infoD2Ev
                0x0000000008009468       0x14 /opt/arm-miosix-eabi/lib/gcc/arm-eabi/4.5.2/../../../../arm-eabi/lib/thumb/thumb2/libstdc++.a(fundamental_type_info.o)
                0x0000000008009468                _ZN10__cxxabiv123__fundamental_type_infoD1Ev
                0x0000000008009468                _ZN10__cxxabiv123__fundamental_type_infoD2Ev
 .text._ZN10__cxxabiv123__fundamental_type_infoD0Ev
                0x000000000800947c       0x1c /opt/arm-miosix-eabi/lib/gcc/arm-eabi/4.5.2/../../../../arm-eabi/lib/thumb/thumb2/libstdc++.a(fundamental_type_info.o)
                0x000000000800947c                _ZN10__cxxabiv123__fundamental_type_infoD0Ev
 .text._ZN10__cxxabiv111__terminateEPFvvE
                0x0000000008009498       0x2c /opt/arm-miosix-eabi/lib/gcc/arm-eabi/4.5.2/../../../../arm-eabi/lib/thumb/thumb2/libstdc++.a(eh_terminate.o)
                0x0000000008009498                _ZN10__cxxabiv111__terminateEPFvvE
 .text._ZSt9terminatev
                0x00000000080094c4       0x10 /opt/arm-miosix-eabi/lib/gcc/arm-eabi/4.5.2/../../../../arm-eabi/lib/thumb/thumb2/libstdc++.a(eh_terminate.o)
                0x00000000080094c4                _ZSt9terminatev
 .text._ZN10__cxxabiv112__unexpectedEPFvvE
                0x00000000080094d4        0x8 /opt/arm-miosix-eabi/lib/gcc/arm-eabi/4.5.2/../../../../arm-eabi/lib/thumb/thumb2/libstdc++.a(eh_terminate.o)
                0x00000000080094d4                _ZN10__cxxabiv112__unexpectedEPFvvE
 .text._ZSt10unexpectedv
                0x00000000080094dc       0x14 /opt/arm-miosix-eabi/lib/gcc/arm-eabi/4.5.2/../../../../arm-eabi/lib/thumb/thumb2/libstdc++.a(eh_terminate.o)
                0x00000000080094dc                _ZSt10unexpectedv
 .text._ZNK9__gnu_cxx24__concurrence_lock_error4whatEv
                0x00000000080094f0        0xc /opt/arm-miosix-eabi/lib/gcc/arm-eabi/4.5.2/../../../../arm-eabi/lib/thumb/thumb2/libstdc++.a(eh_alloc.o)
                0x00000000080094f0                _ZNK9__gnu_cxx24__concurrence_lock_error4whatEv
 .text._ZNK9__gnu_cxx26__concurrence_unlock_error4whatEv
                0x00000000080094fc        0xc /opt/arm-miosix-eabi/lib/gcc/arm-eabi/4.5.2/../../../../arm-eabi/lib/thumb/thumb2/libstdc++.a(eh_alloc.o)
                0x00000000080094fc                _ZNK9__gnu_cxx26__concurrence_unlock_error4whatEv
 .text._ZN9__gnu_cxx24__concurrence_lock_errorD2Ev
                0x0000000008009508       0x14 /opt/arm-miosix-eabi/lib/gcc/arm-eabi/4.5.2/../../../../arm-eabi/lib/thumb/thumb2/libstdc++.a(eh_alloc.o)
                0x0000000008009508                _ZN9__gnu_cxx24__concurrence_lock_errorD2Ev
                0x0000000008009508                _ZN9__gnu_cxx24__concurrence_lock_errorD1Ev
 .text._ZN9__gnu_cxx24__concurrence_lock_errorD0Ev
                0x000000000800951c       0x1c /opt/arm-miosix-eabi/lib/gcc/arm-eabi/4.5.2/../../../../arm-eabi/lib/thumb/thumb2/libstdc++.a(eh_alloc.o)
                0x000000000800951c                _ZN9__gnu_cxx24__concurrence_lock_errorD0Ev
 .text._ZN9__gnu_cxx26__concurrence_unlock_errorD2Ev
                0x0000000008009538       0x14 /opt/arm-miosix-eabi/lib/gcc/arm-eabi/4.5.2/../../../../arm-eabi/lib/thumb/thumb2/libstdc++.a(eh_alloc.o)
                0x0000000008009538                _ZN9__gnu_cxx26__concurrence_unlock_errorD1Ev
                0x0000000008009538                _ZN9__gnu_cxx26__concurrence_unlock_errorD2Ev
 .text._ZN9__gnu_cxx26__concurrence_unlock_errorD0Ev
                0x000000000800954c       0x1c /opt/arm-miosix-eabi/lib/gcc/arm-eabi/4.5.2/../../../../arm-eabi/lib/thumb/thumb2/libstdc++.a(eh_alloc.o)
                0x000000000800954c                _ZN9__gnu_cxx26__concurrence_unlock_errorD0Ev
 .text.__cxa_allocate_exception
                0x0000000008009568       0xd4 /opt/arm-miosix-eabi/lib/gcc/arm-eabi/4.5.2/../../../../arm-eabi/lib/thumb/thumb2/libstdc++.a(eh_alloc.o)
                0x0000000008009568                __cxa_allocate_exception
 .text.__cxa_free_exception
                0x000000000800963c       0xa8 /opt/arm-miosix-eabi/lib/gcc/arm-eabi/4.5.2/../../../../arm-eabi/lib/thumb/thumb2/libstdc++.a(eh_alloc.o)
                0x000000000800963c                __cxa_free_exception
 .text._GLOBAL__I___cxa_allocate_exception
                0x00000000080096e4       0x18 /opt/arm-miosix-eabi/lib/gcc/arm-eabi/4.5.2/../../../../arm-eabi/lib/thumb/thumb2/libstdc++.a(eh_alloc.o)
 .text._ZNKSt10bad_typeid4whatEv
                0x00000000080096fc        0xc /opt/arm-miosix-eabi/lib/gcc/arm-eabi/4.5.2/../../../../arm-eabi/lib/thumb/thumb2/libstdc++.a(bad_typeid.o)
                0x00000000080096fc                _ZNKSt10bad_typeid4whatEv
 .text._ZNSt10bad_typeidD2Ev
                0x0000000008009708       0x14 /opt/arm-miosix-eabi/lib/gcc/arm-eabi/4.5.2/../../../../arm-eabi/lib/thumb/thumb2/libstdc++.a(bad_typeid.o)
                0x0000000008009708                _ZNSt10bad_typeidD1Ev
                0x0000000008009708                _ZNSt10bad_typeidD2Ev
 .text._ZNSt10bad_typeidD0Ev
                0x000000000800971c       0x1c /opt/arm-miosix-eabi/lib/gcc/arm-eabi/4.5.2/../../../../arm-eabi/lib/thumb/thumb2/libstdc++.a(bad_typeid.o)
                0x000000000800971c                _ZNSt10bad_typeidD0Ev
 .text._ZNK10__cxxabiv119__pointer_type_info14__is_pointer_pEv
                0x0000000008009738        0x4 /opt/arm-miosix-eabi/lib/gcc/arm-eabi/4.5.2/../../../../arm-eabi/lib/thumb/thumb2/libstdc++.a(pointer_type_info.o)
                0x0000000008009738                _ZNK10__cxxabiv119__pointer_type_info14__is_pointer_pEv
 .text._ZNK10__cxxabiv119__pointer_type_info15__pointer_catchEPKNS_17__pbase_type_infoEPPvj
                0x000000000800973c       0x50 /opt/arm-miosix-eabi/lib/gcc/arm-eabi/4.5.2/../../../../arm-eabi/lib/thumb/thumb2/libstdc++.a(pointer_type_info.o)
                0x000000000800973c                _ZNK10__cxxabiv119__pointer_type_info15__pointer_catchEPKNS_17__pbase_type_infoEPPvj
 .text._ZN10__cxxabiv119__pointer_type_infoD2Ev
                0x000000000800978c       0x14 /opt/arm-miosix-eabi/lib/gcc/arm-eabi/4.5.2/../../../../arm-eabi/lib/thumb/thumb2/libstdc++.a(pointer_type_info.o)
                0x000000000800978c                _ZN10__cxxabiv119__pointer_type_infoD1Ev
                0x000000000800978c                _ZN10__cxxabiv119__pointer_type_infoD2Ev
 .text._ZN10__cxxabiv119__pointer_type_infoD0Ev
                0x00000000080097a0       0x1c /opt/arm-miosix-eabi/lib/gcc/arm-eabi/4.5.2/../../../../arm-eabi/lib/thumb/thumb2/libstdc++.a(pointer_type_info.o)
                0x00000000080097a0                _ZN10__cxxabiv119__pointer_type_infoD0Ev
 .text._ZNK10__cxxabiv117__pbase_type_info15__pointer_catchEPKS0_PPvj
                0x00000000080097bc       0x18 /opt/arm-miosix-eabi/lib/gcc/arm-eabi/4.5.2/../../../../arm-eabi/lib/thumb/thumb2/libstdc++.a(pbase_type_info.o)
                0x00000000080097bc                _ZNK10__cxxabiv117__pbase_type_info15__pointer_catchEPKS0_PPvj
 .text._ZNK10__cxxabiv117__pbase_type_info10__do_catchEPKSt9type_infoPPvj
                0x00000000080097d4       0x68 /opt/arm-miosix-eabi/lib/gcc/arm-eabi/4.5.2/../../../../arm-eabi/lib/thumb/thumb2/libstdc++.a(pbase_type_info.o)
                0x00000000080097d4                _ZNK10__cxxabiv117__pbase_type_info10__do_catchEPKSt9type_infoPPvj
 .text._ZN10__cxxabiv117__pbase_type_infoD2Ev
                0x000000000800983c       0x14 /opt/arm-miosix-eabi/lib/gcc/arm-eabi/4.5.2/../../../../arm-eabi/lib/thumb/thumb2/libstdc++.a(pbase_type_info.o)
                0x000000000800983c                _ZN10__cxxabiv117__pbase_type_infoD1Ev
                0x000000000800983c                _ZN10__cxxabiv117__pbase_type_infoD2Ev
 .text._ZN10__cxxabiv117__pbase_type_infoD0Ev
                0x0000000008009850       0x1c /opt/arm-miosix-eabi/lib/gcc/arm-eabi/4.5.2/../../../../arm-eabi/lib/thumb/thumb2/libstdc++.a(pbase_type_info.o)
                0x0000000008009850                _ZN10__cxxabiv117__pbase_type_infoD0Ev
 .text.pthread_mutex_destroy
                0x000000000800986c        0xc ./miosix/libmiosix.a(pthread.o)
                0x000000000800986c                pthread_mutex_destroy
 .text.pthread_mutex_lock
                0x0000000008009878       0x78 ./miosix/libmiosix.a(pthread.o)
                0x0000000008009878                pthread_mutex_lock
 .text.pthread_mutex_unlock
                0x00000000080098f0       0x48 ./miosix/libmiosix.a(pthread.o)
                0x00000000080098f0                pthread_mutex_unlock
 *(.gnu.linkonce.t.*)
 *(.glue_7)
 .glue_7        0x0000000000000000        0x0 linker stubs
 *(.glue_7t)
 .glue_7t       0x0000000000000000        0x0 linker stubs
 *(.gcc_except_table)
 *(.gcc_except_table.*)
 *(.ARM.extab*)
 .ARM.extab.text._ZN11FlashDriver5writeEjs
                0x0000000008009938        0xc FlashDriver.o
 .ARM.extab.text._ZN4File5writeEiPKvj
                0x0000000008009944        0xc File.o
 .ARM.extab.text._Z15program_startupv
                0x0000000008009950        0xc miosix/arch/cortexM4_stm32f4/stm32f407vg_stm32f4discovery/core/stage_1_boot.o
 .ARM.extab.text._Z13Reset_Handlerv
                0x000000000800995c        0xc miosix/arch/cortexM4_stm32f4/stm32f407vg_stm32f4discovery/core/stage_1_boot.o
 .ARM.extab.text.Default_Handler
                0x0000000008009968        0xc miosix/arch/cortexM4_stm32f4/stm32f407vg_stm32f4discovery/core/stage_1_boot.o
 .ARM.extab.text._ZN6miosix10idleThreadEPv
                0x0000000008009974       0x1c ./miosix/libmiosix.a(kernel.o)
 .ARM.extab.text._ZN6miosix6Thread6createEPFPvS1_EjNS_25PrioritySchedulerPriorityES1_t
                0x0000000008009990       0x24 ./miosix/libmiosix.a(kernel.o)
 .ARM.extab.text._ZN6miosix6Thread14threadLauncherEPFPvS1_ES1_
                0x00000000080099b4       0x34 ./miosix/libmiosix.a(kernel.o)
 .ARM.extab.text._ZN6miosixL10mainLoaderEPv
                0x00000000080099e8       0x38 ./miosix/libmiosix.a(stage_2_boot.o)
 .ARM.extab.text.__cxa_get_globals_fast
                0x0000000008009a20        0xc ./miosix/libmiosix.a(syscalls.o)
 .ARM.extab.text.__cxa_get_globals
                0x0000000008009a2c        0xc ./miosix/libmiosix.a(syscalls.o)
 .ARM.extab.text._ZN9__gnu_cxx27__verbose_terminate_handlerEv
                0x0000000008009a38        0xc ./miosix/libmiosix.a(syscalls.o)
 .ARM.extab.text.__cxa_guard_acquire
                0x0000000008009a44       0x2c ./miosix/libmiosix.a(syscalls.o)
 .ARM.extab.text._exit
                0x0000000008009a70        0xc ./miosix/libmiosix.a(syscalls.o)
 .ARM.extab.text.__malloc_lock
                0x0000000008009a7c        0xc ./miosix/libmiosix.a(syscalls.o)
 .ARM.extab.text.__malloc_unlock
                0x0000000008009a88        0xc ./miosix/libmiosix.a(syscalls.o)
 .ARM.extab.text._close_r
                0x0000000008009a94        0xc ./miosix/libmiosix.a(syscalls.o)
 .ARM.extab.text._write_r
                0x0000000008009aa0        0xc ./miosix/libmiosix.a(syscalls.o)
 .ARM.extab.text._read_r
                0x0000000008009aac        0xc ./miosix/libmiosix.a(syscalls.o)
 .ARM.extab.text._lseek_r
                0x0000000008009ab8        0xc ./miosix/libmiosix.a(syscalls.o)
 .ARM.extab.text._ZN6miosix17PriorityScheduler19PKremoveDeadThreadsEv
                0x0000000008009ac4        0xc ./miosix/libmiosix.a(priority_scheduler.o)
 .ARM.extab.text._ZN6miosix15MemoryProfiling18getCurrentFreeHeapEv
                0x0000000008009ad0        0xc ./miosix/libmiosix.a(util.o)
 .ARM.extab.text._ZN6miosix5MutexD2Ev
                0x0000000008009adc        0x0 ./miosix/libmiosix.a(console.o)
 .ARM.extab.text._ZN6miosixL15serialWriteImplEPKcj
                0x0000000008009adc       0x24 ./miosix/libmiosix.a(console.o)
 .ARM.extab.text._ZN6miosix5Mutex6unlockEv
                0x0000000008009b00       0x1c ./miosix/libmiosix.a(console.o)
 .ARM.extab.text._ZN6miosix7Console5writeEPKci
                0x0000000008009b1c        0xc ./miosix/libmiosix.a(console.o)
 .ARM.extab.text._ZN6miosix7Console8readCharEv
                0x0000000008009b28       0x48 ./miosix/libmiosix.a(console.o)
 .ARM.extab.text._ZN6miosix8shutdownEv
                0x0000000008009b70        0xc ./miosix/libmiosix.a(bsp.o)
 .ARM.extab.text._ZN6miosix6rebootEv
                0x0000000008009b7c        0xc ./miosix/libmiosix.a(bsp.o)
 .ARM.extab.text._ZL19printProgramCounterv
                0x0000000008009b88        0xc ./miosix/libmiosix.a(interrupts.o)
 .ARM.extab.text._ZL20waitConsoleAndRebootv
                0x0000000008009b94        0xc ./miosix/libmiosix.a(interrupts.o)
 .ARM.extab.text._Z11NMI_Handlerv
                0x0000000008009ba0        0xc ./miosix/libmiosix.a(interrupts.o)
 .ARM.extab.text._Z16DebugMon_Handlerv
                0x0000000008009bac        0xc ./miosix/libmiosix.a(interrupts.o)
 .ARM.extab.text._Z14PendSV_Handlerv
                0x0000000008009bb8        0xc ./miosix/libmiosix.a(interrupts.o)
 .ARM.extab.text._Z19unexpectedInterruptv
                0x0000000008009bc4        0xc ./miosix/libmiosix.a(interrupts.o)
 .ARM.extab.text._ZN14miosix_private9ISR_yieldEv
                0x0000000008009bd0        0xc ./miosix/libmiosix.a(portability.o)
 .ARM.extab.text._ZN14miosix_private11ISR_preemptEv
                0x0000000008009bdc        0xc ./miosix/libmiosix.a(portability.o)
 .ARM.extab.text._ZNSt6vectorIPN6miosix6ThreadESaIS2_EE13_M_insert_auxEN9__gnu_cxx17__normal_iteratorIPS2_S4_EERKS2_
                0x0000000008009be8        0x0 ./miosix/libmiosix.a(sync.o)
 .ARM.extab.text._ZSt11__push_heapIN9__gnu_cxx17__normal_iteratorIPPN6miosix6ThreadESt6vectorIS4_SaIS4_EEEEiS4_NS2_13LowerPriorityEEvT_T0_SC_T1_T2_
                0x0000000008009be8        0x0 ./miosix/libmiosix.a(sync.o)
 .ARM.extab.text._ZSt13__adjust_heapIN9__gnu_cxx17__normal_iteratorIPPN6miosix6ThreadESt6vectorIS4_SaIS4_EEEEiS4_NS2_13LowerPriorityEEvT_T0_SC_T1_T2_
                0x0000000008009be8        0x0 ./miosix/libmiosix.a(sync.o)
 .ARM.extab.text._ZN6miosix5Mutex6PKlockERNS_15PauseKernelLockE
                0x0000000008009be8       0x2c ./miosix/libmiosix.a(sync.o)
 .ARM.extab.text._Znwj
                0x0000000008009c14       0x20 /opt/arm-miosix-eabi/lib/gcc/arm-eabi/4.5.2/../../../../arm-eabi/lib/thumb/thumb2/libstdc++.a(new_op.o)
 .ARM.extab.text.__cxa_call_unexpected
                0x0000000008009c34       0x28 /opt/arm-miosix-eabi/lib/gcc/arm-eabi/4.5.2/../../../../arm-eabi/lib/thumb/thumb2/libstdc++.a(eh_call.o)
 .ARM.extab.text.__cxa_begin_catch
                0x0000000008009c5c       0x20 /opt/arm-miosix-eabi/lib/gcc/arm-eabi/4.5.2/../../../../arm-eabi/lib/thumb/thumb2/libstdc++.a(eh_catch.o)
 .ARM.extab.text.__cxa_end_catch
                0x0000000008009c7c        0xc /opt/arm-miosix-eabi/lib/gcc/arm-eabi/4.5.2/../../../../arm-eabi/lib/thumb/thumb2/libstdc++.a(eh_catch.o)
 .ARM.extab.text._ZL21base_of_encoded_valuehP15_Unwind_Context
                0x0000000008009c88        0xc /opt/arm-miosix-eabi/lib/gcc/arm-eabi/4.5.2/../../../../arm-eabi/lib/thumb/thumb2/libstdc++.a(eh_personality.o)
 .ARM.extab.text.__gxx_personality_v0
                0x0000000008009c94       0x24 /opt/arm-miosix-eabi/lib/gcc/arm-eabi/4.5.2/../../../../arm-eabi/lib/thumb/thumb2/libstdc++.a(eh_personality.o)
 .ARM.extab.text.__cxa_bad_typeid
                0x0000000008009cb8        0xc /opt/arm-miosix-eabi/lib/gcc/arm-eabi/4.5.2/../../../../arm-eabi/lib/thumb/thumb2/libstdc++.a(eh_aux_runtime.o)
 .ARM.extab.text._ZN10__cxxabiv111__terminateEPFvvE
                0x0000000008009cc4       0x28 /opt/arm-miosix-eabi/lib/gcc/arm-eabi/4.5.2/../../../../arm-eabi/lib/thumb/thumb2/libstdc++.a(eh_terminate.o)
 .ARM.extab.text._ZN10__cxxabiv112__unexpectedEPFvvE
                0x0000000008009cec        0xc /opt/arm-miosix-eabi/lib/gcc/arm-eabi/4.5.2/../../../../arm-eabi/lib/thumb/thumb2/libstdc++.a(eh_terminate.o)
 .ARM.extab.text._ZSt10unexpectedv
                0x0000000008009cf8        0xc /opt/arm-miosix-eabi/lib/gcc/arm-eabi/4.5.2/../../../../arm-eabi/lib/thumb/thumb2/libstdc++.a(eh_terminate.o)
 .ARM.extab.text._ZNK9__gnu_cxx24__concurrence_lock_error4whatEv
                0x0000000008009d04        0x0 /opt/arm-miosix-eabi/lib/gcc/arm-eabi/4.5.2/../../../../arm-eabi/lib/thumb/thumb2/libstdc++.a(eh_alloc.o)
 .ARM.extab.text._ZNK9__gnu_cxx26__concurrence_unlock_error4whatEv
                0x0000000008009d04        0x0 /opt/arm-miosix-eabi/lib/gcc/arm-eabi/4.5.2/../../../../arm-eabi/lib/thumb/thumb2/libstdc++.a(eh_alloc.o)
 .ARM.extab.text._ZN9__gnu_cxx24__concurrence_lock_errorD2Ev
                0x0000000008009d04        0x0 /opt/arm-miosix-eabi/lib/gcc/arm-eabi/4.5.2/../../../../arm-eabi/lib/thumb/thumb2/libstdc++.a(eh_alloc.o)
 .ARM.extab.text._ZN9__gnu_cxx24__concurrence_lock_errorD0Ev
                0x0000000008009d04        0x0 /opt/arm-miosix-eabi/lib/gcc/arm-eabi/4.5.2/../../../../arm-eabi/lib/thumb/thumb2/libstdc++.a(eh_alloc.o)
 .ARM.extab.text._ZN9__gnu_cxx26__concurrence_unlock_errorD2Ev
                0x0000000008009d04        0x0 /opt/arm-miosix-eabi/lib/gcc/arm-eabi/4.5.2/../../../../arm-eabi/lib/thumb/thumb2/libstdc++.a(eh_alloc.o)
 .ARM.extab.text._ZN9__gnu_cxx26__concurrence_unlock_errorD0Ev
                0x0000000008009d04        0x0 /opt/arm-miosix-eabi/lib/gcc/arm-eabi/4.5.2/../../../../arm-eabi/lib/thumb/thumb2/libstdc++.a(eh_alloc.o)
 .ARM.extab.text.__cxa_allocate_exception
                0x0000000008009d04       0x28 /opt/arm-miosix-eabi/lib/gcc/arm-eabi/4.5.2/../../../../arm-eabi/lib/thumb/thumb2/libstdc++.a(eh_alloc.o)
 .ARM.extab.text.__cxa_free_exception
                0x0000000008009d2c       0x24 /opt/arm-miosix-eabi/lib/gcc/arm-eabi/4.5.2/../../../../arm-eabi/lib/thumb/thumb2/libstdc++.a(eh_alloc.o)
 .ARM.extab.text._ZNK10__cxxabiv117__pbase_type_info15__pointer_catchEPKS0_PPvj
                0x0000000008009d50        0x0 /opt/arm-miosix-eabi/lib/gcc/arm-eabi/4.5.2/../../../../arm-eabi/lib/thumb/thumb2/libstdc++.a(pbase_type_info.o)
 .ARM.extab     0x0000000008009d50       0x54 /opt/arm-miosix-eabi/lib/gcc/arm-eabi/4.5.2/thumb/thumb2/libgcc.a(unwind-arm.o)
 .ARM.extab     0x0000000008009da4       0x24 /opt/arm-miosix-eabi/lib/gcc/arm-eabi/4.5.2/thumb/thumb2/libgcc.a(pr-support.o)
 .ARM.extab.text.pthread_mutex_lock
                0x0000000008009dc8       0x1c ./miosix/libmiosix.a(pthread.o)
 .ARM.extab.text.pthread_mutex_unlock
                0x0000000008009de4       0x14 ./miosix/libmiosix.a(pthread.o)
 *(.gnu.linkonce.armextab.*)
                0x0000000008009df8                . = ALIGN (0x4)
 *(.rodata)
 .rodata        0x0000000008009df8       0x50 ./miosix/libmiosix.a(version.o)
 .rodata        0x0000000008009e48       0x14 ./miosix/libmiosix.a(interrupts.o)
 .rodata        0x0000000008009e5c        0x4 /opt/arm-miosix-eabi/lib/gcc/arm-eabi/4.5.2/../../../../arm-eabi/lib/thumb/thumb2/libc.a(lib_a-impure.o)
                0x0000000008009e5c                _global_impure_ptr
 .rodata        0x0000000008009e60       0x20 /opt/arm-miosix-eabi/lib/gcc/arm-eabi/4.5.2/../../../../arm-eabi/lib/thumb/thumb2/libc.a(lib_a-vfiprintf.o)
 .rodata        0x0000000008009e80       0x24 /opt/arm-miosix-eabi/lib/gcc/arm-eabi/4.5.2/../../../../arm-eabi/lib/thumb/thumb2/libc.a(lib_a-vfiscanf.o)
 .rodata        0x0000000008009ea4      0x104 /opt/arm-miosix-eabi/lib/gcc/arm-eabi/4.5.2/../../../../arm-eabi/lib/thumb/thumb2/libc.a(lib_a-ctype_.o)
                0x0000000008009ea4                _ctype_
 .rodata        0x0000000008009fa8       0x60 /opt/arm-miosix-eabi/lib/gcc/arm-eabi/4.5.2/../../../../arm-eabi/lib/thumb/thumb2/libc.a(lib_a-findfp.o)
                0x0000000008009fa8                __sf_fake_stdin
                0x0000000008009fc8                __sf_fake_stdout
                0x0000000008009fe8                __sf_fake_stderr
 *(.rodata.*)
 .rodata.str1.4
                0x000000000800a008      0x3b0 main.o
 .rodata.str1.4
                0x000000000800a3b8        0x8 ./miosix/libmiosix.a(kernel.o)
                                          0xc (size before relaxing)
 .rodata.str1.4
                0x000000000800a3c0      0x14e ./miosix/libmiosix.a(error.o)
                                        0x150 (size before relaxing)
 *fill*         0x000000000800a50e        0x2 00
 .rodata.str1.4
                0x000000000800a510       0x42 ./miosix/libmiosix.a(stage_2_boot.o)
                                         0x50 (size before relaxing)
 *fill*         0x000000000800a552        0x2 00
 .rodata.str1.4
                0x000000000800a554       0xbe ./miosix/libmiosix.a(syscalls.o)
                                         0xc4 (size before relaxing)
 *fill*         0x000000000800a612        0x2 00
 .rodata.str1.4
                0x000000000800a614       0xcc ./miosix/libmiosix.a(util.o)
                                         0xd4 (size before relaxing)
 .rodata.str1.4
                0x000000000800a6e0      0x35b ./miosix/libmiosix.a(interrupts.o)
                                        0x35c (size before relaxing)
 *fill*         0x000000000800aa3b        0x1 00
 .rodata._ZTISt9exception
                0x000000000800aa3c        0x8 /opt/arm-miosix-eabi/lib/gcc/arm-eabi/4.5.2/../../../../arm-eabi/lib/thumb/thumb2/libstdc++.a(eh_exception.o)
                0x000000000800aa3c                _ZTISt9exception
 *fill*         0x000000000800aa44        0x4 00
 .rodata._ZTVSt9exception
                0x000000000800aa48       0x18 /opt/arm-miosix-eabi/lib/gcc/arm-eabi/4.5.2/../../../../arm-eabi/lib/thumb/thumb2/libstdc++.a(eh_exception.o)
                0x000000000800aa48                _ZTVSt9exception
 .rodata._ZTIN10__cxxabiv115__forced_unwindE
                0x000000000800aa60        0x8 /opt/arm-miosix-eabi/lib/gcc/arm-eabi/4.5.2/../../../../arm-eabi/lib/thumb/thumb2/libstdc++.a(eh_exception.o)
                0x000000000800aa60                _ZTIN10__cxxabiv115__forced_unwindE
 .rodata._ZTSSt13bad_exception
                0x000000000800aa68       0x14 /opt/arm-miosix-eabi/lib/gcc/arm-eabi/4.5.2/../../../../arm-eabi/lib/thumb/thumb2/libstdc++.a(eh_exception.o)
                0x000000000800aa68                _ZTSSt13bad_exception
 .rodata._ZTSN10__cxxabiv119__foreign_exceptionE
                0x000000000800aa7c       0x24 /opt/arm-miosix-eabi/lib/gcc/arm-eabi/4.5.2/../../../../arm-eabi/lib/thumb/thumb2/libstdc++.a(eh_exception.o)
                0x000000000800aa7c                _ZTSN10__cxxabiv119__foreign_exceptionE
 .rodata.str1.4
                0x000000000800aaa0       0x23 /opt/arm-miosix-eabi/lib/gcc/arm-eabi/4.5.2/../../../../arm-eabi/lib/thumb/thumb2/libstdc++.a(eh_exception.o)
                                         0x24 (size before relaxing)
 *fill*         0x000000000800aac3        0x1 00
 .rodata._ZTIN10__cxxabiv119__foreign_exceptionE
                0x000000000800aac4        0x8 /opt/arm-miosix-eabi/lib/gcc/arm-eabi/4.5.2/../../../../arm-eabi/lib/thumb/thumb2/libstdc++.a(eh_exception.o)
                0x000000000800aac4                _ZTIN10__cxxabiv119__foreign_exceptionE
 *fill*         0x000000000800aacc        0x4 00
 .rodata._ZTVSt13bad_exception
                0x000000000800aad0       0x18 /opt/arm-miosix-eabi/lib/gcc/arm-eabi/4.5.2/../../../../arm-eabi/lib/thumb/thumb2/libstdc++.a(eh_exception.o)
                0x000000000800aad0                _ZTVSt13bad_exception
 .rodata._ZTSSt9exception
                0x000000000800aae8       0x10 /opt/arm-miosix-eabi/lib/gcc/arm-eabi/4.5.2/../../../../arm-eabi/lib/thumb/thumb2/libstdc++.a(eh_exception.o)
                0x000000000800aae8                _ZTSSt9exception
 .rodata._ZTSN10__cxxabiv115__forced_unwindE
                0x000000000800aaf8       0x20 /opt/arm-miosix-eabi/lib/gcc/arm-eabi/4.5.2/../../../../arm-eabi/lib/thumb/thumb2/libstdc++.a(eh_exception.o)
                0x000000000800aaf8                _ZTSN10__cxxabiv115__forced_unwindE
 .rodata._ZTISt13bad_exception
                0x000000000800ab18        0xc /opt/arm-miosix-eabi/lib/gcc/arm-eabi/4.5.2/../../../../arm-eabi/lib/thumb/thumb2/libstdc++.a(eh_exception.o)
                0x000000000800ab18                _ZTISt13bad_exception
 *fill*         0x000000000800ab24        0x4 00
 .rodata._ZTVN10__cxxabiv120__si_class_type_infoE
                0x000000000800ab28       0x30 /opt/arm-miosix-eabi/lib/gcc/arm-eabi/4.5.2/../../../../arm-eabi/lib/thumb/thumb2/libstdc++.a(si_class_type_info.o)
                0x000000000800ab28                _ZTVN10__cxxabiv120__si_class_type_infoE
 .rodata._ZTIN10__cxxabiv120__si_class_type_infoE
                0x000000000800ab58        0xc /opt/arm-miosix-eabi/lib/gcc/arm-eabi/4.5.2/../../../../arm-eabi/lib/thumb/thumb2/libstdc++.a(si_class_type_info.o)
                0x000000000800ab58                _ZTIN10__cxxabiv120__si_class_type_infoE
 .rodata._ZTSN10__cxxabiv120__si_class_type_infoE
                0x000000000800ab64       0x28 /opt/arm-miosix-eabi/lib/gcc/arm-eabi/4.5.2/../../../../arm-eabi/lib/thumb/thumb2/libstdc++.a(si_class_type_info.o)
                0x000000000800ab64                _ZTSN10__cxxabiv120__si_class_type_infoE
 .rodata._ZTISt9type_info
                0x000000000800ab8c        0x8 /opt/arm-miosix-eabi/lib/gcc/arm-eabi/4.5.2/../../../../arm-eabi/lib/thumb/thumb2/libstdc++.a(tinfo.o)
                0x000000000800ab8c                _ZTISt9type_info
 .rodata._ZTSSt9type_info
                0x000000000800ab94       0x10 /opt/arm-miosix-eabi/lib/gcc/arm-eabi/4.5.2/../../../../arm-eabi/lib/thumb/thumb2/libstdc++.a(tinfo.o)
                0x000000000800ab94                _ZTSSt9type_info
 *fill*         0x000000000800aba4        0x4 00
 .rodata._ZTVSt9type_info
                0x000000000800aba8       0x20 /opt/arm-miosix-eabi/lib/gcc/arm-eabi/4.5.2/../../../../arm-eabi/lib/thumb/thumb2/libstdc++.a(tinfo.o)
                0x000000000800aba8                _ZTVSt9type_info
 .rodata._ZTVN10__cxxabiv117__class_type_infoE
                0x000000000800abc8       0x30 /opt/arm-miosix-eabi/lib/gcc/arm-eabi/4.5.2/../../../../arm-eabi/lib/thumb/thumb2/libstdc++.a(class_type_info.o)
                0x000000000800abc8                _ZTVN10__cxxabiv117__class_type_infoE
 .rodata._ZTIN10__cxxabiv117__class_type_infoE
                0x000000000800abf8        0xc /opt/arm-miosix-eabi/lib/gcc/arm-eabi/4.5.2/../../../../arm-eabi/lib/thumb/thumb2/libstdc++.a(class_type_info.o)
                0x000000000800abf8                _ZTIN10__cxxabiv117__class_type_infoE
 .rodata._ZTSN10__cxxabiv117__class_type_infoE
                0x000000000800ac04       0x24 /opt/arm-miosix-eabi/lib/gcc/arm-eabi/4.5.2/../../../../arm-eabi/lib/thumb/thumb2/libstdc++.a(class_type_info.o)
                0x000000000800ac04                _ZTSN10__cxxabiv117__class_type_infoE
 .rodata._ZTVSt9bad_alloc
                0x000000000800ac28       0x18 /opt/arm-miosix-eabi/lib/gcc/arm-eabi/4.5.2/../../../../arm-eabi/lib/thumb/thumb2/libstdc++.a(new_handler.o)
                0x000000000800ac28                _ZTVSt9bad_alloc
 .rodata._ZTSSt9bad_alloc
                0x000000000800ac40       0x10 /opt/arm-miosix-eabi/lib/gcc/arm-eabi/4.5.2/../../../../arm-eabi/lib/thumb/thumb2/libstdc++.a(new_handler.o)
                0x000000000800ac40                _ZTSSt9bad_alloc
 .rodata._ZTISt9bad_alloc
                0x000000000800ac50        0xc /opt/arm-miosix-eabi/lib/gcc/arm-eabi/4.5.2/../../../../arm-eabi/lib/thumb/thumb2/libstdc++.a(new_handler.o)
                0x000000000800ac50                _ZTISt9bad_alloc
 .rodata.str1.4
                0x000000000800ac5c        0xf /opt/arm-miosix-eabi/lib/gcc/arm-eabi/4.5.2/../../../../arm-eabi/lib/thumb/thumb2/libstdc++.a(new_handler.o)
                                         0x10 (size before relaxing)
 *fill*         0x000000000800ac6b        0x1 00
 .rodata._ZTIPv
                0x000000000800ac6c       0x10 /opt/arm-miosix-eabi/lib/gcc/arm-eabi/4.5.2/../../../../arm-eabi/lib/thumb/thumb2/libstdc++.a(fundamental_type_info.o)
                0x000000000800ac6c                _ZTIPv
 .rodata._ZTIv  0x000000000800ac7c        0x8 /opt/arm-miosix-eabi/lib/gcc/arm-eabi/4.5.2/../../../../arm-eabi/lib/thumb/thumb2/libstdc++.a(fundamental_type_info.o)
                0x000000000800ac7c                _ZTIv
 .rodata._ZTSPv
                0x000000000800ac84        0x4 /opt/arm-miosix-eabi/lib/gcc/arm-eabi/4.5.2/../../../../arm-eabi/lib/thumb/thumb2/libstdc++.a(fundamental_type_info.o)
                0x000000000800ac84                _ZTSPv
 .rodata._ZTSv  0x000000000800ac88        0x4 /opt/arm-miosix-eabi/lib/gcc/arm-eabi/4.5.2/../../../../arm-eabi/lib/thumb/thumb2/libstdc++.a(fundamental_type_info.o)
                0x000000000800ac88                _ZTSv
 .rodata._ZTIN10__cxxabiv123__fundamental_type_infoE
                0x000000000800ac8c        0xc /opt/arm-miosix-eabi/lib/gcc/arm-eabi/4.5.2/../../../../arm-eabi/lib/thumb/thumb2/libstdc++.a(fundamental_type_info.o)
                0x000000000800ac8c                _ZTIN10__cxxabiv123__fundamental_type_infoE
 .rodata._ZTSN10__cxxabiv123__fundamental_type_infoE
                0x000000000800ac98       0x28 /opt/arm-miosix-eabi/lib/gcc/arm-eabi/4.5.2/../../../../arm-eabi/lib/thumb/thumb2/libstdc++.a(fundamental_type_info.o)
                0x000000000800ac98                _ZTSN10__cxxabiv123__fundamental_type_infoE
 .rodata._ZTVN10__cxxabiv123__fundamental_type_infoE
                0x000000000800acc0       0x20 /opt/arm-miosix-eabi/lib/gcc/arm-eabi/4.5.2/../../../../arm-eabi/lib/thumb/thumb2/libstdc++.a(fundamental_type_info.o)
                0x000000000800acc0                _ZTVN10__cxxabiv123__fundamental_type_infoE
 .rodata._ZTIN9__gnu_cxx24__concurrence_lock_errorE
                0x000000000800ace0        0xc /opt/arm-miosix-eabi/lib/gcc/arm-eabi/4.5.2/../../../../arm-eabi/lib/thumb/thumb2/libstdc++.a(eh_alloc.o)
                0x000000000800ace0                _ZTIN9__gnu_cxx24__concurrence_lock_errorE
 *fill*         0x000000000800acec        0x4 00
 .rodata._ZTVN9__gnu_cxx24__concurrence_lock_errorE
                0x000000000800acf0       0x18 /opt/arm-miosix-eabi/lib/gcc/arm-eabi/4.5.2/../../../../arm-eabi/lib/thumb/thumb2/libstdc++.a(eh_alloc.o)
                0x000000000800acf0                _ZTVN9__gnu_cxx24__concurrence_lock_errorE
 .rodata._ZTIN9__gnu_cxx26__concurrence_unlock_errorE
                0x000000000800ad08        0xc /opt/arm-miosix-eabi/lib/gcc/arm-eabi/4.5.2/../../../../arm-eabi/lib/thumb/thumb2/libstdc++.a(eh_alloc.o)
                0x000000000800ad08                _ZTIN9__gnu_cxx26__concurrence_unlock_errorE
 *fill*         0x000000000800ad14        0x4 00
 .rodata._ZTVN9__gnu_cxx26__concurrence_unlock_errorE
                0x000000000800ad18       0x18 /opt/arm-miosix-eabi/lib/gcc/arm-eabi/4.5.2/../../../../arm-eabi/lib/thumb/thumb2/libstdc++.a(eh_alloc.o)
                0x000000000800ad18                _ZTVN9__gnu_cxx26__concurrence_unlock_errorE
 .rodata._ZTSN9__gnu_cxx24__concurrence_lock_errorE
                0x000000000800ad30       0x28 /opt/arm-miosix-eabi/lib/gcc/arm-eabi/4.5.2/../../../../arm-eabi/lib/thumb/thumb2/libstdc++.a(eh_alloc.o)
                0x000000000800ad30                _ZTSN9__gnu_cxx24__concurrence_lock_errorE
 .rodata._ZTSN9__gnu_cxx26__concurrence_unlock_errorE
                0x000000000800ad58       0x2c /opt/arm-miosix-eabi/lib/gcc/arm-eabi/4.5.2/../../../../arm-eabi/lib/thumb/thumb2/libstdc++.a(eh_alloc.o)
                0x000000000800ad58                _ZTSN9__gnu_cxx26__concurrence_unlock_errorE
 .rodata.str1.4
                0x000000000800ad84       0x4a /opt/arm-miosix-eabi/lib/gcc/arm-eabi/4.5.2/../../../../arm-eabi/lib/thumb/thumb2/libstdc++.a(eh_alloc.o)
                                         0x4c (size before relaxing)
 *fill*         0x000000000800adce        0x2 00
 .rodata._ZTVSt10bad_typeid
                0x000000000800add0       0x18 /opt/arm-miosix-eabi/lib/gcc/arm-eabi/4.5.2/../../../../arm-eabi/lib/thumb/thumb2/libstdc++.a(bad_typeid.o)
                0x000000000800add0                _ZTVSt10bad_typeid
 .rodata._ZTISt10bad_typeid
                0x000000000800ade8        0xc /opt/arm-miosix-eabi/lib/gcc/arm-eabi/4.5.2/../../../../arm-eabi/lib/thumb/thumb2/libstdc++.a(bad_typeid.o)
                0x000000000800ade8                _ZTISt10bad_typeid
 .rodata.str1.4
                0x000000000800adf4       0x10 /opt/arm-miosix-eabi/lib/gcc/arm-eabi/4.5.2/../../../../arm-eabi/lib/thumb/thumb2/libstdc++.a(bad_typeid.o)
 .rodata._ZTSSt10bad_typeid
                0x000000000800ae04       0x10 /opt/arm-miosix-eabi/lib/gcc/arm-eabi/4.5.2/../../../../arm-eabi/lib/thumb/thumb2/libstdc++.a(bad_typeid.o)
                0x000000000800ae04                _ZTSSt10bad_typeid
 .rodata._ZTSN10__cxxabiv119__pointer_type_infoE
                0x000000000800ae14       0x24 /opt/arm-miosix-eabi/lib/gcc/arm-eabi/4.5.2/../../../../arm-eabi/lib/thumb/thumb2/libstdc++.a(pointer_type_info.o)
                0x000000000800ae14                _ZTSN10__cxxabiv119__pointer_type_infoE
 .rodata._ZTIN10__cxxabiv119__pointer_type_infoE
                0x000000000800ae38        0xc /opt/arm-miosix-eabi/lib/gcc/arm-eabi/4.5.2/../../../../arm-eabi/lib/thumb/thumb2/libstdc++.a(pointer_type_info.o)
                0x000000000800ae38                _ZTIN10__cxxabiv119__pointer_type_infoE
 *fill*         0x000000000800ae44        0x4 00
 .rodata._ZTVN10__cxxabiv119__pointer_type_infoE
                0x000000000800ae48       0x28 /opt/arm-miosix-eabi/lib/gcc/arm-eabi/4.5.2/../../../../arm-eabi/lib/thumb/thumb2/libstdc++.a(pointer_type_info.o)
                0x000000000800ae48                _ZTVN10__cxxabiv119__pointer_type_infoE
 .rodata._ZTIN10__cxxabiv117__pbase_type_infoE
                0x000000000800ae70        0xc /opt/arm-miosix-eabi/lib/gcc/arm-eabi/4.5.2/../../../../arm-eabi/lib/thumb/thumb2/libstdc++.a(pbase_type_info.o)
                0x000000000800ae70                _ZTIN10__cxxabiv117__pbase_type_infoE
 .rodata._ZTSN10__cxxabiv117__pbase_type_infoE
                0x000000000800ae7c       0x24 /opt/arm-miosix-eabi/lib/gcc/arm-eabi/4.5.2/../../../../arm-eabi/lib/thumb/thumb2/libstdc++.a(pbase_type_info.o)
                0x000000000800ae7c                _ZTSN10__cxxabiv117__pbase_type_infoE
 .rodata._ZTVN10__cxxabiv117__pbase_type_infoE
                0x000000000800aea0       0x28 /opt/arm-miosix-eabi/lib/gcc/arm-eabi/4.5.2/../../../../arm-eabi/lib/thumb/thumb2/libstdc++.a(pbase_type_info.o)
                0x000000000800aea0                _ZTVN10__cxxabiv117__pbase_type_infoE
 .rodata.str1.4
                0x000000000800aec8        0x2 /opt/arm-miosix-eabi/lib/gcc/arm-eabi/4.5.2/../../../../arm-eabi/lib/thumb/thumb2/libc.a(lib_a-impure.o)